03-08 14:58:21.498  4541  4679 W LauncherClient[u0]: isConnected false because mOverlay is null
03-08 14:58:21.498  4541  4679 W LauncherClient[u0]: isAssistScreenEnable, not connected!
03-08 14:58:21.506  4541  4679 W LauncherClient[u0]: isConnected false because mOverlay is null
03-08 14:58:21.506  4541  4679 W LauncherClient[u0]: isAssistScreenEnable, not connected!
03-08 14:58:21.515  4541  4679 W LauncherClient[u0]: isConnected false because mOverlay is null
03-08 14:58:21.515  4541  4679 W LauncherClient[u0]: isAssistScreenEnable, not connected!
03-08 14:58:21.523  1666 24590 I sensors-hal: handle_oplus_wise_rgb_event:216, wise_rgb:algo_type = 3
03-08 14:58:21.523  1666 24590 I sensors-hal: handle_oplus_wise_rgb_event:271, wise_rgb: raw_lux 82.882500, raw_cct 5432.666992, r/g/b/c: 11954.590820/7801.063965/5298.561035/20452.886719, R/G/B: 0.000000/0.000000/0.000000, brl 1529.000000, lux: 82.882500, cct: 5432.666992, ts 7519097209646, cnt 37378
03-08 14:58:21.523  4541  4679 W LauncherClient[u0]: isConnected false because mOverlay is null
03-08 14:58:21.523  4541  4679 W LauncherClient[u0]: isAssistScreenEnable, not connected!
03-08 14:58:21.532  4541  4679 W LauncherClient[u0]: isConnected false because mOverlay is null
03-08 14:58:21.532  4541  4679 W LauncherClient[u0]: isAssistScreenEnable, not connected!
03-08 14:58:21.540  4541  4679 W LauncherClient[u0]: isConnected false because mOverlay is null
03-08 14:58:21.540  4541  4679 W LauncherClient[u0]: isAssistScreenEnable, not connected!
03-08 14:58:21.548  4541  4679 W LauncherClient[u0]: isConnected false because mOverlay is null
03-08 14:58:21.548  4541  4679 W LauncherClient[u0]: isAssistScreenEnable, not connected!
03-08 14:58:21.556  4541  4679 W LauncherClient[u0]: isConnected false because mOverlay is null
03-08 14:58:21.556  4541  4679 W LauncherClient[u0]: isAssistScreenEnable, not connected!
03-08 14:58:21.564  4541  4679 W LauncherClient[u0]: isConnected false because mOverlay is null
03-08 14:58:21.564  4541  4679 W LauncherClient[u0]: isAssistScreenEnable, not connected!
03-08 14:58:21.573  4541  4679 W LauncherClient[u0]: isConnected false because mOverlay is null
03-08 14:58:21.573  4541  4679 W LauncherClient[u0]: isAssistScreenEnable, not connected!
03-08 14:58:21.581  4541  4679 W LauncherClient[u0]: isConnected false because mOverlay is null
03-08 14:58:21.581  4541  4679 W LauncherClient[u0]: isAssistScreenEnable, not connected!
03-08 14:58:21.589  4541  4679 W LauncherClient[u0]: isConnected false because mOverlay is null
03-08 14:58:21.589  4541  4679 W LauncherClient[u0]: isAssistScreenEnable, not connected!
03-08 14:58:21.598  4541  4679 W LauncherClient[u0]: isConnected false because mOverlay is null
03-08 14:58:21.598  4541  4679 W LauncherClient[u0]: isAssistScreenEnable, not connected!
03-08 14:58:21.606  4541  4679 W LauncherClient[u0]: isConnected false because mOverlay is null
03-08 14:58:21.606  4541  4679 W LauncherClient[u0]: isAssistScreenEnable, not connected!
03-08 14:58:21.615  4541  4679 W LauncherClient[u0]: isConnected false because mOverlay is null
03-08 14:58:21.615  4541  4679 W LauncherClient[u0]: isAssistScreenEnable, not connected!
03-08 14:58:21.623  4541  4679 W LauncherClient[u0]: isConnected false because mOverlay is null
03-08 14:58:21.623  4541  4679 W LauncherClient[u0]: isAssistScreenEnable, not connected!
03-08 14:58:21.631  4541  4679 W LauncherClient[u0]: isConnected false because mOverlay is null
03-08 14:58:21.631  4541  4679 W LauncherClient[u0]: isAssistScreenEnable, not connected!
03-08 14:58:21.639  4541  4679 W LauncherClient[u0]: isConnected false because mOverlay is null
03-08 14:58:21.640  4541  4679 W LauncherClient[u0]: isAssistScreenEnable, not connected!
03-08 14:58:21.648  4541  4679 W LauncherClient[u0]: isConnected false because mOverlay is null
03-08 14:58:21.648  4541  4679 W LauncherClient[u0]: isAssistScreenEnable, not connected!
03-08 14:58:21.656  4541  4679 W LauncherClient[u0]: isConnected false because mOverlay is null
03-08 14:58:21.656  4541  4679 W LauncherClient[u0]: isAssistScreenEnable, not connected!
03-08 14:58:21.664  4541  4679 W LauncherClient[u0]: isConnected false because mOverlay is null
03-08 14:58:21.664  4541  4679 W LauncherClient[u0]: isAssistScreenEnable, not connected!
03-08 14:58:21.672  1666 24590 I sensors-hal: handle_oplus_wise_rgb_event:216, wise_rgb:algo_type = 3
03-08 14:58:21.672  1666 24590 I sensors-hal: handle_oplus_wise_rgb_event:271, wise_rgb: raw_lux 87.842102, raw_cct 4986.980469, r/g/b/c: 12122.697266/7851.533691/5093.007812/20498.923828, R/G/B: 0.000000/0.000000/0.000000, brl 1529.000000, lux: 87.842102, cct: 4986.980469, ts 7519246869125, cnt 37379
03-08 14:58:21.673  4541  4679 W LauncherClient[u0]: isConnected false because mOverlay is null
03-08 14:58:21.673  4541  4679 W LauncherClient[u0]: isAssistScreenEnable, not connected!
03-08 14:58:21.681  4541  4679 W LauncherClient[u0]: isConnected false because mOverlay is null
03-08 14:58:21.681  4541  4679 W LauncherClient[u0]: isAssistScreenEnable, not connected!
03-08 14:58:21.689  4541  4679 W LauncherClient[u0]: isConnected false because mOverlay is null
03-08 14:58:21.689  4541  4679 W LauncherClient[u0]: isAssistScreenEnable, not connected!
03-08 14:58:21.698  4541  4679 W LauncherClient[u0]: isConnected false because mOverlay is null
03-08 14:58:21.698  4541  4679 W LauncherClient[u0]: isAssistScreenEnable, not connected!
03-08 14:58:21.706  4541  4679 W LauncherClient[u0]: isConnected false because mOverlay is null
03-08 14:58:21.706  4541  4679 W LauncherClient[u0]: isAssistScreenEnable, not connected!
03-08 14:58:21.714  4541  4679 W LauncherClient[u0]: isConnected false because mOverlay is null
03-08 14:58:21.715  4541  4679 W LauncherClient[u0]: isAssistScreenEnable, not connected!
03-08 14:58:21.723  4541  4679 W LauncherClient[u0]: isConnected false because mOverlay is null
03-08 14:58:21.723  4541  4679 W LauncherClient[u0]: isAssistScreenEnable, not connected!
03-08 14:58:21.731  4541  4679 W LauncherClient[u0]: isConnected false because mOverlay is null
03-08 14:58:21.731  4541  4679 W LauncherClient[u0]: isAssistScreenEnable, not connected!
03-08 14:58:21.739  4541  4679 W LauncherClient[u0]: isConnected false because mOverlay is null
03-08 14:58:21.739  4541  4679 W LauncherClient[u0]: isAssistScreenEnable, not connected!
03-08 14:58:21.743  4398  5013 D UlPriorityPolicyForeground: match: config has not com.oplus.appdetail
03-08 14:58:21.748  4541  4679 W LauncherClient[u0]: isConnected false because mOverlay is null
03-08 14:58:21.748  4541  4679 W LauncherClient[u0]: isAssistScreenEnable, not connected!
03-08 14:58:21.756  4541  4679 W LauncherClient[u0]: isConnected false because mOverlay is null
03-08 14:58:21.756  4541  4679 W LauncherClient[u0]: isAssistScreenEnable, not connected!
03-08 14:58:21.764  4541  4679 W LauncherClient[u0]: isConnected false because mOverlay is null
03-08 14:58:21.764  4541  4679 W LauncherClient[u0]: isAssistScreenEnable, not connected!
03-08 14:58:21.772  4541  4679 W LauncherClient[u0]: isConnected false because mOverlay is null
03-08 14:58:21.773  4541  4679 W LauncherClient[u0]: isAssistScreenEnable, not connected!
03-08 14:58:21.781  4541  4679 W LauncherClient[u0]: isConnected false because mOverlay is null
03-08 14:58:21.781  4541  4679 W LauncherClient[u0]: isAssistScreenEnable, not connected!
03-08 14:58:21.789  4541  4679 W LauncherClient[u0]: isConnected false because mOverlay is null
03-08 14:58:21.789  4541  4679 W LauncherClient[u0]: isAssistScreenEnable, not connected!
03-08 14:58:21.797  4541  4679 W LauncherClient[u0]: isConnected false because mOverlay is null
03-08 14:58:21.797  4541  4679 W LauncherClient[u0]: isAssistScreenEnable, not connected!
03-08 14:58:21.806  4541  4679 W LauncherClient[u0]: isConnected false because mOverlay is null
03-08 14:58:21.806  4541  4679 W LauncherClient[u0]: isAssistScreenEnable, not connected!
03-08 14:58:21.814  4541  4679 W LauncherClient[u0]: isConnected false because mOverlay is null
03-08 14:58:21.814  4541  4679 W LauncherClient[u0]: isAssistScreenEnable, not connected!
03-08 14:58:21.822  1666 24590 I sensors-hal: handle_oplus_wise_rgb_event:216, wise_rgb:algo_type = 3
03-08 14:58:21.822  1666 24590 I sensors-hal: get_brightness:1643, light_iface: get_brightness, brl 1529, pwm_turbo_on 0/0, hbm_dc 0
03-08 14:58:21.822  1666 24590 I sensors-hal: handle_oplus_wise_rgb_event:271, wise_rgb: raw_lux 87.251694, raw_cct 5020.574219, r/g/b/c: 12082.594727/7744.083008/5110.515625/20513.460938, R/G/B: 0.000000/0.000000/0.000000, brl 1529.000000, lux: 87.251694, cct: 5020.574219, ts 7519396513240, cnt 37380
03-08 14:58:21.822  4541  4679 W LauncherClient[u0]: isConnected false because mOverlay is null
03-08 14:58:21.822  4541  4679 W LauncherClient[u0]: isAssistScreenEnable, not connected!
03-08 14:58:21.831  4541  4679 W LauncherClient[u0]: isConnected false because mOverlay is null
03-08 14:58:21.831  4541  4679 W LauncherClient[u0]: isAssistScreenEnable, not connected!
03-08 14:58:21.839  4541  4679 W LauncherClient[u0]: isConnected false because mOverlay is null
03-08 14:58:21.839  4541  4679 W LauncherClient[u0]: isAssistScreenEnable, not connected!
03-08 14:58:21.847  4541  4679 W LauncherClient[u0]: isConnected false because mOverlay is null
03-08 14:58:21.847  4541  4679 W LauncherClient[u0]: isAssistScreenEnable, not connected!
03-08 14:58:21.856  4541  4679 W LauncherClient[u0]: isConnected false because mOverlay is null
03-08 14:58:21.856  4541  4679 W LauncherClient[u0]: isAssistScreenEnable, not connected!
03-08 14:58:21.864  4541  4679 W LauncherClient[u0]: isConnected false because mOverlay is null
03-08 14:58:21.864  4541  4679 W LauncherClient[u0]: isAssistScreenEnable, not connected!
03-08 14:58:21.872  4541  4679 W LauncherClient[u0]: isConnected false because mOverlay is null
03-08 14:58:21.872  4541  4679 W LauncherClient[u0]: isAssistScreenEnable, not connected!
03-08 14:58:21.881  4541  4679 W LauncherClient[u0]: isConnected false because mOverlay is null
03-08 14:58:21.881  4541  4679 W LauncherClient[u0]: isAssistScreenEnable, not connected!
03-08 14:58:21.889  4541  4679 W LauncherClient[u0]: isConnected false because mOverlay is null
03-08 14:58:21.889  4541  4679 W LauncherClient[u0]: isAssistScreenEnable, not connected!
03-08 14:58:21.897  4541  4679 W LauncherClient[u0]: isConnected false because mOverlay is null
03-08 14:58:21.897  4541  4679 W LauncherClient[u0]: isAssistScreenEnable, not connected!
03-08 14:58:21.905  4541  4679 W LauncherClient[u0]: isConnected false because mOverlay is null
03-08 14:58:21.905  4541  4679 W LauncherClient[u0]: isAssistScreenEnable, not connected!
03-08 14:58:21.914  4541  4679 W LauncherClient[u0]: isConnected false because mOverlay is null
03-08 14:58:21.914  4541  4679 W LauncherClient[u0]: isAssistScreenEnable, not connected!
03-08 14:58:21.922  4541  4679 W LauncherClient[u0]: isConnected false because mOverlay is null
03-08 14:58:21.922  4541  4679 W LauncherClient[u0]: isAssistScreenEnable, not connected!
03-08 14:58:21.931  4541  4679 W LauncherClient[u0]: isConnected false because mOverlay is null
03-08 14:58:21.931  4541  4679 W LauncherClient[u0]: isAssistScreenEnable, not connected!
03-08 14:58:21.939  4541  4679 W LauncherClient[u0]: isConnected false because mOverlay is null
03-08 14:58:21.939  4541  4679 W LauncherClient[u0]: isAssistScreenEnable, not connected!
03-08 14:58:21.947  4541  4679 W LauncherClient[u0]: isConnected false because mOverlay is null
03-08 14:58:21.947  4541  4679 W LauncherClient[u0]: isAssistScreenEnable, not connected!
03-08 14:58:21.955  4541  4679 W LauncherClient[u0]: isConnected false because mOverlay is null
03-08 14:58:21.955  4541  4679 W LauncherClient[u0]: isAssistScreenEnable, not connected!
03-08 14:58:21.964  4541  4679 W LauncherClient[u0]: isConnected false because mOverlay is null
03-08 14:58:21.964  4541  4679 W LauncherClient[u0]: isAssistScreenEnable, not connected!
03-08 14:58:21.972  1666 24590 I sensors-hal: handle_oplus_wise_rgb_event:216, wise_rgb:algo_type = 3
03-08 14:58:21.972  1666 24590 I sensors-hal: handle_oplus_wise_rgb_event:271, wise_rgb: raw_lux 82.184952, raw_cct 5383.909180, r/g/b/c: 11979.902344/7647.632812/5289.552246/20550.242188, R/G/B: 0.000000/0.000000/0.000000, brl 1529.000000, lux: 82.184952, cct: 5383.909180, ts 7519546170740, cnt 37381
03-08 14:58:21.972  4541  4679 W LauncherClient[u0]: isConnected false because mOverlay is null
03-08 14:58:21.972  4541  4679 W LauncherClient[u0]: isAssistScreenEnable, not connected!
03-08 14:58:21.980  4541  4679 W LauncherClient[u0]: isConnected false because mOverlay is null
03-08 14:58:21.980  4541  4679 W LauncherClient[u0]: isAssistScreenEnable, not connected!
03-08 14:58:21.989  4541  4679 W LauncherClient[u0]: isConnected false because mOverlay is null
03-08 14:58:21.989  4541  4679 W LauncherClient[u0]: isAssistScreenEnable, not connected!
03-08 14:58:21.997  4541  4679 W LauncherClient[u0]: isConnected false because mOverlay is null
03-08 14:58:21.997  4541  4679 W LauncherClient[u0]: isAssistScreenEnable, not connected!
03-08 14:58:22.005  4541  4679 W LauncherClient[u0]: isConnected false because mOverlay is null
03-08 14:58:22.005  4541  4679 W LauncherClient[u0]: isAssistScreenEnable, not connected!
03-08 14:58:22.014  4541  4679 W LauncherClient[u0]: isConnected false because mOverlay is null
03-08 14:58:22.014  4541  4679 W LauncherClient[u0]: isAssistScreenEnable, not connected!
03-08 14:58:22.022  4541  4679 W LauncherClient[u0]: isConnected false because mOverlay is null
03-08 14:58:22.022  4541  4679 W LauncherClient[u0]: isAssistScreenEnable, not connected!
03-08 14:58:22.027  1839  1890 D BatteryChargeControl: bcc get no support from charging protocol
03-08 14:58:22.030  4541  4679 W LauncherClient[u0]: isConnected false because mOverlay is null
03-08 14:58:22.030  4541  4679 W LauncherClient[u0]: isAssistScreenEnable, not connected!
03-08 14:58:22.039  4541  4679 W LauncherClient[u0]: isConnected false because mOverlay is null
03-08 14:58:22.039  4541  4679 W LauncherClient[u0]: isAssistScreenEnable, not connected!
03-08 14:58:22.047  4541  4679 W LauncherClient[u0]: isConnected false because mOverlay is null
03-08 14:58:22.047  4541  4679 W LauncherClient[u0]: isAssistScreenEnable, not connected!
03-08 14:58:22.054  4398  6020 D TelephonyImpl: getRealNrState start:1
03-08 14:58:22.055  4541  4679 W LauncherClient[u0]: isConnected false because mOverlay is null
03-08 14:58:22.055  4541  4679 W LauncherClient[u0]: isAssistScreenEnable, not connected!
03-08 14:58:22.063  4541  4679 W LauncherClient[u0]: isConnected false because mOverlay is null
03-08 14:58:22.063  4541  4679 W LauncherClient[u0]: isAssistScreenEnable, not connected!
03-08 14:58:22.072  4541  4679 W LauncherClient[u0]: isConnected false because mOverlay is null
03-08 14:58:22.072  4541  4679 W LauncherClient[u0]: isAssistScreenEnable, not connected!
03-08 14:58:22.080  4541  4679 W LauncherClient[u0]: isConnected false because mOverlay is null
03-08 14:58:22.080  4541  4679 W LauncherClient[u0]: isAssistScreenEnable, not connected!
03-08 14:58:22.088  4541  4679 W LauncherClient[u0]: isConnected false because mOverlay is null
03-08 14:58:22.088  4541  4679 W LauncherClient[u0]: isAssistScreenEnable, not connected!
03-08 14:58:22.097  4541  4679 W LauncherClient[u0]: isConnected false because mOverlay is null
03-08 14:58:22.097  4541  4679 W LauncherClient[u0]: isAssistScreenEnable, not connected!
03-08 14:58:22.105  4541  4679 W LauncherClient[u0]: isConnected false because mOverlay is null
03-08 14:58:22.105  4541  4679 W LauncherClient[u0]: isAssistScreenEnable, not connected!
03-08 14:58:22.113  4541  4679 W LauncherClient[u0]: isConnected false because mOverlay is null
03-08 14:58:22.113  4541  4679 W LauncherClient[u0]: isAssistScreenEnable, not connected!
03-08 14:58:22.121  1666 24590 I sensors-hal: handle_oplus_wise_rgb_event:216, wise_rgb:algo_type = 3
03-08 14:58:22.121  1666 24590 I sensors-hal: handle_oplus_wise_rgb_event:271, wise_rgb: raw_lux 80.996704, raw_cct 5318.205078, r/g/b/c: 12065.662109/7581.086426/5145.687988/20421.250000, R/G/B: 0.000000/0.000000/0.000000, brl 1529.000000, lux: 80.996704, cct: 5318.205078, ts 7519695843136, cnt 37382
03-08 14:58:22.122  4541  4679 W LauncherClient[u0]: isConnected false because mOverlay is null
03-08 14:58:22.122  4541  4679 W LauncherClient[u0]: isAssistScreenEnable, not connected!
03-08 14:58:22.130  4541  4679 W LauncherClient[u0]: isConnected false because mOverlay is null
03-08 14:58:22.130  4541  4679 W LauncherClient[u0]: isAssistScreenEnable, not connected!
03-08 14:58:22.139  4541  4679 W LauncherClient[u0]: isConnected false because mOverlay is null
03-08 14:58:22.139  4541  4679 W LauncherClient[u0]: isAssistScreenEnable, not connected!
03-08 14:58:22.147  4541  4679 W LauncherClient[u0]: isConnected false because mOverlay is null
03-08 14:58:22.147  4541  4679 W LauncherClient[u0]: isAssistScreenEnable, not connected!
03-08 14:58:22.155  4541  4679 W LauncherClient[u0]: isConnected false because mOverlay is null
03-08 14:58:22.155  4541  4679 W LauncherClient[u0]: isAssistScreenEnable, not connected!
03-08 14:58:22.163  4541  4679 W LauncherClient[u0]: isConnected false because mOverlay is null
03-08 14:58:22.163  4541  4679 W LauncherClient[u0]: isAssistScreenEnable, not connected!
03-08 14:58:22.166  4398  5013 D CommonApp-104-10077: transport layer data is invalid
03-08 14:58:22.168  4398  5013 D CommonApp-104-10013: transport layer data is invalid
03-08 14:58:22.172  4541  4679 W LauncherClient[u0]: isConnected false because mOverlay is null
03-08 14:58:22.172  4541  4679 W LauncherClient[u0]: isAssistScreenEnable, not connected!
03-08 14:58:22.180  4541  4679 W LauncherClient[u0]: isConnected false because mOverlay is null
03-08 14:58:22.180  4541  4679 W LauncherClient[u0]: isAssistScreenEnable, not connected!
03-08 14:58:22.188  4541  4679 W LauncherClient[u0]: isConnected false because mOverlay is null
03-08 14:58:22.188  4541  4679 W LauncherClient[u0]: isAssistScreenEnable, not connected!
03-08 14:58:22.196  4541  4679 W LauncherClient[u0]: isConnected false because mOverlay is null
03-08 14:58:22.197  4541  4679 W LauncherClient[u0]: isAssistScreenEnable, not connected!
03-08 14:58:22.205  4541  4679 W LauncherClient[u0]: isConnected false because mOverlay is null
03-08 14:58:22.205  4541  4679 W LauncherClient[u0]: isAssistScreenEnable, not connected!
03-08 14:58:22.207  1839  1839 D vendor.oplus.hardware.charger-V6-service: get_ui_charge_icon_type 0 0 0 0 0
03-08 14:58:22.208  1839  1839 D vendor.oplus.hardware.charger-V6-service: oplus_chg_get_cpa_power 7500 charge_online 1 retention_topic 0
03-08 14:58:22.208  1839  1839 D vendor.oplus.hardware.charger-V6-service: oplus_chg_get_cpa_power 7500 charge_online 1 retention_topic 0
03-08 14:58:22.208  1839  1839 D vendor.oplus.hardware.charger-V6-service: getIsSingleHyperSupport=2, cpa_power=7
03-08 14:58:22.208  1839  1839 E vendor.oplus.hardware.charger-V6-service: Failed to open the file: /sys/class/oplus_chg/common/plc. Error 2: No such file or directory
03-08 14:58:22.213  4541  4679 W LauncherClient[u0]: isConnected false because mOverlay is null
03-08 14:58:22.213  4541  4679 W LauncherClient[u0]: isAssistScreenEnable, not connected!
03-08 14:58:22.221  4541  4679 W LauncherClient[u0]: isConnected false because mOverlay is null
03-08 14:58:22.221  4541  4679 W LauncherClient[u0]: isAssistScreenEnable, not connected!
03-08 14:58:22.224  4541  4680 I RemoteAnimationRunnerCompat: animationFinishedCallback run
03-08 14:58:22.225  4541  4541 E IJankManager: latencySceneEnd unknown scene 2 mScene:-1
03-08 14:58:22.225  4541  4541 I [UAH_CLIENT]: UahRelease, handle:10820
03-08 14:58:22.226  4317 27145 D OplusShellTransition: RemoteTransitionHandlerandroid.os.BinderProxy@e985f28, onTransitionFinished thread=425, true
03-08 14:58:22.226  4317  4362 D OplusShellTransition: RemoteTransitionHandlerandroid.os.BinderProxy@e985f28, onTransitionFinished, finishTransaction.mNativeObject=-5476376648374793216, thread=37
03-08 14:58:22.228  4317  4362 V WindowManagerShell: Transition animation finished (aborted=false), notifying core (#158) android.os.BinderProxy@e985f28@0
03-08 14:58:22.228  4317  4362 W OplusShellTransition: RecentsTransitionHandler.getRecentController: no controller found , token=android.os.BinderProxy@e985f28
03-08 14:58:22.228  4317  4362 D SplitScreen-->AppLockManager: setStartFromSafeControl mStartFromSafeControl=false
03-08 14:58:22.232  3191  4951 D Transition: finishTransition ar ActivityRecord{633887 u0 com.wlav.stlauncher/.MainActivity t9050 f} isExiting}, isVisibleRequested=false, state=DESTROYED, visibleAtTransitionEndTokens={ActivityRecord{64a996e u0 com.android.launcher/.Launcher t2}, WallpaperWindowToken{6ebc333 token=android.os.Binder@889f78d showWhenLocked=false}}, this=TransitionRecord{8a72a76 id=158 track=0 type=CLOSE flags=0x0 state=2}
03-08 14:58:22.233  3191  4951 D ActivityTaskManager: commitVisibility: ActivityRecord{633887 u0 com.wlav.stlauncher/.MainActivity t9050 f} isExiting}: visible=false visibleRequested=false, isInTransition=false, runningAnimation=false 
03-08 14:58:22.233  3191  4951 D WindowManager: NFW_setClientVisible:ActivityRecord{633887 u0 com.wlav.stlauncher/.MainActivity t9050 f} isExiting} clientVisible:false
03-08 14:58:22.233  3191  4951 W ActivityManager: pid 3191 system sent binder code 7 with flags 1 to frozen apps and got error -32
03-08 14:58:22.233  3191  4951 D ActivityManager: Too many transaction errors, throttling freezer binder callback.
03-08 14:58:22.233  3191  4951 W WindowManager: Exception thrown during dispatchAppVisibility Window{a3b41cf u0 com.wlav.stlauncher/com.wlav.stlauncher.MainActivity EXITING}
03-08 14:58:22.233  3191  4951 W WindowManager: android.os.DeadObjectException
03-08 14:58:22.233  3191  4951 W WindowManager: 	at android.os.BinderProxy.transactNative(Native Method)
03-08 14:58:22.233  3191  4951 W WindowManager: 	at android.os.BinderProxy.transact(BinderProxy.java:679)
03-08 14:58:22.233  3191  4951 W WindowManager: 	at android.view.IWindow$Stub$Proxy.dispatchAppVisibility(IWindow.java:607)
03-08 14:58:22.233  3191  4951 W WindowManager: 	at com.android.server.wm.WindowState.sendAppVisibilityToClients(WindowState.java:3733)
03-08 14:58:22.233  3191  4951 W WindowManager: 	at com.android.server.wm.WindowContainer.sendAppVisibilityToClients(WindowContainer.java:1429)
03-08 14:58:22.233  3191  4951 W WindowManager: 	at com.android.server.wm.WindowToken.setClientVisible(WindowToken.java:451)
03-08 14:58:22.233  3191  4951 W WindowManager: 	at com.android.server.wm.ActivityRecord.setClientVisible(ActivityRecord.java:8802)
03-08 14:58:22.233  3191  4951 W WindowManager: 	at com.android.server.wm.ActivityRecord.postApplyAnimation(ActivityRecord.java:7156)
03-08 14:58:22.233  3191  4951 W WindowManager: 	at com.android.server.wm.ActivityRecord.commitVisibility(ActivityRecord.java:7098)
03-08 14:58:22.233  3191  4951 W WindowManager: 	at com.android.server.wm.Transition.finishTransition(Transition.java:1548)
03-08 14:58:22.233  3191  4951 W WindowManager: 	at com.android.server.wm.TransitionController.finishTransition(TransitionController.java:1050)
03-08 14:58:22.233  3191  4951 W WindowManager: 	at com.android.server.wm.WindowOrganizerController.finishTransition(WindowOrganizerController.java:599)
03-08 14:58:22.233  3191  4951 W WindowManager: 	at android.window.IWindowOrganizerController$Stub.onTransact(IWindowOrganizerController.java:386)
03-08 14:58:22.233  3191  4951 W WindowManager: 	at com.android.server.wm.WindowOrganizerController.onTransact(WindowOrganizerController.java:223)
03-08 14:58:22.233  3191  4951 W WindowManager: 	at android.os.Binder.execTransactInternal(Binder.java:1523)
03-08 14:58:22.233  3191  4951 W WindowManager: 	at android.os.Binder.execTransact(Binder.java:1457)
03-08 14:58:22.234  3191  4951 W Process : Unable to open /proc/25505/status
03-08 14:58:22.234  3191  4951 D Transition: finishTransition ar ActivityRecord{64a996e u0 com.android.launcher/.Launcher t2}, isVisibleRequested=true, state=RESUMED, visibleAtTransitionEndTokens={ActivityRecord{64a996e u0 com.android.launcher/.Launcher t2}, WallpaperWindowToken{6ebc333 token=android.os.Binder@889f78d showWhenLocked=false}}, this=TransitionRecord{8a72a76 id=158 track=0 type=CLOSE flags=0x0 state=2}
03-08 14:58:22.234  3191  3310 D WallpaperControllerExtImpl: screenshot + id = 4 userId = 0
03-08 14:58:22.234  3191  4951 I OplusAppSwitchManagerService:  handleAppVisible , r = ActivityRecord{64a996e u0 com.android.launcher/.Launcher t2}
03-08 14:58:22.235  3191  4951 D QuickBackInputPolicy: hasMultiChildrenInTask: false
03-08 14:58:22.235  3191  4951 D WindowManager: NFW_findFocusedWindowIfNeeded:Window{52fa8a8 u0 com.android.launcher/com.android.launcher.Launcher} mCurrentFocus:Window{52fa8a8 u0 com.android.launcher/com.android.launcher.Launcher}
03-08 14:58:22.237  3191  4951 I TaskOrganizerController: onTaskInfoChanged taskid 9050 config { mBounds=Rect(0, 0 - 1240, 2772) mAppBounds=Rect(0, 0 - 1240, 2772) mMaxBounds=Rect(0, 0 - 1240, 2772) mDisplayRotation=ROTATION_0 mWindowingMode=fullscreen mActivityType=standard mAlwaysOnTop=undefined mRotation=ROTATION_0}
03-08 14:58:22.237  3191  4951 D OplusFlexibleWindowMinimizedManagerHelper: onTaskInfoChanged taskInfo:TaskInfo{userId=0 taskId=9050 displayId=0 isRunning=false baseIntent=Intent { flg=0x10000000 cmp=com.wlav.stlauncher/.MainActivity mCallingUid=2000 } baseActivity=null topActivity=null origActivity=null realActivity=ComponentInfo{com.wlav.stlauncher/com.wlav.stlauncher.MainActivity} numActivities=0 lastActiveTime=7420201 supportsSplitScreenMultiWindow=true supportsMultiWindow=true supportsPocketStudioMultiWindow=true isInFlexibleEmbedded = false uid = -1 pid = -1 resizeMode=1 isResizeable=true minWidth=-1 minHeight=-1 defaultMinSize=220 token=WCT{RemoteToken{3cc2203 Task{ffd7bdd #9050 type=standard A=10013:com.wlav.stlauncher}}} topActivityType=1 pictureInPictureParams=null shouldDockBigOverlays=false launchIntoPipHostTaskId=-1 lastParentTaskIdBeforePip=-1 displayCutoutSafeInsets=Rect(0, 139 - 0, 0) topActivityInfo=null launchCookies=[] positionInParent=Point(0, 0) parentTaskId=-1 isFocused=false isVisible=false isVisibleRequested=false isSleeping=false locusId=null displayAreaFeatureId=1 isTopActivityTransparent=false appCompatTaskInfo=AppCompatTaskInfo { topActivityInSizeCompat=false topActivityInOplusCompatMode=false topActivityEligibleForLetterboxEducation= falseisLetterboxEducationEnabled= false isLetterboxDoubleTapEnabled= false topActivityEligibleForUserAspectRatioButton= false topActivityBoundsLetterboxed= false isFromLetterboxDoubleTap= false topActivityLetterboxVerticalPosition= -1 topActivityLetterboxHorizontalPosition= -1 topActivityLetterboxWidth=-1 topActivityLetterboxHeight=-1 isUserFullscreenOverrideEnabled=false isSystemFullscreenOverrideEnabled=false cameraCompatTaskInfo=CameraCompatTaskInfo { cameraCompatControlState=hidden freeformCameraCompatMode=inactive}} topActivityLetterboxInsets=Rect(0, 0 - 0, 0) mOplusExtraBundle = Bundle[{androidx.flexible.taskFrame=Rect(0, 0 - 0, 0), key_flexible_task_state=0, androidx.activity.LaunchScenario=0, androidx.activity.LaunchScale=1.0}]} task:Task{ffd7bdd #9050 type=standard A=10013:com.wlav.stlauncher}
03-08 14:58:22.237  3191  4951 D OplusFlexibleDragToSplitAnimController: visibleFlexibleTaskInfos delete:9050
03-08 14:58:22.237  3191  4951 D ActivityTaskManager: removeAppToken: ActivityRecord{633887 u0 com.wlav.stlauncher/.MainActivity t9050 f}} delayed=false parent=Task{ffd7bdd #9050 type=standard A=10013:com.wlav.stlauncher} animating=false Callers=com.android.server.wm.ActivityRecord.removeImmediately:5384 com.android.server.wm.ActivityRecord.removeIfPossible:5399 com.android.server.wm.ActivityRecord.handleCompleteDeferredRemoval:5405 com.android.server.wm.WindowContainer.handleCompleteDeferredRemoval:1622 
03-08 14:58:22.237  3191  4951 D QuickBackInputPolicy: hasMultiChildrenInTask: false
03-08 14:58:22.237  3191  4951 D WindowManager: NFW_findFocusedWindowIfNeeded:Window{52fa8a8 u0 com.android.launcher/com.android.launcher.Launcher} mCurrentFocus:Window{52fa8a8 u0 com.android.launcher/com.android.launcher.Launcher}
03-08 14:58:22.238  3191  4951 I WindowManager: Window{a3b41cf u0 com.wlav.stlauncher/com.wlav.stlauncher.MainActivity EXITING} state from HAS_DRAWN to NO_SURFACE; reason: destroySurface
03-08 14:58:22.240  3191  4951 D OplusMirageWindowManagerService: onTaskRemoved displayid:0 taskId:9050 callers:com.android.server.wm.MirageWindowManagerExtImpl.onTaskRemoved:47 com.android.server.wm.TaskDisplayArea.removeChildTask:394 com.android.server.wm.TaskDisplayArea.removeChild:383 com.android.server.wm.WindowContainer.removeImmediately:1016 com.android.server.wm.TaskFragment.removeImmediately:3644 
03-08 14:58:22.240  3191  4951 I OplusScreenSecurityMask: onStackRemoved task = Task{ffd7bdd #9050 type=standard A=10013:com.wlav.stlauncher} record = null displayId = 0
03-08 14:58:22.241  3191  4951 D OplusAlwaysAliveManager: removing: 9050, ComponentInfo{com.wlav.stlauncher/com.wlav.stlauncher.MainActivity}
03-08 14:58:22.241  3191  4951 D OplusTransitionController: finishTransition, transition: TransitionRecord{8a72a76 id=158 track=0 type=CLOSE flags=0x0 state=4}
03-08 14:58:22.242  3191  4951 D TransitionController: NFW_send RECOMPUTE_FOCUS in finishTransition
03-08 14:58:22.243  4317  4362 D ShellTaskOrganizer: onTransitionFinish, isRecent:false
03-08 14:58:22.243  4317  4362 V WindowManagerShell: Track 0 became idle
03-08 14:58:22.243  4317  4362 V WindowManagerShell: All active transition animations finished
03-08 14:58:22.243  4317  4362 D ShellTaskOrganizerExt: visibleFlexibleTaskInfos delete:9050
03-08 14:58:22.243  4317  4362 D ShellTaskOrganizerExt: isOnCanvas size:0
03-08 14:58:22.243  4317  4362 D ShellTaskOrganizerExt: isOnThreeFlexibleCanvas size:0
03-08 14:58:22.243  3191  4238 W UserManagerService: Requested status bar icon for non-badged user 0
03-08 14:58:22.244  2010  2417 I SurfaceFlinger: [SF client] REMOVE (0xb4000077e9df4b80) for (3191:system_server)
03-08 14:58:22.245  3191  3280 D OplusFlexibleWindowMinimizedManagerHelper: onTaskVanished taskInfo:9050 task:Task{ffd7bdd #9050 type=standard A=10013:com.wlav.stlauncher}
03-08 14:58:22.245  3191  3280 D OplusFlexibleDragToSplitAnimController: visibleFlexibleTaskInfos delete:9050
03-08 14:58:22.245  3191  3280 D FlexibleTaskController: no need releaseFlexibleCaptionView or destroyFlexibleDragLeash when non-caption-view-task vanished, task=Task{ffd7bdd #9050 type=standard A=10013:com.wlav.stlauncher}
03-08 14:58:22.245  3191  3280 D FlexibleWindowManagerService: notifyFlexibleTaskVanish taskId : 9050 is not taskEmbedded
03-08 14:58:22.245  3191  3280 D FlexibleWindowManagerService: onFlexibleWindowTaskVanished: task = 9050,size:0
03-08 14:58:22.245  3191  3280 D OplusFlexibleWindowMinimizedManagerHelper: onTaskVanished taskInfo:9050 task:Task{ffd7bdd #9050 type=standard A=10013:com.wlav.stlauncher}
03-08 14:58:22.245  4317  4362 D ShellTaskOrganizerExt: visibleFlexibleTaskInfos delete:9050
03-08 14:58:22.245  4317  4362 D ShellTaskOrganizerExt: isOnCanvas size:0
03-08 14:58:22.245  3191  3280 D OplusFlexibleDragToSplitAnimController: visibleFlexibleTaskInfos delete:9050
03-08 14:58:22.245  4317  4362 D ShellTaskOrganizerExt: isOnThreeFlexibleCanvas size:0
03-08 14:58:22.245  3191  3280 D FlexibleTaskController: no need releaseFlexibleCaptionView or destroyFlexibleDragLeash when non-caption-view-task vanished, task=Task{ffd7bdd #9050 type=standard A=10013:com.wlav.stlauncher}
03-08 14:58:22.245  3191  3280 D FlexibleWindowManagerService: notifyFlexibleTaskVanish taskId : 9050 is not taskEmbedded
03-08 14:58:22.245  3191  3280 D FlexibleWindowManagerService: onFlexibleWindowTaskVanished: task = 9050,size:0
03-08 14:58:22.247  3191  3280 D DisplayModeDirector: setAppRequest displayId : 0  modeId: 0  requestedRefreshRate: 0.0  requestedMinRefreshRateRange: 0.0  requestedMaxRefreshRateRange: 0.0
03-08 14:58:22.247  4317  4362 D ZoomController: onTaskRemoved
03-08 14:58:22.247  3191  4238 W UserManagerService: Requested status bar icon for non-badged user 0
03-08 14:58:22.248  4541  4560 I TaskStackChangeListeners: onTaskRemoved(), cur=9050
03-08 14:58:22.248  4541  4678 I SystemUiProxy: SystemUiProxy#getRecentTasks isInGoRecentsAnim: false
03-08 14:58:22.248  4541 10356 I TaskStackChangeListeners: onTaskRemoved(), cur=9050
03-08 14:58:22.249  3191  3279 D QuickBackInputPolicy: hasMultiChildrenInTask: false
03-08 14:58:22.249  3191  3279 D WindowManager: NFW_findFocusedWindowIfNeeded:Window{52fa8a8 u0 com.android.launcher/com.android.launcher.Launcher} mCurrentFocus:Window{52fa8a8 u0 com.android.launcher/com.android.launcher.Launcher}
03-08 14:58:22.249  3191  4951 D ActivityTaskManager: Skipping, invisible task: Task{f5aba88 #2 type=home I=com.android.launcher/.Launcher}
03-08 14:58:22.250  3191  4951 D ActivityTaskManager: pre-Filtered:com.wlav.stlauncher # 
03-08 14:58:22.250  3191  4951 D ActivityTaskManager: after skip size 1
03-08 14:58:22.250  4317  4362 D ZoomController: onTaskRemoved
03-08 14:58:22.253  3191  3313 W UserAwareMgr: event can not be released, id: 2020, count: 2, releasePid: 4541
03-08 14:58:22.256  2010  2010 E BpTransactionCompletedListener: Failed to transact (-32)
03-08 14:58:22.267  3191  3982 V ListServiceUtils: getListValueByUid module:image-processing uid:1000 cost 751us return 0
03-08 14:58:22.268  3191  3982 V JpegEncoderExtImpl: Resolution: 1240 x 2772,support: 0;
03-08 14:58:22.270  1666 24590 I sensors-hal: handle_oplus_wise_rgb_event:216, wise_rgb:algo_type = 3
03-08 14:58:22.270  1666 24590 I sensors-hal: handle_oplus_wise_rgb_event:271, wise_rgb: raw_lux 83.111816, raw_cct 5028.116211, r/g/b/c: 12223.748047/7620.094727/5071.800781/20440.558594, R/G/B: 0.000000/0.000000/0.000000, brl 1529.000000, lux: 83.111816, cct: 5028.116211, ts 7519845508136, cnt 37383
03-08 14:58:22.270  1666 24619 I sensors-hal: handle_oplus_wise_rgb_event:294, oplus wise_rgb sample: (37383)(cct, lux, ir_ratio, r, g, b, c)[5028, 83, 109, 12223, 7620, 5071, 20440]
03-08 14:58:22.333  3191  3779 V AlarmManager: sending alarm Alarm{bb4170d type 2 origWhen 7519916 whenElapsed 7519916 com.tencent.mm} uid 10303 whenElapsed 7519916 windowLength 0 maxWhenElapsed 7519916 repeatInterval 0 action ALARM_ACTION(10000) component null flags 0x9 procName com.tencent.mm:push
03-08 14:58:22.335  9322 10094 I mars::stn: [longlink_connect_monitor.cc:536, OnHeartbeatAlarmReceived]:longlink_progress on_heartbeat_alarm, time: 7519918, is_noop_timeout:false
03-08 14:58:22.338  3191  4004 I LinkPower: [MonitorLeafPushSock] startMonitor app:[uid:10303 pid:-1 name:com.tencent.mm]
03-08 14:58:22.339  3191  4015 E LinkPower: [NetlinkLinkPower] failed to handle netlink msg, recevice netlink NLMSG_ERROR msg!
03-08 14:58:22.343  3191  3654 E JobScheduler.Background: Couldn't determine stopped state for unknown package: com.oplus.onet
03-08 14:58:22.365  1756  6480 E ANDR-PERF-LM: VmRssMeter:: start() 358: Could not find pid, can not collect vmrss data
03-08 14:58:22.366  1756  6480 E ANDR-PERF-LM: AdaptiveLaunch: writeToDataBase() 64: Meter aborted or could not get meter data for this run
03-08 14:58:22.366  1756  6479 E ANDR-PERF-LM: VmRssMeter:: start() 358: Could not find pid, can not collect vmrss data
03-08 14:58:22.367  3191  3982 V ListServiceUtils: getListValueByUid module:image-processing uid:1000 cost 194us return 0
03-08 14:58:22.367  3191  3982 V JpegEncoderExtImpl: Resolution: 620 x 1386,support: 0;
03-08 14:58:22.385  9322 32418 I mars::stn: [longlink_connect_monitor.cc:530, OnHeartbeatAlarmSet]:longlink_progress on_heartbeat_set, time: 7519969, time interval:580000
03-08 14:58:22.387  4541  4854 D OplusScrollToTopManager: com.android.launcher/com.android.launcher.Launcher,This com.android.internal.policy.DecorView{b7c7750 V.E...... R....... 0,0-1240,2772 aid=0 alpha=1.0 viewInfo = }[Launcher] change focus to true
03-08 14:58:22.388  3191  3281 D OplusWallpaperSurfaceAnimation: resetEnable curState: STARTED
03-08 14:58:22.389  3191  3281 D OplusWallpaperAnimationManager: onAnimationEnd
03-08 14:58:22.389  3191  3281 D OplusWallpaperAnimationManager: setSkipUpdateWallpaperPosition skip: false, wallpaper: Window{8679984 u0 false com.android.systemui.wallpapers.ImageWallpaper}
03-08 14:58:22.389  3191  3281 D OplusWallpaperSurfaceAnimation: setAnimationState curState: IDLE
03-08 14:58:22.393  9322 32418 I mars::stn: [longlink_connect_monitor.cc:530, OnHeartbeatAlarmSet]:longlink_progress on_heartbeat_set, time: 7519976, time interval:580000
03-08 14:58:22.393  2456  3348 D QmiClient: qmiServiceEventCallback recv msg id 1099
03-08 14:58:22.394  2456  3348 D QmiVsClient: enter - onQmiServiceEventCallback msgId 1099
03-08 14:58:22.394  2456  3348 D QmiVsClientEvent: QosPeriodReportInd MSG IND data_len 2052
03-08 14:58:22.394  2456  3348 D QmiVsClientEvent: qmiVsClientNotifyQosPeriodReportIndEvent - RADIO_EVENT_QOS_PERIOD_REPORT_NOTIFY_IND
03-08 14:58:22.394  2456  2505 D VsProxy : handleMessage msg is 2420
03-08 14:58:22.394  3191  3839 D InetDiagMessage: Destroyed 0 sockets, proto=IPPROTO_TCP, family=AF_INET, states=14
03-08 14:58:22.394  2456  2505 D VsProxy : handleQosPeriodReportInd for instance 1 data_len 50
03-08 14:58:22.395  4490  5755 D SubsysRadioIndication: [PHONE1]radioQosPeriodReportInd
03-08 14:58:22.395  2456  3358 D QmiClient: qmiServiceEventCallback recv msg id 276
03-08 14:58:22.395  2456  3358 D QmiNasClient: enter : onQmiServiceEventCallback msgId 276
03-08 14:58:22.395  2456  3358 D QmiNasClientEvent: qmiNasClientAccessBarringStatusEvent - RADIO_EVENT_NAS_ACCESS_BARRING_STATUS_IND
03-08 14:58:22.395  2456  2589 D NasProxy: handleMessage msg is 2104
03-08 14:58:22.395  2455  3349 D QmiClient: qmiServiceEventCallback recv msg id 276
03-08 14:58:22.395  2455  3349 D QmiNasClient: enter : onQmiServiceEventCallback msgId 276
03-08 14:58:22.395  2455  3349 D QmiNasClientEvent: qmiNasClientAccessBarringStatusEvent - RADIO_EVENT_NAS_ACCESS_BARRING_STATUS_IND
03-08 14:58:22.396  2455  2623 D NasProxy: handleMessage msg is 2104
03-08 14:58:22.397  3191  3839 D InetDiagMessage: Destroyed 0 sockets, proto=IPPROTO_TCP, family=AF_INET6, states=14
03-08 14:58:22.397  3191  3839 D InetDiagMessage: Destroyed live tcp sockets for uids={10013, 20013} in 5ms
03-08 14:58:22.397  4490  5973 D SubsysRadioIndication: [PHONE0]radioNasAccessBarringStatusInd, NasAccessBarringStatusType: radioIf:12, dataBarringStatus:0, dataBarringTime:0, voiceBarringStatus:0, voiceBarringTime:0, videoBarringStatus:0, videoBarringTime:0
03-08 14:58:22.397  4490  5973 D SubsysRadioIndication: [PHONE0]notify enter
03-08 14:58:22.397  4490  5755 D SubsysRadioIndication: [PHONE1]radioNasAccessBarringStatusInd, NasAccessBarringStatusType: radioIf:12, dataBarringStatus:0, dataBarringTime:0, voiceBarringStatus:0, voiceBarringTime:0, videoBarringStatus:0, videoBarringTime:0
03-08 14:58:22.398  4490  5755 D SubsysRadioIndication: [PHONE1]notify enter
03-08 14:58:22.420  1666 24590 I sensors-hal: handle_oplus_wise_rgb_event:216, wise_rgb:algo_type = 3
03-08 14:58:22.420  1666 24590 I sensors-hal: handle_oplus_wise_rgb_event:271, wise_rgb: raw_lux 84.238632, raw_cct 4950.461914, r/g/b/c: 12265.686523/7634.215332/5060.974121/20432.646484, R/G/B: 0.000000/0.000000/0.000000, brl 1529.000000, lux: 84.238632, cct: 4950.461914, ts 7519995153396, cnt 37384
03-08 14:58:22.477  2456  3348 D QmiClient: qmiServiceEventCallback recv msg id 1100
03-08 14:58:22.477  2456  3348 D QmiVsClient: enter - onQmiServiceEventCallback msgId 1100
03-08 14:58:22.477  2456  3348 D QmiVsClientEvent: QosEventReportInd MSG IND
03-08 14:58:22.477  2456  3348 D QmiVsClientEvent: qmiVsClientNotifyQosEventReportIndEvent - RADIO_EVENT_QOS_EVENT_REPORT_NOTIFY_IND
03-08 14:58:22.478  2456  2505 D VsProxy : handleMessage msg is 2421
03-08 14:58:22.478  2456  3348 D QmiClient: qmiServiceEventCallback recv msg id 1100
03-08 14:58:22.478  2456  3348 D QmiVsClient: enter - onQmiServiceEventCallback msgId 1100
03-08 14:58:22.478  2456  3348 D QmiVsClientEvent: QosEventReportInd MSG IND
03-08 14:58:22.478  2456  2505 D VsProxy : handleQosEventReportInd for instance 1
03-08 14:58:22.478  2456  3348 D QmiVsClientEvent: qmiVsClientNotifyQosEventReportIndEvent - RADIO_EVENT_QOS_EVENT_REPORT_NOTIFY_IND
03-08 14:58:22.479  2456  2505 D VsProxy : handleMessage msg is 2421
03-08 14:58:22.479  2456  2505 D VsProxy : handleQosEventReportInd for instance 1
03-08 14:58:22.479  4490  5755 D SubsysRadioIndication: [PHONE1]radioQosEventReportInd
03-08 14:58:22.480  4490  5755 D SubsysRadioIndication: [PHONE1]radioQosEventReportInd
03-08 14:58:22.528  2456  3389 D QmiClient: qmiServiceEventCallback recv msg id 47
03-08 14:58:22.528  2456  3389 D QmiOttClient: enter : onQmiServiceEventCallback msgId 47
03-08 14:58:22.528  2456  3389 D QmiClient: qmiServiceEventCallback recv msg id 47
03-08 14:58:22.529  2456  3389 D QmiOttClient: enter : onQmiServiceEventCallback msgId 47
03-08 14:58:22.529  2456  2528 D OttProxy: handleMessage msg is 3001
03-08 14:58:22.529  2456  2528 D OttProxy: handleMessage msg is 3001
03-08 14:58:22.530  4490  5755 D SubsysRadioIndication: [PHONE1]radioLinkLatencyInfoInd
03-08 14:58:22.530  4490  5755 D SubsysRadioIndication: [PHONE1]notify enter
03-08 14:58:22.531  4490  5755 D SubsysRadioIndication: [PHONE1]radioLinkLatencyInfoInd
03-08 14:58:22.531  4490  5755 D SubsysRadioIndication: [PHONE1]notify enter
03-08 14:58:22.554  4317  4575 I SystemUi--Statusbar: MobileConnectionRepositoryImpl-->subId:2 isSoftSimCard:false slotId:1
03-08 14:58:22.566  2456  3348 D QmiClient: qmiServiceEventCallback recv msg id 1100
03-08 14:58:22.566  2456  3348 D QmiVsClient: enter - onQmiServiceEventCallback msgId 1100
03-08 14:58:22.566  2456  3348 D QmiVsClientEvent: QosEventReportInd MSG IND
03-08 14:58:22.566  2456  3348 D QmiVsClientEvent: qmiVsClientNotifyQosEventReportIndEvent - RADIO_EVENT_QOS_EVENT_REPORT_NOTIFY_IND
03-08 14:58:22.567  2456  2505 D VsProxy : handleMessage msg is 2421
03-08 14:58:22.567  2456  2505 D VsProxy : handleQosEventReportInd for instance 1
03-08 14:58:22.567  4490  5973 D SubsysRadioIndication: [PHONE1]radioQosEventReportInd
03-08 14:58:22.569  1666 24590 I sensors-hal: handle_oplus_wise_rgb_event:216, wise_rgb:algo_type = 3
03-08 14:58:22.569  1666 24590 I sensors-hal: get_brightness:1643, light_iface: get_brightness, brl 1529, pwm_turbo_on 0/0, hbm_dc 0
03-08 14:58:22.569  1666 24590 I sensors-hal: handle_oplus_wise_rgb_event:271, wise_rgb: raw_lux 82.854507, raw_cct 4954.407227, r/g/b/c: 12291.862305/7537.530762/5048.696777/20485.945312, R/G/B: 0.000000/0.000000/0.000000, brl 1529.000000, lux: 82.854507, cct: 4954.407227, ts 7520144810531, cnt 37385
03-08 14:58:22.605  2456  3389 D QmiClient: qmiServiceEventCallback recv msg id 47
03-08 14:58:22.605  2456  3389 D QmiOttClient: enter : onQmiServiceEventCallback msgId 47
03-08 14:58:22.606  2456  2528 D OttProxy: handleMessage msg is 3001
03-08 14:58:22.607  4490  5973 D SubsysRadioIndication: [PHONE1]radioLinkLatencyInfoInd
03-08 14:58:22.607  4490  5973 D SubsysRadioIndication: [PHONE1]notify enter
03-08 14:58:22.721  1666 24590 I sensors-hal: handle_oplus_wise_rgb_event:216, wise_rgb:algo_type = 3
03-08 14:58:22.721  1666 24590 I sensors-hal: handle_oplus_wise_rgb_event:271, wise_rgb: raw_lux 82.316254, raw_cct 4998.736816, r/g/b/c: 12214.809570/7415.850586/5023.081543/20370.296875, R/G/B: 0.000000/0.000000/0.000000, brl 1529.000000, lux: 82.316254, cct: 4998.736816, ts 7520294446365, cnt 37386
03-08 14:58:22.834  3191  4244 D Osense-BaseDecisionMaker: notifyDelayedSceneToPolicy
03-08 14:58:22.851  4317  4575 I SystemUi--Statusbar: MobileConnectionRepositoryImpl-->subId:2 isSoftSimCard:false slotId:1
03-08 14:58:22.870  1666 24590 I sensors-hal: handle_oplus_wise_rgb_event:216, wise_rgb:algo_type = 3
03-08 14:58:22.870  1666 24590 I sensors-hal: handle_oplus_wise_rgb_event:271, wise_rgb: raw_lux 80.097870, raw_cct 5153.784668, r/g/b/c: 12163.764648/7440.197266/5073.083984/20421.875000, R/G/B: 0.000000/0.000000/0.000000, brl 1529.000000, lux: 80.097870, cct: 5153.784668, ts 7520444144333, cnt 37387
03-08 14:58:23.019  1666 24590 I sensors-hal: handle_oplus_wise_rgb_event:216, wise_rgb:algo_type = 3
03-08 14:58:23.019  1666 24590 I sensors-hal: handle_oplus_wise_rgb_event:271, wise_rgb: raw_lux 80.318207, raw_cct 5155.540039, r/g/b/c: 12279.343750/7463.948730/5098.084961/20461.011719, R/G/B: 0.000000/0.000000/0.000000, brl 1529.000000, lux: 80.318207, cct: 5155.540039, ts 7520593795792, cnt 37388
03-08 14:58:23.029  1839  1890 D BatteryChargeControl: bcc get no support from charging protocol
03-08 14:58:23.169  1666 24590 I sensors-hal: handle_oplus_wise_rgb_event:216, wise_rgb:algo_type = 3
03-08 14:58:23.169  1666 24590 I sensors-hal: handle_oplus_wise_rgb_event:271, wise_rgb: raw_lux 81.573563, raw_cct 4999.748047, r/g/b/c: 12381.377930/7597.533203/5123.420898/20499.923828, R/G/B: 0.000000/0.000000/0.000000, brl 1529.000000, lux: 81.573563, cct: 4999.748047, ts 7520743419646, cnt 37389
03-08 14:58:23.187  4398  5013 D CommonApp-104-10077: transport layer data is invalid
03-08 14:58:23.189  4398  5013 D CommonApp-104-10013: transport layer data is invalid
03-08 14:58:23.292  1621  1701 E minksocket: MinkIPC_QRTR_Service: client with node 1 port 7a04 went down
03-08 14:58:23.293  3604  3608 E Diag_Lib: [IMS_AP]"ims-rtp-daemon ims_rtp_qmi_handler_thread_func waiting on select thread>"
03-08 14:58:23.293  1621  1701 E minksocket: MinkIPC_QRTR_Service: client with node 1 port 7a05 went down
03-08 14:58:23.295  3604  3608 E Diag_Lib: [IMS_AP]"ims-rtp-daemon ims_rtp_qmi_handler_thread_func waiting on select thread>"
03-08 14:58:23.297  1621  1701 E minksocket: MinkIPC_QRTR_Service: client with node 1 port 7a06 went down
03-08 14:58:23.299  3604  3608 E Diag_Lib: [IMS_AP]"ims-rtp-daemon ims_rtp_qmi_handler_thread_func waiting on select thread>"
03-08 14:58:23.300  1621  1701 E minksocket: MinkIPC_QRTR_Service: client with node 1 port 7a07 went down
03-08 14:58:23.301  3604  3608 E Diag_Lib: [IMS_AP]"ims-rtp-daemon ims_rtp_qmi_handler_thread_func waiting on select thread>"
03-08 14:58:23.319  1666 24619 I sensors-hal: get_brightness:1643, light_iface: get_brightness, brl 1529, pwm_turbo_on 0/0, hbm_dc 0
03-08 14:58:23.320  1666 24590 I sensors-hal: handle_oplus_wise_rgb_event:216, wise_rgb:algo_type = 3
03-08 14:58:23.320  1666 24590 I sensors-hal: handle_oplus_wise_rgb_event:271, wise_rgb: raw_lux 81.066330, raw_cct 4976.866211, r/g/b/c: 12342.623047/7512.264160/5060.638672/20371.380859, R/G/B: 0.000000/0.000000/0.000000, brl 1529.000000, lux: 81.066330, cct: 4976.866211, ts 7520893067042, cnt 37390
03-08 14:58:23.393  2456  3348 D QmiClient: qmiServiceEventCallback recv msg id 1099
03-08 14:58:23.393  2456  3348 D QmiVsClient: enter - onQmiServiceEventCallback msgId 1099
03-08 14:58:23.393  2456  3348 D QmiVsClientEvent: QosPeriodReportInd MSG IND data_len 2052
03-08 14:58:23.393  2456  3348 D QmiVsClientEvent: qmiVsClientNotifyQosPeriodReportIndEvent - RADIO_EVENT_QOS_PERIOD_REPORT_NOTIFY_IND
03-08 14:58:23.394  2456  2505 D VsProxy : handleMessage msg is 2420
03-08 14:58:23.394  2456  2505 D VsProxy : handleQosPeriodReportInd for instance 1 data_len 162
03-08 14:58:23.395  4490  5973 D SubsysRadioIndication: [PHONE1]radioQosPeriodReportInd
03-08 14:58:23.397  4398  5013 D UlPriorityPred: rsrp -79 ,ulbsr: 0 ,ulpdcptput: 159 nextLimit: 305.0 flag: false mTimes: 0 inLimit: false
03-08 14:58:23.463  3191  3931 I [UAH_CLIENT]: UahEventAcquire, cmdid:2, pkg:none, identity:com.android.server.wm
03-08 14:58:23.463  3191  4951 E system_server: No package ID 7f found for resource ID 0x7f0f0274.
03-08 14:58:23.464  3191  4951 W ActivityTaskManager: callingPackage for (uid=2000, pid=25914) has no WPC
03-08 14:58:23.465  3191  4951 D CompatChangeReporter: Compat change id reported: 151861875; UID 10013; state: ENABLED
03-08 14:58:23.465  3191  4951 D WindowManager: NFW_setClientVisible:ActivityRecord{f5b3d6c u0 com.wlav.stlauncher/.MainActivity clientVisible:true
03-08 14:58:23.466  3191  4951 V GrammaticalInflectionUtils: AttributionSource: android.content.AttributionSource@f7cc6e03 does not have READ_SYSTEM_GRAMMATICAL_GENDER permission.
03-08 14:58:23.466  3191  4951 D OplusCompatModeManagerService:  onPreActivityRecordConfigurationChanged {0.0 ?mcc??mnc ?localeList ?layoutDir ?swdp ?wdp ?hdp ?density ?lsize ?long ?ldr ?wideColorGamut ?orien ?uimode ?night ?touch ?keyb/?/? ?nav/? winConfig={ mBounds=Rect(0, 0 - 0, 0) mAppBounds=null mMaxBounds=Rect(0, 0 - 0, 0) mDisplayRotation=undefined mWindowingMode=undefined mActivityType=undefined mAlwaysOnTop=undefined mRotation=undefined} ?fontWeightAdjustmentmThemeChanged= 0, mThemeChangedFlags= 0, mFlipFont= 0, mScenario= -1, mAccessibleChanged= 0, mUxIconConfig= 0, mMaterialColor= ffffffffffffffff, mUserId= -1, mFontUserId= -1, mFontVariationSettings= ffffffff, mFoldingAngle = -1.0, mIconPackName= , mDarkModeBackgroundMaxL= -1.0, mDarkModeDialogBgMaxL= -1.0, mDarkModeForegroundMinL= -1.0, mOplusConfigType= 0, mOplusChangedConfigs= 0, OpSans= -1, mBurmeseFontFlag= -1, mFlag= 0, mFlexibleActivitySuitable= -1, mPuttDisplayFlag= -1} compatModeValid: false
03-08 14:58:23.466  3191  4951 D OplusCompatModeManagerService:  getOverrideMinAspectRatioForCompatMode: 0.0 getRawOverrideMinAspectRatioForCompatMode: 0.0
03-08 14:58:23.466  3191  4951 D OplusCompatModeManagerService:  ar : ActivityRecord{f5b3d6c u0 com.wlav.stlauncher/.MainActivity t-1} displayId:-1 inCompatMode: false
