03-08 14:58:23.845  3191  4238 D ActivityTaskManagerServiceExtImpl: preBindApplication record is null
03-08 14:58:23.845  3191  4238 D RGBNormalizeServer: OplusRGBNormalize feature enabled ? true
03-08 14:58:23.846  3191  4238 D ResourcesManagerCache: For package com.wlav.stlauncher we got cacheList [null] appInfoExt is null ? false hasFeature ? false
03-08 14:58:23.851  7044 10460 I cn_CronetUrlRequestContext: destroyNativeStreamLocked org.chromium.net.impl.CronetBidirectionalStream@69669a1
03-08 14:58:23.852  3191  5275 I OGuardManager_ModuleUsageUpdateHelper: do not get uid: 99009 pkgName is null.
03-08 14:58:23.852  4398 26720 E PackageUidManager: pkgs is empty for uid 99009
03-08 14:58:23.853  3191  4411 I OplusHansManager : up_BC uid=10217 pkg=com.google.android.gsf
03-08 14:58:23.853  3191  4411 V SensorManager: call sensorServiceCommonInterface name: setSensorAccessState
03-08 14:58:23.853  3191  4411 D SensorServiceExtImpl: sensorServiceCommonInterface funcName = setSensorAccessState, flag = 10217, status = 1
03-08 14:58:23.853  3191  4411 D SensorServiceExtImpl: setSensorAccessState uid = 10217, state = 1
03-08 14:58:23.854  3191  4411 D SensorService: 	>>> actuating h/w BATCH 0x0100000b 20000000 2000000000
03-08 14:58:23.855  7044  7044 D BoundBrokerSvc: onUnbind: Intent { act=com.google.android.gms.safebrowsing.SafeBrowsingService.START dat=chimera-action:/... cmp=com.google.android.gms/.chimera.GmsBoundBrokerService mCallingUid=10013 }
03-08 14:58:23.855  1666  1666 I sensors-hal: batch:223, android.sensor.accelerometer/11, period=20000000, max_latency=2000000000
03-08 14:58:23.855  1666  1666 I sensors-hal: send_sensor_config_request:403, resampler is used, set resampler config
03-08 14:58:23.855  1666  1666 I sensors-hal: send_sync_sensor_request:349, send sync request
03-08 14:58:23.856  1666  1666 I sensors-hal: send_sync_sensor_request:375, wait for notification of response
03-08 14:58:23.858  1666 24595 I sensors-hal: ssc_conn_resp_cb:668, resp_value = 0
03-08 14:58:23.858  1666  1666 I sensors-hal: send_sync_sensor_request:381, takes 2 ms to receive the response with 0
03-08 14:58:23.858  1666  1666 I sensors-hal: batch:243, android.sensor.accelerometer/11, period=20000000, max_latency=2000000000 request completed
03-08 14:58:23.859  3191  4411 I OplusHansManager : up_sensor: 10217
03-08 14:58:23.859  3191  4411 I OplusBinderProxy: proxyBinder uid: 10217 pkg: com.google.android.gsf proxy: false calling: OFreezer
03-08 14:58:23.859  3191  4411 I OplusHansManager : up_alarm 10217
03-08 14:58:23.859  3191  4411 D OplusAlarmAdjustment: unproxyAlarmsByUid(), uid=10217, pkgName=com.google.android.gsf, requester=1
03-08 14:58:23.860  3191  3341 D OplusAlarmAdjustMap: removeProxyUid, uid=10217, requester=1
03-08 14:58:23.860  6816  6816 D BoundBrokerSvc: onUnbind: Intent { act=com.google.android.gms.libs.gmscorelogger.service.START dat=chimera-action:/... cmp=com.google.android.gms/.chimera.PersistentDirectBootAwareApiService mCallingUid=10217 }
03-08 14:58:23.861  3191  3779 V AlarmManager: sending alarm Alarm{194c954 type 3 origWhen 7199999 whenElapsed 7199999 com.google.android.gms} uid 10217 whenElapsed 7199999 windowLength 3600000 maxWhenElapsed 10799999 repeatInterval 0 action null component null tag NetworkLocationSensorUploader flags 0x8 procName com.google.android.gms.persistent
03-08 14:58:23.861  3191  3779 V AlarmManager: sending alarm Alarm{a2731f2 type 3 origWhen 7418045 whenElapsed 7418045 com.google.android.gms} uid 10217 whenElapsed 7418045 windowLength 8250 maxWhenElapsed 7426295 repeatInterval 0 action com.google.android.intent.action.GCM_RECONNECT component null flags 0x8 procName com.google.android.gms.persistent
03-08 14:58:23.862 25956 25956 D OplusActivityManager: get AMS extension: android.os.BinderProxy@59db9c8
03-08 14:58:23.863  7044  7044 D BoundBrokerSvc: onUnbind: Intent { act=com.google.android.gms.common.BIND_SHARED_PREFS pkg=com.google.android.gms mCallingUid=10217 }
03-08 14:58:23.864  3191  3624 D OplusProxyWakeLock: prevent gms/gsf hold partial wakelock
03-08 14:58:23.864  3191  7826 D OplusProxyWakeLock: prevent gms/gsf hold partial wakelock
03-08 14:58:23.865 25956 25956 D CompactWindowAppManager: initCompactApplicationInfo CompactMode: , NormalMode: 
03-08 14:58:23.865  7044  7044 D BoundBrokerSvc: onRebind: Intent { act=com.google.android.gms.safebrowsing.SafeBrowsingService.START dat=chimera-action:/... cmp=com.google.android.gms/.chimera.GmsBoundBrokerService mCallingUid=10013 }
03-08 14:58:23.866  7044  7044 D BoundBrokerSvc: onUnbind: Intent { act=com.google.android.gms.pay.service.BIND dat=chimera-action:/... cmp=com.google.android.gms/.chimera.GmsApiService mCallingUid=10217 }
03-08 14:58:23.868  3191  4497 D OplusProxyWakeLock: prevent gms/gsf hold partial wakelock
03-08 14:58:23.869 25956 25956 D OplusScrollToTopManager: setIsInWhiteList false
03-08 14:58:23.869 25956 25956 D OplusViewDebugManager: OplusViewDebugManager Constructor android.view.debug.OplusViewDebugManager@3df9986 [mHasViewDebugProperty true] [mHasMsgDebugProperty false] [DEBUG false] [EXTRAINFOENABLE false] [LIGHT_OS false]
03-08 14:58:23.870 25922 25922 I Quality : InflateViewInfo:151417187,FrameLayout
03-08 14:58:23.875 25922 25959 D CompatChangeReporter: Compat change id reported: 352594277; UID 10013; state: ENABLED
03-08 14:58:23.875 25922 25959 D OplusInputMethodUtil: init sDebug to false, init sDebugIme to false, init sAlwaysOn to false
03-08 14:58:23.875 25922 25959 D OplusInputMethodUtil: updateDebugToClass InputMethodManager.DEBUG = false
03-08 14:58:23.875 25922 25959 D OplusInputMethodUtil: updateDebugToClass ImeFocusController.DEBUG = false
03-08 14:58:23.876 25922 25959 D OplusInputMethodUtil: updateDebugToClass InsetsController.DEBUG = false
03-08 14:58:23.876 25922 25959 D OplusInputMethodUtil: updateDebugToClass BaseInputConnection.DEBUG = false
03-08 14:58:23.876 25956 25956 W libc    : Access denied finding property "ro.odm.prev.product.name"
03-08 14:58:23.876  3191  4948 I AppsFilter: interaction: PackageSetting{a61b50f com.wlav.stlauncher/10013} -> PackageSetting{612294e com.sohu.inputmethod.sogouoem/10286} BLOCKED
03-08 14:58:23.876  3191  4948 I AppsFilter: interaction: PackageSetting{a61b50f com.wlav.stlauncher/10013} -> PackageSetting{e08a4aa com.sohu.inputmethod.sogou/10292} BLOCKED
03-08 14:58:23.876  3191  4948 I AppsFilter: interaction: PackageSetting{a61b50f com.wlav.stlauncher/10013} -> PackageSetting{3003fba com.baidu.input_oppo/10118} BLOCKED
03-08 14:58:23.876 25956 25956 E OplusCustomizePackageManager: mIOplusCustomizePackageManagerService is null
03-08 14:58:23.877 25956 25956 E OplusCustomizePackageManager: mIOplusCustomizePackageManagerService is null
03-08 14:58:23.877 25956 25956 E OplusCustomizePackageManager: isOplusCertificatePackage Errorjava.lang.NullPointerException: Attempt to invoke interface method 'boolean android.os.customize.IOplusCustomizePackageManagerService.isOplusCertificatePackage(java.lang.String)' on a null object reference
03-08 14:58:23.877 25956 25956 D ApplicationLoaders: Returning zygote-cached class loader: /system_ext/framework/androidx.window.extensions.jar
03-08 14:58:23.878  3191  3624 D CompatChangeReporter: Compat change id reported: 311208749; UID 10013; state: ENABLED
03-08 14:58:23.878  3191  3624 I ActivityManager: Background started FGS: Allowed [callingPackage: com.wlav.stlauncher; callingUid: 10013; uidState: TOP ; uidBFSL: [BFSL]; intent: Intent { cmp=com.wlav.stlauncher/.NodeService mCallingUid=10013 }; code:PROC_STATE_TOP; tempAllowListReason:<null>; targetSdkVersion:35; callerTargetSdkVersion:35; startForegroundCount:0; bindFromPackage:null: isBindService:false]
03-08 14:58:23.880  3191  3624 D NotificationService--OplusNotificationManagerServiceExtImpl: shouldInterceptToast: 
03-08 14:58:23.881  4398  4969 I ProcessManager: onForegroundServicesChanged pid:25922, uid:10013, foregroundServiceType:0
03-08 14:58:23.881  4398  4969 I ConferenceScene: onForegroundServiceStateChanged 25922 10013 0 fg_stateMachinesuid is null
03-08 14:58:23.881  4398  4969 D AppSceneEventManager: handleMessage: 101
03-08 14:58:23.881  4398  4969 I DispatcherPolicy: onBaseEvent EventId=10022	ID_FOREGROUND_SERVICE_CHANGED	TimeStamp =1772953103881	Intent =null	Content =null	Pid =25922	PkgName =com.wlav.stlauncher	ExtraDta =Bundle[{foreground_service_type=0}]
03-08 14:58:23.884 25956 25956 I LoadedApk: No resource references to update in package com.google.android.trichromelibrary
03-08 14:58:23.884 25956 25956 D ResourcesManagerExtImpl: applyConfigurationToAppResourcesLocked app.getDisplayId() return callback.displayId:-1
03-08 14:58:23.885 25956 25956 I cr_WebViewApkApp: version=143.0.7499.192 (749919233) minSdkVersion=29 processName=com.google.android.webview:sandboxed_process0:org.chromium.content.app.SandboxedProcessService0:0 splits=<none>
03-08 14:58:23.887  4317  4317 I SystemUi--Notification: OplusNotificationLogger-->TOAST-->showToast , pkg = com.wlav.stlauncher, uid = 10013 , token = android.os.BinderProxy@4d8b092 , content = no_need_print
03-08 14:58:23.888  3191  3624 I ActivityManager: Flag disabled. Ignoring finishAttachApplication from uid: 99009. pid: 25956
03-08 14:58:23.888  2010  2373 I SurfaceFlinger: [SF client] NEW(0xb4000077e9df5400) for (4317:com.android.systemui)
03-08 14:58:23.889  4317  4317 D WindowManager: Add to mViews: com.oplus.systemui.toast.OplusToastLayout{b585660 I.E...... ......I. 0,0-0,0 alpha=1.0 viewInfo = },pkg= com.android.systemui
03-08 14:58:23.889  4317  4463 D skia    : setRusSupported enable 0
03-08 14:58:23.889  3191  4238 D PhoneWindowManagerExtImpl: checkAddPermission: com.oplus.permission.safe.WINDOW OKAY packageName = com.android.systemui
03-08 14:58:23.890 25956 25956 I cr_ChildProcessService: Creating new ChildProcessService pid=25956
03-08 14:58:23.891  3191  4238 I WindowManager: addWindow: New client android.os.BinderProxy@8f781b4 : window=Window{1f41dd u0 Toast}
03-08 14:58:23.892  4317  4317 D ViewRootImplExtImpl: onDisplayChanged -1 for VRI android.view.ViewRootImpl@5c788c
03-08 14:58:23.893 25922 25922 D ScrollOptim [SceneManager]: updateCurrentActivity: mCurrentActivityName=com.wlav.stlauncher.MainActivity, isOptEnable=true, isAnimAheadEnable=true, isFrameInsertEnable=true, InsertNum=1, isEnabledForScrollChanged=false
03-08 14:58:23.893 25922 25922 D ActivityThread: ComponentInfo{com.wlav.stlauncher/com.wlav.stlauncher.MainActivity} checkFinished=false 2
03-08 14:58:23.893 25922 25922 D ResourcesManagerExtImpl: applyConfigurationToAppResourcesLocked app.getDisplayId() return callback.displayId:0
03-08 14:58:23.896  2010  2373 I SurfaceFlinger: [SF client] NEW(0xb4000077e9df2e80) for (25922:com.wlav.stlauncher)
03-08 14:58:23.897  4317  4317 E OplusBracketLog: [OplusViewMirrorManager] updateHostViewRootIfNeeded, not support android.view.ViewRootImpl@5c788c
03-08 14:58:23.898  3191  3624 V WindowManager: Relayout Window{1f41dd u0 Toast}: viewVisibility=4, oldvis=4, req=691x336, vsysui=, x=0, y=224
03-08 14:58:23.899  3191  3624 D WindowManager: NFW_findFocusedWindowIfNeeded:null mCurrentFocus:null
03-08 14:58:23.899 25922 25922 D WindowManager: Add to mViews: com.android.internal.policy.DecorView{14d2876 I.E...... R.....ID 0,0-0,0 alpha=1.0 viewInfo = }[MainActivity],pkg= com.wlav.stlauncher
03-08 14:58:23.901 25922 25943 D ExtensionsLoader: createInstance(64bit) : createExtendedFactory
03-08 14:58:23.901 25922 25943 D ExtensionsLoader: Opened libhwuiextimpl.so
03-08 14:58:23.902 25922 25943 D skia    : setRusSupported enable 0
03-08 14:58:23.902 25922 25922 D ExtensionsLoader: createInstance(64bit) : createExtendedFactory
03-08 14:58:23.902 25922 25922 D ExtensionsLoader: Opened libSchedAssistExtImpl.so
03-08 14:58:23.902  3191  3313 W UserAwareMgr: process owner is not matched: 10, threadName: RenderThread, pid: 25922,tid=25943,owner=fg1
03-08 14:58:23.905  2010  2373 I SurfaceFlinger: [SF client] NEW(0xb4000077e9df4900) for (3191:system_server)
03-08 14:58:23.906  3191  3624 I WindowManager: addWindow: New client android.os.BinderProxy@a9ef8aa : window=Window{2efdc9b u0 com.wlav.stlauncher/com.wlav.stlauncher.MainActivity}
03-08 14:58:23.908 25922 25922 D ViewRootImplExtImpl: onDisplayChanged -1 for VRI android.view.ViewRootImpl@a5b5602
03-08 14:58:23.911 25922 25922 D ResourcesManagerExtImpl: applyConfigurationToAppResourcesLocked app.getDisplayId() return callback.displayId:0
03-08 14:58:23.911 25922 26001 I CameraManagerExtImpl: packagename is com.wlav.stlauncher
03-08 14:58:23.912 25922 26001 I OplusCameraManager: saveOpPackageName, mOpPackageName: com.wlav.stlauncher
03-08 14:58:23.912 25922 25922 I Choreographer: Skipped 30 frames!  The application may be doing too much work on its main thread.
03-08 14:58:23.913 25922 26001 I OplusCameraManagerGlobal: setClientInfo, packageName: com.wlav.stlauncher, uid: 10013, pid: 25922
03-08 14:58:23.913 25922 26001 I OplusCameraManagerGlobal: Connecting to camera service
03-08 14:58:23.913 25922 25922 E OplusBracketLog: [OplusViewMirrorManager] updateHostViewRootIfNeeded, not support android.view.ViewRootImpl@a5b5602
03-08 14:58:23.914 25922 26001 I CameraManagerGlobal: Connecting to camera service
03-08 14:58:23.914  6816 24296 D TrafficStats: tagSocket(-1) with statsTag=0x407, statsUid=-1
03-08 14:58:23.914  6816 24296 I TrafficStats: tagSocketFd(-1, 1031, -1) failed with errno-9
03-08 14:58:23.914  6816 24296 D TrafficStats: tagSocket(236) with statsTag=0x407, statsUid=-1
03-08 14:58:23.914  3191  3624 V WindowManager: Relayout Window{1f41dd u0 Toast}: viewVisibility=0, oldvis=4, req=831x336, vsysui=
03-08 14:58:23.915  3191  3624 I WindowManager: Window{1f41dd u0 Toast} state from NO_SURFACE to DRAW_PENDING; reason: resetDrawState
03-08 14:58:23.915  2010  2373 D OplusLayer: setProcInfo (3340,Toast#3340,com.android.systemui,0x4578D52F)
03-08 14:58:23.916  1666 24590 I sensors-hal: handle_oplus_wise_rgb_event:216, wise_rgb:algo_type = 3
03-08 14:58:23.916  1666 24590 I sensors-hal: handle_oplus_wise_rgb_event:271, wise_rgb: raw_lux 82.610619, raw_cct 4983.146484, r/g/b/c: 12107.248047/7552.335938/4933.947266/20127.923828, R/G/B: 0.000000/0.000000/0.000000, brl 1529.000000, lux: 82.610619, cct: 4983.146484, ts 7521491606156, cnt 37394
03-08 14:58:23.916  3191  3624 D WindowManager: NFW_findFocusedWindowIfNeeded:null mCurrentFocus:null
03-08 14:58:23.917  4317  4317 D BufferQueueConsumer: [](id:10dd00000086,api:0,p:-1,c:4317) connect: controlledByApp=false
03-08 14:58:23.917  4317  4317 W libc    : Access denied finding property "vendor.display.enable_optimal_refresh_rate"
03-08 14:58:23.919  3191  4951 D CoreBackPreview: Window{2efdc9b u0 com.wlav.stlauncher/com.wlav.stlauncher.MainActivity}: Setting back callback OnBackInvokedCallbackInfo{mCallback=android.window.IOnBackInvokedCallback$Stub$Proxy@7995c4d, mPriority=0, mIsAnimationCallback=false}
03-08 14:58:23.920 25922 25922 D ViewRootImplExtImpl: wrapConfigInfoIntoFlags rotation=0, smallestScreenWidthDp=354, relayoutAsync=false, flags=0, newFlags=23199744, residentWS=false, title=com.wlav.stlauncher/com.wlav.stlauncher.MainActivity
03-08 14:58:23.920  3191  3624 D WindowManagerServiceExtImpl: extractConfigInfoAndRealFlags rotation=0, screenDp=354, residentWS:0, win=Window{2efdc9b u0 com.wlav.stlauncher/com.wlav.stlauncher.MainActivity}
03-08 14:58:23.920  3191  3624 V WindowManager: Relayout Window{2efdc9b u0 com.wlav.stlauncher/com.wlav.stlauncher.MainActivity}: viewVisibility=0, oldvis=4, req=1240x2772, vsysui=, x=0, y=0
03-08 14:58:23.920  3191  3624 I WindowManager: Window{2efdc9b u0 com.wlav.stlauncher/com.wlav.stlauncher.MainActivity} state from NO_SURFACE to DRAW_PENDING; reason: resetDrawState
03-08 14:58:23.920  4317  4463 D BufferQueueProducer: [VRI[Toast]#133(BLAST Consumer)133](id:10dd00000086,api:1,p:4317,c:4317) connect: api=1 producerControlledByApp=true
03-08 14:58:23.921  4317  4317 I SurfaceControl:  setExtendedRangeBrightness sc=Surface(name=Toast)/@0x48d21b7,currentBufferRatio=1.0,desiredRatio=1.0
03-08 14:58:23.921  2010  2417 D OplusLayer: setProcInfo (3341,com.wlav.stlauncher/com.wlav.stlauncher.MainActivity#3341,com.wlav.stlauncher,0x78CC9A18)
03-08 14:58:23.922  3191  3624 D WindowManager: NFW_findFocusedWindowIfNeeded:Window{2efdc9b u0 com.wlav.stlauncher/com.wlav.stlauncher.MainActivity} mCurrentFocus:null
03-08 14:58:23.922  3191  3624 V WindowManager: Changing focus from null to Window{2efdc9b u0 com.wlav.stlauncher/com.wlav.stlauncher.MainActivity},diplayid=0
03-08 14:58:23.922  3191  3526 D VRR [OPlusRefreshRateService]: Receive multi scene changed eventId = 5 bundleList.size = 2
03-08 14:58:23.923  3191  3624 D WindowManager: setFrameRateStart invalid typeId return!
03-08 14:58:23.923  3191  3624 D WindowManager: setFrameRateStart invalid typeId return!
03-08 14:58:23.923  3191  3624 D Theia.NoFocusWindow: FocusWindowErrorScene cancelCheckFreezeScreen
03-08 14:58:23.923  3191  3624 W TheiaWindowMonitor: [check] focusedWindow is null or enable is false
03-08 14:58:23.924  4317  4463 D BLASTBufferQueue: [VRI[Toast]#133](f:0,a:1) acquireNextBufferLocked size=831x336 mFrameNumber=1 applyTransaction=true mTimestamp=6906877877051(auto) mPendingTransactions.size=0 graphicBufferId=18541373818035 transform=0
03-08 14:58:23.924  4317  4463 D VRI[Toast]: Received frameCommittedCallback lastAttemptedDrawFrameNum=1 didProduceBuffer=true syncBuffer=false
03-08 14:58:23.924  4317  4317 D VRI[Toast]: draw finished. seqId=0
03-08 14:58:23.924  4317  4317 D ViewRootImplExtImpl: setMaxDequeuedBufferCount: 2
03-08 14:58:23.924  3191  3624 I WindowManager: Window{1f41dd u0 Toast} state from DRAW_PENDING to COMMIT_DRAW_PENDING; reason: finishDrawingLocked
03-08 14:58:23.925  3191  3280 I WindowManager: Window{1f41dd u0 Toast} state from COMMIT_DRAW_PENDING to READY_TO_SHOW; reason: commitFinishDrawingLocked
03-08 14:58:23.925  3191  3280 I WindowManager: Window{1f41dd u0 Toast} state from READY_TO_SHOW to HAS_DRAWN; reason: performShowLocked
03-08 14:58:23.926 25922 25922 D VRI[MainActivity]: relayoutWindow result, sizeChanged:true, surfaceControlChanged:true, transformHintChanged:false, mSurfaceSize:Point(1240, 2772), mLastSurfaceSize:Point(0, 0), mWidth:-1, mHeight:-1, requestedWidth:1240, requestedHeight:2772, transformHint:0, installOrientation:0, displayRotation:0, isSurfaceValid:true, attr.flag:-2122252032, tmpFrames:ClientWindowFrames{frame=[0,0][1240,2772] display=[0,0][1240,2772] parentFrame=[0,0][0,0]}, relayoutAsync:false, mSyncSeqId:0
03-08 14:58:23.926  4317  4317 I SurfaceControl:  setExtendedRangeBrightness sc=Surface(name=Toast)/@0x48d21b7,currentBufferRatio=1.0,desiredRatio=1.0
03-08 14:58:23.926  3191  3280 D OplusAONSmartDim: onWakeLockAcquireLocked: lock=135840752, flags=0x2000000a, packageName=android, tag="WindowManager/displayId:0", ws=WorkSource{10185 com.android.systemui}, uid=1000, pid=3191
03-08 14:58:23.926 25922 25922 W VRI[MainActivity]: updateBlastSurfaceIfNeeded, surfaceSize:Point(1240, 2772), lastSurfaceSize:Point(0, 0), format:-1, blastBufferQueue:null
03-08 14:58:23.926  3191  3624 V WindowManager: Relayout Window{1f41dd u0 Toast}: viewVisibility=0, oldvis=0, req=831x336, vsysui=
03-08 14:58:23.927  4317  4463 D VRI[Toast]: Received frameCommittedCallback lastAttemptedDrawFrameNum=2 didProduceBuffer=true syncBuffer=false
03-08 14:58:23.927  4317  4317 D VRI[Toast]: draw finished. seqId=0
03-08 14:58:23.929 25922 25922 D BufferQueueConsumer: [](id:654200000000,api:0,p:-1,c:25922) connect: controlledByApp=false
03-08 14:58:23.930 25922 25922 W libc    : Access denied finding property "vendor.display.enable_optimal_refresh_rate"
03-08 14:58:23.931 25922 25943 I AdrenoGLES-0: QUALCOMM build                   : a63fb93269, I16b8254a37
03-08 14:58:23.931 25922 25943 I AdrenoGLES-0: Build Date                       : 08/27/24
03-08 14:58:23.931 25922 25943 I AdrenoGLES-0: OpenGL ES Shader Compiler Version: EV031.36.08.30
03-08 14:58:23.931 25922 25943 I AdrenoGLES-0: Local Branch                     : 
03-08 14:58:23.931 25922 25943 I AdrenoGLES-0: Remote Branch                    : refs/tags/AU_LINUX_ANDROID_LA.VENDOR.1.0.11.00.00.770.073
03-08 14:58:23.931 25922 25943 I AdrenoGLES-0: Remote Branch                    : NONE
03-08 14:58:23.931 25922 25943 I AdrenoGLES-0: Reconstruct Branch               : NOTHING
03-08 14:58:23.931 25922 25943 I AdrenoGLES-0: Build Config                     : S P 12.1.1 AArch64
03-08 14:58:23.931 25922 25943 I AdrenoGLES-0: Driver Path                      : /vendor/lib64/egl/libGLESv2_adreno.so
03-08 14:58:23.931 25922 25943 I AdrenoGLES-0: Driver Version                   : 0615.91
03-08 14:58:23.933 25922 25943 I AdrenoGLES-0: PFP: 0x01730158, ME: 0x00000000
03-08 14:58:23.936  2010  2570 D SurfaceFlinger: updateWinowInfo=1, setFocusedWindow timestamp=6906878167364, windowName=2efdc9b com.wlav.stlauncher/com.wlav.stlauncher.MainActivity
03-08 14:58:23.937  3191  4951 I InputDispatcher: NFW_setFocusedWindow, 2efdc9b com.wlav.stlauncher/com.wlav.stlauncher.MainActivity on display 0, same as the previous:0
03-08 14:58:23.941  7044 10460 D TrafficStats: tagSocket(275) with statsTag=0xc004901, statsUid=-1
03-08 14:58:23.942 25922 25943 D BufferQueueProducer: [VRI[MainActivity]#0(BLAST Consumer)0](id:654200000000,api:1,p:25922,c:25922) connect: api=1 producerControlledByApp=true
03-08 14:58:23.942 25922 25922 I SurfaceControl:  setExtendedRangeBrightness sc=Surface(name=com.wlav.stlauncher/com.wlav.stlauncher.MainActivity)/@0x3c2b705,currentBufferRatio=1.0,desiredRatio=1.0
03-08 14:58:23.950 25922 25922 D colorx  : VulkanExtImpl Init
03-08 14:58:23.950 25922 25922 D colorx  : I can't find colorx layer , let's enumerate colorx layers first.
03-08 14:58:23.954 25922 25922 I AdrenoVK-0: ===== BEGIN DUMP OF OVERRIDDEN SETTINGS =====
03-08 14:58:23.954 25922 25922 I AdrenoVK-0: ===== END DUMP OF OVERRIDDEN SETTINGS =====
03-08 14:58:23.955 25922 25922 I AdrenoVK-0: QUALCOMM build          : a63fb93269, I16b8254a37
03-08 14:58:23.955 25922 25922 I AdrenoVK-0: Build Date              : 08/27/24
03-08 14:58:23.955 25922 25922 I AdrenoVK-0: Shader Compiler Version : EV031.36.08.30
03-08 14:58:23.955 25922 25922 I AdrenoVK-0: Local Branch            : 
03-08 14:58:23.955 25922 25922 I AdrenoVK-0: Remote Branch           : refs/tags/AU_LINUX_ANDROID_LA.VENDOR.1.0.11.00.00.770.073
03-08 14:58:23.955 25922 25922 I AdrenoVK-0: Remote Branch           : NONE
03-08 14:58:23.955 25922 25922 I AdrenoVK-0: Reconstruct Branch      : NOTHING
03-08 14:58:23.955 25922 25922 I AdrenoVK-0: Build Config            : S P 12.1.1 AArch64
03-08 14:58:23.955 25922 25922 I AdrenoVK-0: Driver Path             : /vendor/lib64/hw/vulkan.adreno.so
03-08 14:58:23.955 25922 25922 I AdrenoVK-0: Driver Version          : 0615.91
03-08 14:58:23.955 25922 25922 I AdrenoVK-0: PFP                     : 0x01730158
03-08 14:58:23.955 25922 25922 I AdrenoVK-0: ME                      : 0x00000000
03-08 14:58:23.955 25922 25922 I AdrenoVK-0: Application Name    : 
03-08 14:58:23.955 25922 25922 I AdrenoVK-0: Application Version : 0x00000001
03-08 14:58:23.955 25922 25922 I AdrenoVK-0: Engine Name         : 
03-08 14:58:23.955 25922 25922 I AdrenoVK-0: Engine Version      : 0x00000001
03-08 14:58:23.955 25922 25922 I AdrenoVK-0: Api Version         : 0x00403000
03-08 14:58:23.965  3191  3313 W UserAwareMgr: process owner is not matched: 10, threadName: HwUiTask, pid: 25922,tid=26006,owner=fg1
03-08 14:58:23.965  3191  3313 W UserAwareMgr: process owner is not matched: 10, threadName: HwUiTask, pid: 25922,tid=26007,owner=fg1
03-08 14:58:23.966 25922 25943 D BLASTBufferQueue: [VRI[MainActivity]#0](f:0,a:1) acquireNextBufferLocked size=1240x2772 mFrameNumber=1 applyTransaction=true mTimestamp=6906919477520(auto) mPendingTransactions.size=0 graphicBufferId=111334142246915 transform=0
03-08 14:58:23.966 25922 25943 D VRI[MainActivity]: Received frameCommittedCallback lastAttemptedDrawFrameNum=1 didProduceBuffer=true syncBuffer=false
03-08 14:58:23.966  2010  2417 I ClientCache: add: Cache owner=0xb4000077e9ed6e60
03-08 14:58:23.966 25922 25922 D VRI[MainActivity]: draw finished. seqId=0
03-08 14:58:23.966 25922 25922 D ViewRootImplExtImpl: setMaxDequeuedBufferCount: 2
03-08 14:58:23.967  3191  3624 I WindowManager: Window{2efdc9b u0 com.wlav.stlauncher/com.wlav.stlauncher.MainActivity} state from DRAW_PENDING to COMMIT_DRAW_PENDING; reason: finishDrawingLocked
03-08 14:58:23.967  3191  3624 D OplusTransitionAnimationManager: skipFinishDrawingIfNeed clientRotation=0, currentRotation=0, hasFixedRotationApp=false, requestedOrientation=-1, win=Window{2efdc9b u0 com.wlav.stlauncher/com.wlav.stlauncher.MainActivity}, activity=ActivityRecord{f5b3d6c u0 com.wlav.stlauncher/.MainActivity t9051}, currentConfig={1.0 ??mcc??mnc [zh_CN,zh_TW_#Hant] ldltr sw354dp w354dp h792dp 560dpi nrml long hdr widecg port finger -keyb/v/h -nav/h winConfig={ mBounds=Rect(0, 0 - 1240, 2772) mAppBounds=Rect(0, 0 - 1240, 2772) mMaxBounds=Rect(0, 0 - 1240, 2772) mDisplayRotation=ROTATION_0 mWindowingMode=fullscreen mActivityType=standard mAlwaysOnTop=undefined mRotation=ROTATION_0} s.2 fontWeightAdjustment=0mThemeChanged= 0, mThemeChangedFlags= 0, mFlipFont= 0, mScenario= 0, mAccessibleChanged= -1, mUxIconConfig= 3470610514986926112, mMaterialColor= 0, mUserId= 0, mFontUserId= 0, mFontVariationSettings= 226, mFoldingAngle = -1.0, mIconPackName= , mDarkModeBackgroundMaxL= 0.0, mDarkModeDialogBgMaxL= 27.0, mDarkModeForegroundMinL= 100.0, mOplusConfigType= 1, mOplusChangedConfigs= 0, OpSans= -1, mBurmeseFontFlag= 2, mFlag= 0, mFlexibleActivitySuitable= -1, mPuttDisplayFlag= -1}
03-08 14:58:23.967  3191  3624 D VRR [OPlusExternalRefreshRateManager]: isPkgTfcEnable: pkgName = com.wlav.stlauncher, enable = false
03-08 14:58:23.967  3191  3624 D VRR [OPlusExternalRefreshRateManager]: getTfcMinFramerate: pkgName = com.wlav.stlauncher, min framerate = 0
03-08 14:58:23.967 25922 25922 I DynamicFramerate [FRTCConfigManager]: initFrameRateConfig: 
03-08 14:58:23.967 25922 25922 I DynamicFramerate [FRTCConfigManager]: 	levels: [120, 60]
03-08 14:58:23.967 25922 25922 I DynamicFramerate [FRTCConfigManager]: 	thresholds: [200]
03-08 14:58:23.967 25922 25922 I DynamicFramerate [FRTCConfigManager]: FRTCConfigManager: FRTC_CAPABILITY = 120, package name = com.wlav.stlauncher, WINDOW_ANIMATION_SPEED_RATE = 10, SCROLL_ANIMATION_SPEED_RATE = 20, PACKAGE_ENABLE = false
03-08 14:58:23.967 25922 25922 I DynamicFramerate [DynamicFrameRateController]: init info: mPackageName = com.wlav.stlauncher, mIsEnabled = false
03-08 14:58:23.968 25922 25922 E cr_PlatformSer-Internal: Unable to determine Safe Browsing user opt-in preference
03-08 14:58:23.969  3191  3280 I WindowManager: Window{2efdc9b u0 com.wlav.stlauncher/com.wlav.stlauncher.MainActivity} state from COMMIT_DRAW_PENDING to READY_TO_SHOW; reason: commitFinishDrawingLocked
03-08 14:58:23.969  3191  3280 D OplusAppQuickStart_AppQuickStartController: onFirstWindowDrawn ar=ActivityRecord{f5b3d6c u0 com.wlav.stlauncher/.MainActivity t9051}
03-08 14:58:23.969  3191  3280 D ActivityTaskManager: Finish StartingWindow: ActivityRecord{f5b3d6c u0 com.wlav.stlauncher/.MainActivity t9051}first real window is shown
03-08 14:58:23.969  3191  3280 D ActivityTaskManager: removeStartingWindowAnimation starting ActivityRecord{f5b3d6c u0 com.wlav.stlauncher/.MainActivity t9051} startingWindow=null ,startingView=com.android.server.wm.StartingSurfaceController$StartingSurface@a983d4e,Callers=com.android.server.wm.ActivityRecord.removeStartingWindow:3536 com.android.server.wm.ActivityRecord.onFirstWindowDrawn:8513 com.android.server.wm.WindowState.performShowLocked:5036 com.android.server.wm.WindowStateAnimator.commitFinishDrawingLocked:341 com.android.server.wm.DisplayContent.lambda$new$8:1141 
03-08 14:58:23.969  3191  3280 D OplusStartingWindowManager: interceptRemoveStartingWindow: packageName=com.wlav.stlauncher,  componentName=com.wlav.stlauncher/.MainActivity, isSnapshot=false, startingSurfaceRunnable=null, isDrawCompleted=false, hasSurfaceView=false, inTransition=false
03-08 14:58:23.969  3191  3280 D OplusSplitScreenManagerService: notifyRemoveStartingWindow mOplusSpiltScreenDnDUI is null, just return!
03-08 14:58:23.969  3191  3280 D OplusStartingWindowManager: interceptRemoveStartingWindow: hasSplashWindowFlag() return false for activity=ActivityRecord{f5b3d6c u0 com.wlav.stlauncher/.MainActivity t9051}
03-08 14:58:23.970  3191  3280 D WindowManager: setFrameRateStart invalid typeId return!
03-08 14:58:23.970  3191  3280 D TaskOrganizerController: TaskOrganizerController.removeStartingWindow: call wmshell to removeStartingWindow
03-08 14:58:23.971  3191  3280 I Quality : LaunchTime2.0: com.wlav.stlauncher/.MainActivity 1 494 com.android.shell 40 75
03-08 14:58:23.971  3191  3280 I WindowManager: Window{2efdc9b u0 com.wlav.stlauncher/com.wlav.stlauncher.MainActivity} state from READY_TO_SHOW to HAS_DRAWN; reason: performShowLocked
03-08 14:58:23.971  5141  8227 I iopgp   : Iopgp: TRANSACTION_IOPGP_ON_ACTIVITY_LAUNCH_FINISHED sequence_id = 14 timestamp_nanos = 6906924261374
03-08 14:58:23.971  3191  3275 W ziparchive: Unable to open '/data/app/~~Pdf0XM54WdQ0DAi9OINbsw==/com.wlav.stlauncher-f5nxKK5sMSDNj86hXaynMQ==/base.dm': No such file or directory
03-08 14:58:23.972  3191  4439 I OPM     : handleNotifyLaunchTime : com.wlav.stlauncher, :489
03-08 14:58:23.972  3191  4439 I OPM     : ColdLaunch! record LaunchDur
03-08 14:58:23.975  3191  3275 I ActivityTaskManager: Displayed com.wlav.stlauncher/.MainActivity for user 0: +508ms
03-08 14:58:23.975  1550  1570 E statsd  : Gauge Stats puller failed for tag: 150134 at 7521557905520
03-08 14:58:23.975  1550  1570 I statsd  : An anomaly (104840000001) (48)0x10000->10013[I] (48)0x20000->com.wlav.stlauncher[S] (48)0x30000->3[I]  has occurred! Informing subscribers.
03-08 14:58:23.976  3191  3624 D CompatChangeReporter: Compat change id reported: 296558535; UID 10013; state: ENABLED
03-08 14:58:23.977  3191  3624 D CompatChangeReporter: Compat change id reported: 317799821; UID 10013; state: ENABLED
03-08 14:58:23.977  3191  3624 D CompatChangeReporter: Compat change id reported: 313677553; UID 10013; state: ENABLED
03-08 14:58:23.977  3191  3624 W ForegroundServiceTypeLoggerModule: Foreground service start for UID: 10013 does not have any types
03-08 14:58:23.978   951   951 I hwservicemanager: getTransport: Cannot find entry vendor.qti.hardware.iop@2.0::IIop/default in either framework or device VINTF manifest.
03-08 14:58:23.978  4317 30650 I SystemUi--QuickSettings: OplusFgsManagerController-->onForegroundStateChanged: com.wlav.stlauncher 0 true 0
03-08 14:58:23.979  4398  4969 I ProcessManager: onForegroundServicesChanged pid:25922, uid:10013, foregroundServiceType:1073741824
03-08 14:58:23.979  4398  4969 I ConferenceScene: onForegroundServiceStateChanged 25922 10013 1073741824 fg_stateMachinesuid is null
03-08 14:58:23.979  4398  4969 D AppSceneEventManager: handleMessage: 101
03-08 14:58:23.979  4398  4969 I DispatcherPolicy: onBaseEvent EventId=10022	ID_FOREGROUND_SERVICE_CHANGED	TimeStamp =1772953103979	Intent =null	Content =null	Pid =25922	PkgName =com.wlav.stlauncher	ExtraDta =Bundle[{foreground_service_type=1073741824}]
03-08 14:58:23.980   951   951 I hwservicemanager: getTransport: Cannot find entry vendor.qti.hardware.iop@2.0::IIop/default in either framework or device VINTF manifest.
03-08 14:58:23.980  3191  3317 D NotificationService--NotificationRecord: isSupportRearLight , isRearLight = false mLedRM = false isMultilLed = false
03-08 14:58:23.980  3191  3317 D EnvelopeDetectorController: isEnvelopeAssistantEnabled isCancelNotification: false currentUserId: 0 userId: 0
03-08 14:58:23.980  3191  3317 I OplusStatusBarManagerServiceEnhance:  getTopIsFullscreen mTopIsFullscreen: false
03-08 14:58:23.981  4317 30650 I SystemUi--QuickSettings: OplusFgsManagerController-->onForegroundStateChanged numPackagesAfter: 1
03-08 14:58:23.981  3191  3191 D NotificationService--OplusNotificationManagerServiceExtImpl: isForwardToAssistants: true, case : Is local notification
03-08 14:58:23.981  3191  3191 D NotificationService: This application enqueue notifications is need postDelayed mcsAssistantDelayTime: 50
03-08 14:58:23.981  4317  4450 I SystemUi--QuickSettings: OplusSeparateQSPrivacyManager-->onNumberOfPackagesChanged numPackages 1
03-08 14:58:23.983  3191  3931 D JobSchedulerServiceExtImpl: updateOsenseRestrictMode for 1 false false
03-08 14:58:23.983  3191  4241 I Osense-BaseDecisionMaker: notifySceneToAthenaPolicy: SCENE_ACTIVITY_IDLE, bundle: Bundle[{scene=SCENE_ACTIVITY_IDLE}]
03-08 14:58:23.984  4541  4541 I SplitScreenManager: Attached Launcher#50a89c4 ON_STOP
03-08 14:58:23.984  4541  4541 D VRI[Launcher]: setWindowStopped stopped:true
03-08 14:58:23.985  4541  4541 W LauncherClient[u0]: isConnected false because mOverlay is null
03-08 14:58:23.986  3191  3313 I UserAwareMgr: handleAppChangedToBg, pkgName: com.android.launcher, pid: 4541
03-08 14:58:23.986  4541  4623 I ImeTracker: com.android.launcher:50e8d684: onRequestHide at ORIGIN_CLIENT reason HIDE_SOFT_INPUT fromUser false
03-08 14:58:23.987  3191  4951 I InputDispatcher: updateFocusedWindow, 2efdc9b com.wlav.stlauncher/com.wlav.stlauncher.MainActivity on display 0, reason: Window became focusable. Previous reason: NOT_VISIBLE, result:   FocusedWindows:
03-08 14:58:23.987  3191  4951 I InputDispatcher:     displayId=0, name='2efdc9b com.wlav.stlauncher/com.wlav.stlauncher.MainActivity'
03-08 14:58:23.987 25922 26009 I NodeService: Node bundle already extracted (version v24.13.0)
03-08 14:58:23.987 25922 26009 I NodeService: Node bundle extracted to: /data/user/0/com.wlav.stlauncher/files/node_bundle
03-08 14:58:23.987 25922 25922 D VRI[MainActivity]: onFocusEvent true
03-08 14:58:23.988 25922 26009 D TrafficStats: tagSocket(194) with statsTag=0xffffffff, statsUid=-1
03-08 14:58:23.988 25922 26009 I NodeService: Using port: 42105
03-08 14:58:23.989  3191  4951 D ClipboardService: clipboardAccessAllowed: op=29 result=true callingPackage=com.wlav.stlauncher
03-08 14:58:23.989  3191  3814 I ImeTracker: com.android.launcher:50e8d684: onCancelled at PHASE_SERVER_SHOULD_HIDE
03-08 14:58:23.990  3191  4951 I WindowManager: Window{52fa8a8 u0 com.android.launcher/com.android.launcher.Launcher} state from HAS_DRAWN to NO_SURFACE; reason: destroySurface
03-08 14:58:23.991  3191  4951 D ActivityTaskManager: Clearing startingData for activity=ActivityRecord{64a996e u0 com.android.launcher/.Launcher t2} mStartingData=null mStartingSurface=null
03-08 14:58:23.992  3191  3814 D InputMethodManagerService: isSecurity: attribute.packageName = com.wlav.stlauncher mCurMethodId = com.iflytek.inputmethod/.FlyIME isSecurity = false ( enable = true needShow = false inBlackList = false isExist = true )
03-08 14:58:23.992  3191  3814 I ImeTracker: com.wlav.stlauncher:872496ea: onRequestHide at ORIGIN_SERVER reason HIDE_UNSPECIFIED_WINDOW fromUser false
03-08 14:58:23.992  3191  3814 I ImeTracker: com.wlav.stlauncher:872496ea: onCancelled at PHASE_SERVER_SHOULD_HIDE
03-08 14:58:23.995  5266 18603 D OplusAtlas.OplusAtlasEventDispatch: setEvent:atlas_event_on_foreground_activities_changed info:pid:4541,uid:10175,hasForegroundActivities:0
03-08 14:58:23.995  5266  6944 D OplusAtlas.OplusAudioScene: callback success event:atlas_event_on_foreground_activities_changed eventInfo:pid:4541,uid:10175,hasForegroundActivities:0
03-08 14:58:23.995  5266  7596 D OplusAtlas.OplusMessageHandler: handleMessage: Msg { when=-1ms what=2 obj=com.oplus.atlas.OplusAtlasEvent@e0e2b39 target=com.oplus.atlas.OplusMessageHandler$MyHandler }
03-08 14:58:23.995  4398  4969 I ProcessManager: onForegroundActivitiesChanged pid:4541, uid:10175, foregroundActivities:false
03-08 14:58:23.995  5266  7292 D OplusAtlas.OplusMessageHandler: handleMessage: Msg { when=-1ms what=0 obj=com.oplus.atlas.OplusAtlasEvent@e0e2b39 target=com.oplus.atlas.OplusMessageHandler$MyHandler }
03-08 14:58:23.995  3191  4191 D OsenseCommonUtils: /dev/memcg/apps/uid_10175/memory.app_score not exist
03-08 14:58:23.996  7803  7803 I ImeTracker: com.iflytek.inputmethod:b6ee9268: onRequestHide at ORIGIN_IME reason HIDE_WINDOW_LEGACY_DIRECT fromUser false
03-08 14:58:23.997  4541  4541 D InsetsController: hide(ime(), fromIme=true)
03-08 14:58:23.997  4541  4541 I ImeTracker: com.iflytek.inputmethod:b6ee9268: onCancelled at PHASE_CLIENT_APPLY_ANIMATION
03-08 14:58:24.001 25922 26009 I NodeService: Using linker: /system/bin/linker64
03-08 14:58:24.001 25922 26009 I NodeService: Node binary: /data/user/0/com.wlav.stlauncher/files/node_bundle/node (exists=true)
03-08 14:58:24.001  3191  4621 D WindowManager: setFrameRateStart invalid typeId return!
03-08 14:58:24.005 25922 26009 I NodeService: Node process started, PID: Process[pid=26011, hasExited=false]
03-08 14:58:24.005  4317  4387 I ndroid.systemui: _Desupression native alloc gc_urgency: 77383 native bytes: 194356833
03-08 14:58:24.002 26011 26011 W linker64: type=1400 audit(0.0:1420): avc:  granted  { execute } for  path="/data/data/com.wlav.stlauncher/files/node_bundle/node" dev="dm-73" ino=3547080 scontext=u:r:untrusted_app:s0:c13,c256,c512,c768 tcontext=u:object_r:app_data_file:s0:c13,c256,c512,c768 tclass=file app=com.wlav.stlauncher
03-08 14:58:24.010 26011 26011 W linker64: type=1400 audit(0.0:1421): avc:  granted  { execute } for  path="/data/data/com.wlav.stlauncher/files/node_bundle/libsqlite3.so.3.52.0" dev="dm-73" ino=3566002 scontext=u:r:untrusted_app:s0:c13,c256,c512,c768 tcontext=u:object_r:app_data_file:s0:c13,c256,c512,c768 tclass=file app=com.wlav.stlauncher
03-08 14:58:24.010 26011 26011 W linker64: type=1400 audit(0.0:1422): avc:  granted  { execute } for  path="/data/data/com.wlav.stlauncher/files/node_bundle/libicudata.so.78.2" dev="dm-73" ino=3562591 scontext=u:r:untrusted_app:s0:c13,c256,c512,c768 tcontext=u:object_r:app_data_file:s0:c13,c256,c512,c768 tclass=file app=com.wlav.stlauncher
03-08 14:58:24.010 26011 26011 W linker64: type=1400 audit(0.0:1423): avc:  granted  { execute } for  path="/data/data/com.wlav.stlauncher/files/node_bundle/libicui18n.so.78.2" dev="dm-73" ino=3543893 scontext=u:r:untrusted_app:s0:c13,c256,c512,c768 tcontext=u:object_r:app_data_file:s0:c13,c256,c512,c768 tclass=file app=com.wlav.stlauncher
03-08 14:58:24.010 26011 26011 W linker64: type=1400 audit(0.0:1424): avc:  granted  { execute } for  path="/data/data/com.wlav.stlauncher/files/node_bundle/libicuuc.so.78.2" dev="dm-73" ino=3992347 scontext=u:r:untrusted_app:s0:c13,c256,c512,c768 tcontext=u:object_r:app_data_file:s0:c13,c256,c512,c768 tclass=file app=com.wlav.stlauncher
03-08 14:58:24.031  1839  1890 D BatteryChargeControl: bcc get no support from charging protocol
03-08 14:58:24.036  3191  3191 W NotificationHistory: Attempted to add notif for locked/gone/disabled user 0
03-08 14:58:24.039  5266 18603 D OplusAtlasService: checkIsInDaemonlistByName module:media-control-playinfo-blacklist packageName:com.wlav.stlauncher
03-08 14:58:24.039  3191  3624 D NotificationService--OplusNavigationManager: Notification--isSuppressedByDriveMode--userId:-1,mode:false
03-08 14:58:24.039  3191  3624 D NotificationService--OplusNavigationManager: Notification--isSuppressedByDriveMode--userId:-1,mode:false
03-08 14:58:24.045  4317  4317 E LockScreenNotificationDispatcherImp: updateNotificationListOnKg size:0
03-08 14:58:24.046  4317  4317 I SystemUi--Notification: LockScreenNotificationDispatcherImp-->updateNotificationListOnKg resultCode: 0
03-08 14:58:24.046  4317  4317 D PluginSeedling--Notification: NotificationController-->isHideForCharge = false
03-08 14:58:24.046  4317  4317 D PluginSeedling--Notification: NotificationController-->checkUpdateVisibleSeedingEntriesï¼Œ state = 3ï¼Œ curVisibleState=3, forceUpdate=false
03-08 14:58:24.049  4317  4317 W SystemUi--Common: SubsetBitmapDrawable-->[isValid] innerBitmap?.isRecycled=null
03-08 14:58:24.059  4398  5006 D ActivityAdapter: notifyActivityQuery: [com.oplus.appdetail; com.oplus.appdetail; 1; COMMON; 10077, com.wlav.stlauncher; com.wlav.stlauncher; 1; COMMON; 10013]
03-08 14:58:24.060  4398  5006 D OPlusFrontAppManager: decide -->> [com.oplus.appdetail; com.oplus.appdetail; 1; COMMON; 10077, com.wlav.stlauncher; com.wlav.stlauncher; 1; COMMON; 10013]
03-08 14:58:24.060  4398  5013 D CommonApp-104-10077: DefaultState EVENT_SCENARIOS_CHANGE
03-08 14:58:24.060  4398  5013 D CommonApp-104-10077: scene=COMMON pn=com.oplus.appdetail
03-08 14:58:24.060  4398  5013 D CommonApp-104-10013: DefaultState EVENT_SCENARIOS_CHANGE
03-08 14:58:24.060  4398  5013 D CommonApp-104-10013: scene=COMMON pn=com.wlav.stlauncher
03-08 14:58:24.066  1666 24590 I sensors-hal: handle_oplus_wise_rgb_event:216, wise_rgb:algo_type = 3
03-08 14:58:24.066  1666 24619 I sensors-hal: get_brightness:1643, light_iface: get_brightness, brl 1529, pwm_turbo_on 0/0, hbm_dc 0
03-08 14:58:24.066  1666 24590 I sensors-hal: handle_oplus_wise_rgb_event:271, wise_rgb: raw_lux 80.748032, raw_cct 5014.375977, r/g/b/c: 12014.112305/7502.538086/5068.063477/20047.470703, R/G/B: 0.000000/0.000000/0.000000, brl 1529.000000, lux: 80.748032, cct: 5014.375977, ts 7521641250531, cnt 37395
03-08 14:58:24.066 21174 21259 I .android.gms.ui: Explicit concurrent mark compact GC freed 508KB AllocSpace bytes, 0(0B) LOS objects, 42% free, 5580KB/9676KB, paused 518us,9.198ms total 225.159ms
03-08 14:58:24.070  4317  4317 D OplusNotificationDateTimeView: setTime mSettingTimeMillis 1772953103975, mSettingLocalDateTime 2026-03-08T14:58:00.975
03-08 14:58:24.073  4317  4317 E LockScreenNotificationDispatcherImp: updateNotificationListOnKg size:0
03-08 14:58:24.073  4317  4317 I SystemUi--Notification: LockScreenNotificationDispatcherImp-->updateNotificationListOnKg resultCode: 0
03-08 14:58:24.076  4317  4317 I SystemUi--Keyguard: KeyguardUtils-->density is 0 sInitialDisplayDensity:560
03-08 14:58:24.077  4317  4317 I SystemUi--Notification: SeparatePanelAnimation-->updateVisibleChildCount change, currentChildCount: 1 totalCount 2
03-08 14:58:24.169 25922 26009 I NodeService: Node: SERVER_READY:42105
03-08 14:58:24.172 25922 25922 I MainActivity: Received port via broadcast: 42105
03-08 14:58:24.172 25922 25922 I MainActivity: Loading WebView: http://127.0.0.1:42105
03-08 14:58:24.174  3191  4951 D NotificationService--NotificationRecord: isSupportRearLight , isRearLight = false mLedRM = false isMultilLed = false
03-08 14:58:24.174  3191  4951 D EnvelopeDetectorController: isEnvelopeAssistantEnabled isCancelNotification: false currentUserId: 0 userId: 0
03-08 14:58:24.175  3191  3313 W UserAwareMgr: process owner is not matched: 10, threadName: GLThread, pid: 25922,tid=25963,owner=fg1
03-08 14:58:24.175  3191  3313 W UserAwareMgr: process owner is not matched: 10, threadName: GLThread, pid: 25922,tid=26019,owner=fg1
03-08 14:58:24.175  3191  4951 I OplusStatusBarManagerServiceEnhance:  getTopIsFullscreen mTopIsFullscreen: false
03-08 14:58:24.175  3191  4951 W ActivityManager: Permission Denial: getTopApplicationInfo from pid=25922, uid=10013 requires oplus.permission.OPLUS_COMPONENT_SAFE
03-08 14:58:24.175  3191  3313 W UserAwareMgr: process owner is not matched: 10, threadName: GLThread, pid: 25922,tid=25986,owner=fg1
03-08 14:58:24.175  3191  4951 E OplusNotificationCenter: getForegroundApplication exception
03-08 14:58:24.175  3191  3313 W UserAwareMgr: process owner is not matched: 10, threadName: GLThread, pid: 25922,tid=26020,owner=fg1
03-08 14:58:24.176  3191  3313 W UserAwareMgr: process owner is not matched: 10, threadName: GLThread, pid: 25922,tid=26020,owner=fg1
03-08 14:58:24.176  3191  3191 D NotificationService--OplusNotificationManagerServiceExtImpl: isForwardToAssistants: true, case : Is local notification
03-08 14:58:24.176  3191  3191 D NotificationService: This application enqueue notifications is need postDelayed mcsAssistantDelayTime: 50
03-08 14:58:24.188 25922 25968 W cr_media: BLUETOOTH_CONNECT permission is missing.
03-08 14:58:24.188 25956 25995 I cr_LibraryLoader: Successfully loaded native library
03-08 14:58:24.189 25922 25968 W cr_media: getBluetoothAdapter() requires BLUETOOTH permission
03-08 14:58:24.189 25922 25968 W cr_media: registerBluetoothIntentsIfNeeded: Requires BLUETOOTH permission
03-08 14:58:24.189 25956 25995 I cr_CachingUmaRecorder: Flushed 2 samples from 2 histograms, 0 samples were dropped.
03-08 14:58:24.190 25956 25995 W chromium: [WARNING:content/app/android/content_main_android.cc:82] android_setCpu already initialized
03-08 14:58:24.194  7044 10460 D TrafficStats: tagSocket(276) with statsTag=0xc004901, statsUid=-1
03-08 14:58:24.195  3191  3313 W UserAwareMgr: process owner is not matched: 10, threadName: GLThread, pid: 25956,tid=25995,owner=tp
03-08 14:58:24.195  3191  3313 W UserAwareMgr: process owner is not matched: 10, threadName: GLThread, pid: 25956,tid=25995,owner=fg1
03-08 14:58:24.198 25956 25995 W chromium: [WARNING:content/child/runtime_features.cc:561] Fenced frames cannot be enabled in this configuration. Use --enable-features=FencedFrames instead.
03-08 14:58:24.198 25956 25995 W chromium: [WARNING:content/child/runtime_features.cc:586] Topics cannot be enabled in this configuration. Use --enable-features=BrowsingTopics in addition.
03-08 14:58:24.198 25956 25995 W chromium: [WARNING:content/child/runtime_features.cc:607] SharedStorage cannot be enabled in this configuration. Use --enable-features=SharedStorageAPI in addition.
03-08 14:58:24.200  3191  3313 W UserAwareMgr: process owner is not matched: 10, threadName: GLThread, pid: 25956,tid=26023,owner=tp
03-08 14:58:24.200  3191  3313 W UserAwareMgr: process owner is not matched: 10, threadName: GLThread, pid: 25956,tid=26023,owner=fg1
03-08 14:58:24.200  3191  3313 W UserAwareMgr: process owner is not matched: 10, threadName: GLThread, pid: 25956,tid=26024,owner=tp
03-08 14:58:24.200  3191  3313 W UserAwareMgr: process owner is not matched: 10, threadName: GLThread, pid: 25956,tid=26024,owner=fg1
03-08 14:58:24.200  3191  3313 W UserAwareMgr: process owner is not matched: 10, threadName: GLThread, pid: 25956,tid=26025,owner=tp
03-08 14:58:24.200  3191  3313 W UserAwareMgr: process owner is not matched: 10, threadName: GLThread, pid: 25956,tid=26025,owner=fg1
03-08 14:58:24.200  3191  3313 W UserAwareMgr: process owner is not matched: 10, threadName: GLThread, pid: 25956,tid=26025,owner=tp
03-08 14:58:24.200  3191  3313 W UserAwareMgr: process owner is not matched: 10, threadName: GLThread, pid: 25956,tid=26025,owner=fg1
03-08 14:58:24.211  4398  5013 D CommonApp-104-10077: transport layer data is invalid
03-08 14:58:24.213  3191  3313 W UserAwareMgr: process owner is not matched: 10, threadName: GLThread, pid: 25956,tid=26028,owner=tp
03-08 14:58:24.213  3191  3313 W UserAwareMgr: process owner is not matched: 10, threadName: GLThread, pid: 25956,tid=26028,owner=fg1
03-08 14:58:24.213  3191  3313 W UserAwareMgr: process owner is not matched: 10, threadName: GLThread, pid: 25956,tid=26029,owner=tp
03-08 14:58:24.213  3191  3313 W UserAwareMgr: process owner is not matched: 10, threadName: GLThread, pid: 25956,tid=26029,owner=fg1
03-08 14:58:24.215  1666 24590 I sensors-hal: handle_oplus_wise_rgb_event:216, wise_rgb:algo_type = 3
03-08 14:58:24.215  1666 24590 I sensors-hal: handle_oplus_wise_rgb_event:271, wise_rgb: raw_lux 80.630470, raw_cct 5037.216797, r/g/b/c: 12091.504883/7575.794434/5105.788574/20022.941406, R/G/B: 0.000000/0.000000/0.000000, brl 1529.000000, lux: 80.630470, cct: 5037.216797, ts 7521790885167, cnt 37396
03-08 14:58:24.217  4398  5013 D CommonApp-104-10013: transport layer data is invalid
03-08 14:58:24.218  6816  6835 I FontLog : (REDACTED) Received query %s, URI %s
03-08 14:58:24.219  6816  6835 I FontLog : (REDACTED) Query [%s] resolved to %s
03-08 14:58:24.220  6816  6835 I FontLog : (REDACTED) Font PFD returned from cache for %s
03-08 14:58:24.220  6816  6835 I FontLog : (REDACTED) Fetch %s end status %s
03-08 14:58:24.223  6816  6835 I FontLog : (REDACTED) Pulling font file for id = %d, cache size = %d
03-08 14:58:24.226  6816  6835 I FontLog : (REDACTED) Received query %s, URI %s
03-08 14:58:24.226  6816  6835 I FontLog : (REDACTED) Query [%s] resolved to %s
03-08 14:58:24.228  6816  6835 I FontLog : (REDACTED) Fetch %s end status %s
03-08 14:58:24.229  3191  3313 W UserAwareMgr: process owner is not matched: 10, threadName: GLThread, pid: 25956,tid=26028,owner=tp
03-08 14:58:24.229  3191  3313 W UserAwareMgr: process owner is not matched: 10, threadName: GLThread, pid: 25956,tid=26028,owner=fg1
03-08 14:58:24.233  3191  3313 W UserAwareMgr: process owner is not matched: 10, threadName: GLThread, pid: 25956,tid=26032,owner=tp
03-08 14:58:24.233  3191  3313 W UserAwareMgr: process owner is not matched: 10, threadName: GLThread, pid: 25956,tid=26032,owner=fg1
03-08 14:58:24.235  5266 18603 D OplusAtlasService: checkIsInDaemonlistByName module:media-control-playinfo-blacklist packageName:com.wlav.stlauncher
03-08 14:58:24.235  6816  6835 I FontLog : (REDACTED) Pulling font file for id = %d, cache size = %d
03-08 14:58:24.239  3191  4238 D NotificationService--OplusNavigationManager: Notification--isSuppressedByDriveMode--userId:-1,mode:false
03-08 14:58:24.240  3191  4238 D NotificationService--OplusNavigationManager: Notification--isSuppressedByDriveMode--userId:-1,mode:false
03-08 14:58:24.241  4317  4317 E LockScreenNotificationDispatcherImp: updateNotificationListOnKg size:0
03-08 14:58:24.241  4317  4317 I SystemUi--Notification: LockScreenNotificationDispatcherImp-->updateNotificationListOnKg resultCode: 0
03-08 14:58:24.242  4317  4317 I SystemUi--Keyguard: KeyguardUtils-->density is 0 sInitialDisplayDensity:560
03-08 14:58:24.243  7044 10460 D TrafficStats: tagSocket(277) with statsTag=0xc004901, statsUid=-1
