03-08 14:58:23.541  3191  4951 D OplusFlexibleWindowMinimizedManagerHelper: onTaskInfoChanged taskInfo:TaskInfo{userId=0 taskId=9051 displayId=0 isRunning=true baseIntent=Intent { flg=0x10000000 cmp=com.wlav.stlauncher/.MainActivity mCallingUid=2000 } baseActivity=ComponentInfo{com.wlav.stlauncher/com.wlav.stlauncher.MainActivity} topActivity=ComponentInfo{com.wlav.stlauncher/com.wlav.stlauncher.MainActivity} origActivity=null realActivity=ComponentInfo{com.wlav.stlauncher/com.wlav.stlauncher.MainActivity} numActivities=1 lastActiveTime=7521058 supportsSplitScreenMultiWindow=true supportsMultiWindow=true supportsPocketStudioMultiWindow=true isInFlexibleEmbedded = false uid = 10013 pid = 25922 resizeMode=1 isResizeable=true minWidth=-1 minHeight=-1 defaultMinSize=220 token=WCT{RemoteToken{4809e64 Task{9933fca #9051 type=standard A=10013:com.wlav.stlauncher}}} topActivityType=1 pictureInPictureParams=null shouldDockBigOverlays=false launchIntoPipHostTaskId=-1 lastParentTaskIdBeforePip=-1 displayCutoutSafeInsets=null topActivityInfo=ActivityInfo{f3ee6ef com.wlav.stlauncher.MainActivity} launchCookies=[] positionInParent=Point(0, 0) parentTaskId=-1 isFocused=false isVisible=true isVisibleRequested=true isSleeping=false locusId=null displayAreaFeatureId=1 isTopActivityTransparent=false appCompatTaskInfo=AppCompatTaskInfo { topActivityInSizeCompat=false topActivityInOplusCompatMode=false topActivityEligibleForLetterboxEducation= falseisLetterboxEducationEnabled= false isLetterboxDoubleTapEnabled= false topActivityEligibleForUserAspectRatioButton= false topActivityBoundsLetterboxed= false isFromLetterboxDoubleTap= false topActivityLetterboxVerticalPosition= -1 topActivityLetterboxHorizontalPosition= -1 topActivityLetterboxWidth=1240 topActivityLetterboxHeight=2772 isUserFullscreenOverrideEnabled=false isSystemFullscreenOverrideEnabled=false cameraCompatTaskInfo=CameraCompatTaskInfo { cameraCompatControlState=hidden freeformCameraCompatMode=inactive}} topActivityLetterboxInsets=Rect(0, 0 - 0, 0) mOplusExtraBundle = Bundle[{androidx.flexible.taskFrame=Rect(0, 0 - 0, 0), key_flexible_task_state=0, androidx.activity.LaunchScenario=0, androidx.activity.LaunchScale=1.0}]} task:Task{9933fca #9051 type=standard A=10013:com.wlav.stlauncher}
03-08 14:58:23.541  3191  4951 D OplusFlexibleDragToSplitAnimController: visibleFlexibleTaskInfos delete:9051
03-08 14:58:23.541  3191  4951 D OplusDexOptimizeManager: pkgSetting null!
03-08 14:58:23.541  3191  4951 D OplusCameraStartupOptimization: cameraPreopenIfNeed, r = ActivityRecord{f5b3d6c u0 com.wlav.stlauncher/.MainActivity t9051}
03-08 14:58:23.541  3191  4951 D OplusCameraStartupOptimization: needOptimizeForCamera bNeedOptimize:false clsName: com.wlav.stlauncher/.MainActivity
03-08 14:58:23.541  3191  4951 D CompatChangeReporter: Compat change id reported: 324203798; UID 10013; state: ENABLED
03-08 14:58:23.542  3191  4439 I OPM     : handlePackageLaunched pkg: com.wlav.stlauncher, uid: 10013, pid: 25922
03-08 14:58:23.542  3191  4439 D OPM     : preload hitted!
03-08 14:58:23.542  4317  4362 D ShellTaskOrganizerExt: visibleFlexibleTaskInfos delete:9051
03-08 14:58:23.542  4317  4362 D ShellTaskOrganizerExt: isOnCanvas size:0
03-08 14:58:23.542  4317  4362 D ShellTaskOrganizerExt: isOnThreeFlexibleCanvas size:0
03-08 14:58:23.542  3191  3313 I UserAwareMgr: handleTopAppChanged: com.wlav.stlauncher, pid: 25922, uid: 10013
03-08 14:58:23.542  3191  4951 D ActivityTaskManager: onWindowFocusChanged Task{9933fca #9051 type=standard A=10013:com.wlav.stlauncher} would transfer to compact
03-08 14:58:23.542  3191  4951 I InputDispatcher: setFocusedApplication displayId=0 ActivityRecord{f5b3d6c u0 com.wlav.stlauncher/.MainActivity t9051}
03-08 14:58:23.542  3191  4951 D ActivityTaskManager: NFW_setLastResumedActivityUncheckLocked:true r:ActivityRecord{f5b3d6c u0 com.wlav.stlauncher/.MainActivity t9051} currentFocus:null
03-08 14:58:23.542  3191  4951 D WindowManager: NFW_findFocusedWindowIfNeeded:null mCurrentFocus:null
03-08 14:58:23.542  3191  4951 D FlexibleTaskController: onTaskFocusChanged prevTask:Task{f5aba88 #2 type=home I=com.android.launcher/.Launcher} ,currentTask:Task{9933fca #9051 type=standard A=10013:com.wlav.stlauncher}, reason: realStartActivityLocked - onActivityStateChanged
03-08 14:58:23.542  5266 18603 D OplusAtlas.OplusAtlasEventDispatch: setEvent:atlas_event_on_foreground_activities_changed info:pid:25922,uid:10013,hasForegroundActivities:1
03-08 14:58:23.542  5266  6944 D OplusAtlas.OplusAudioScene: callback success event:atlas_event_on_foreground_activities_changed eventInfo:pid:25922,uid:10013,hasForegroundActivities:1
03-08 14:58:23.542  4398  4969 I ProcessManager: onForegroundActivitiesChanged pid:25922, uid:10013, foregroundActivities:true
03-08 14:58:23.543  3191  3931 I [UAH_CLIENT]: UahEventAcquire, cmdid:0, pkg:com.wlav.stlauncher, identity:com.android.server.wm
03-08 14:58:23.543  3191  4951 I OplusAppSwitchManagerService: appswitch hasProcess ActivityRecord{f5b3d6c u0 com.wlav.stlauncher/.MainActivity t9051}
03-08 14:58:23.543  3191  4951 I OplusJoystickManager: handleApplicationSwitch deprecated!
03-08 14:58:23.543  3191  4951 I OplusAppSwitchManagerService: appswitch hasProcess ActivityRecord{f5b3d6c u0 com.wlav.stlauncher/.MainActivity t9051}
03-08 14:58:23.545 25922 25922 D OplusActivityManager: get AMS extension: android.os.BinderProxy@c657bba
03-08 14:58:23.546  3191  4531 D OplusWifiPower_TriggerCenter: mComponentCallback: fgapplist
03-08 14:58:23.548  5266  7596 D OplusAtlas.OplusMessageHandler: handleMessage: Msg { when=-1ms what=2 obj=com.oplus.atlas.OplusAtlasEvent@3ed0700 target=com.oplus.atlas.OplusMessageHandler$MyHandler }
03-08 14:58:23.548  5266  7292 D OplusAtlas.OplusMessageHandler: handleMessage: Msg { when=-1ms what=0 obj=com.oplus.atlas.OplusAtlasEvent@3ed0700 target=com.oplus.atlas.OplusMessageHandler$MyHandler }
03-08 14:58:23.548  1550  1570 E statsd  : Stats puller failed for tag: 150134 at 7521131119634
03-08 14:58:23.550  1991  2110 D AudioFlingerExtImpl: AudioFlingerExtImpl oplusSetParameters: keyvalue onForegroundActivitiesChanged=com.wlav.stlauncher:foreground:1
03-08 14:58:23.550  1991  2110 D AudioFlingerExtImpl: updateForegroundInfo mForegroundMap(1)|[com.wlav.stlauncher]=1
03-08 14:58:23.550  3191  4531 D OplusAppSwitchListener: Detect com.android.launcher switch to background
03-08 14:58:23.550 25922 25922 D CompactWindowAppManager: initCompactApplicationInfo CompactMode: , NormalMode: 
03-08 14:58:23.550  3191  4531 D OplusFeatureReduceBrightness: onAppExit , info = com.android.launcher
03-08 14:58:23.550  3191  4531 D OplusEapManager: mTargetExitName :com.android.launcher
03-08 14:58:23.550  3191  3326 E OplusThermalStats: Error getting package info: com.wlav.stlauncher
03-08 14:58:23.550  3191  3526 D VRR [OPlusRefreshRateService]: handleFrontAppChange pkgName: null
03-08 14:58:23.550  4003  4017 V DCSEX-AppSwitchManager: OnAppSwitchObserver: onAppExit, resuming = com.wlav.stlauncher, target = com.android.launcher, is ResumingFirstStart =  true, is ResumingMultiApp =  false, extensionInfo =  Bundle[mParcelledData.dataSize=128]
03-08 14:58:23.551  2010  2551 D VRR [OTI-HW]: isStateReady 0
03-08 14:58:23.551  3191  4951 W SurfaceFlingerPuller: Failed to pull atom 150119 from surfaceflinger. Success is 0, binder status is EX_NONE
03-08 14:58:23.551  2010  2551 D VRR [OTI-HW]: rate range: min {id=1, hwcId=1, resolution=1240x2772, vsyncRate=60.00 Hz, dpi=449.94x451.34, group=0, vrrConfig=N/A} cur {id=0, hwcId=0, resolution=1240x2772, vsyncRate=120.00 Hz, dpi=449.94x451.34, group=0, vrrConfig=N/A} max {id=0, hwcId=0, resolution=1240x2772, vsyncRate=120.00 Hz, dpi=449.94x451.34, group=0, vrrConfig=N/A}
03-08 14:58:23.551  2010  2551 D VRR [OTI-HW]: keep rate.
03-08 14:58:23.551  1550  1570 E statsd  : Gauge Stats puller failed for tag: 150119 at 7521131119634
03-08 14:58:23.551  1550  1570 I statsd  : An anomaly (104240000001) (42)0x10000->10013[I] (42)0x20000->com.wlav.stlauncher[S] (42)0x30000->.MainActivity[S]  has occurred! Informing subscribers.
03-08 14:58:23.551  4003  7953 D DCSEX-AppLaunchEventRecorder: onAppSwitch from = com.android.launcher to = com.wlav.stlauncher
03-08 14:58:23.551  4398  5013 I TcpSyn  : onIfNameChange: foregroundAppChange
03-08 14:58:23.551  4398  5013 I TcpSyn  : onIfNameChange: foregroundAppChange appUid=[10175]
03-08 14:58:23.551  4398  5013 I TcpSyn  : updateAllUids
03-08 14:58:23.551  4398  4969 D RunningProcessManager: update process info end, cost(ms) = 9
03-08 14:58:23.552  7538  9242 I OplusObrain: OplusObrainClientInvoke.getAllTopAppInfos
03-08 14:58:23.553  5357  9052 D midasd  : PowerFactors is null 
03-08 14:58:23.553  1837  1837 I CameraMidasService: getExplorerInfo The size of ExplorerInfo is 240 ,The size of ExplorerInfo is 0, The memory size of ExplorerInfo is 0
03-08 14:58:23.553  5357  9052 D midasd  : getExplorerInfo is null 
03-08 14:58:23.553  5357  9056 I midasd  : app forground called:com.wlav.stlauncher
03-08 14:58:23.554 25922 25922 D OplusScrollToTopManager: setIsInWhiteList false
03-08 14:58:23.554 25922 25922 D OplusViewDebugManager: OplusViewDebugManager Constructor android.view.debug.OplusViewDebugManager@59db9c8 [mHasViewDebugProperty true] [mHasMsgDebugProperty false] [DEBUG false] [EXTRAINFOENABLE false] [LIGHT_OS false]
03-08 14:58:23.554  6949  7672 W Battery : AppSwitchDetectorV2: OnAppSwitchObserver: onAppExit , info = OplusAppExitInfo = {  targetName = com.android.launcher hasResumingActivity = true resumingPackageName = com.wlav.stlauncher resumingActivityName = com.wlav.stlauncher.MainActivity resumingWindowMode = 1 isResumingMultiApp = false isResumingFirstStart = true extension = Bundle[mParcelledData.dataSize=128]}
03-08 14:58:23.554  3191  4531 D OplusAppSwitchListener: Detect com.wlav.stlauncher switch to foreground
03-08 14:58:23.555  3191  4531 W OplusFeatureGlobalLimitBrightness: switch to display normal mode 
03-08 14:58:23.555  3191  4531 D OplusFeatureRiderMode: onAppEnter , info = com.wlav.stlauncher
03-08 14:58:23.555  7538  9299 I OplusObrain: OplusObrainClientInvoke.nativeGetTelephonyInfo
03-08 14:58:23.555  3191  4531 D OplusEapManager: mTargetEnterName :com.wlav.stlauncher
03-08 14:58:23.555  3191  4531 D OplusLatencyOptimizerManager: enter pkg: com.wlav.stlauncher isPrevBlackAppTop: false mIsBlackAppTop: false
03-08 14:58:23.555  3191  4531 D VRR [OPlusFrontAppManager]: OnAppSwitchObserver: onAppEnter , info.targetName = com.wlav.stlauncher
03-08 14:58:23.555  6949  7672 W Battery : ThermalControlUtils: mForegroundPkg=com.wlav.stlauncher mLastWindowMode=1
03-08 14:58:23.556  4003  4017 V DCSEX-AppSwitchManager: OnAppSwitchObserver: onAppEnter, launchedFrom =  com.android.shell, target =  com.wlav.stlauncher, is firstStart =  true, is multiApp =  false, extensionInfo =  Bundle[mParcelledData.dataSize=188]
03-08 14:58:23.556  4466  4494 I Athena  : AthenaDynamicReceiver: pre_app:com.android.launcher, next_app:com.wlav.stlauncher(10013|25922)
03-08 14:58:23.557  4317  4317 I PluginSeedling--Base: SeedlingPluginService-->onStateChange: Bundle[{app_switch_resume_pkg=com.wlav.stlauncher, state=onFrontAppSwitched, isTransientHide=false, app_switch_resume_activity=com.wlav.stlauncher.MainActivity}]
03-08 14:58:23.557  4317  4317 D PluginSeedling--Base: AppFrontManager-->front App changed com.wlav.stlauncher
03-08 14:58:23.557  4317  4317 D PluginSeedling--Base: StatusBarDataManager-->onPluggableInvalidated FRONT_APP
03-08 14:58:23.557  3191  3343 I OplusSmartBrightnessController: handleMessage MSG_POWER_BRIGHTNESS_CHANGED.
03-08 14:58:23.557  3191  3340 D ColorAutomaticBrightnessController: MSG_UPDATE_BRIGHTNESS
03-08 14:58:23.557  7538  9299 I OplusObrain: OplusObrainClientInvoke.nativeGetTrafficTypeInfoForNetworkType networkType 0
03-08 14:58:23.558  4398  4724 D AppSwitchObserver: EventId=21	INPUT_PROCESS_FRONT	TimeStamp =1772953103558	Intent =null	Content =null	Pid =25922	PkgName =com.wlav.stlauncher
03-08 14:58:23.558  3191  3526 D VRR [OPlusRefreshRateService]: handleFrontAppChange pkgName: com.wlav.stlauncher
03-08 14:58:23.558  4398  4724 D ActivityAdapter: onCommonAppEnter: OplusAppEnterInfo = {  windowMode = 1 targetName = com.wlav.stlauncher multiApp = false firstStart = true launchedFromPackage = com.android.shell intent = Intent { flg=0x10000000 cmp=com.wlav.stlauncher/.MainActivity mCallingUid=2000 } extension = Bundle[mParcelledData.dataSize=188]}
03-08 14:58:23.558  4398  4724 D ActivityAdapter: remove msg EVENT_APP_EXIT
03-08 14:58:23.558  4398  4969 D AppSceneEventManager: handleMessage: 101
03-08 14:58:23.558  4398  4969 I DispatcherPolicy: onBaseEvent EventId=21	INPUT_PROCESS_FRONT	TimeStamp =1772953103558	Intent =null	Content =null	Pid =25922	PkgName =com.wlav.stlauncher
03-08 14:58:23.558  4398  4969 I GamingScene: onInputEvent : INPUT_PROCESS_FRONT
03-08 14:58:23.558  4398  4969 I GamingScene: isGamePkg : false  pkg: com.wlav.stlauncher
03-08 14:58:23.558  4398  4969 I LiveScene: onInputEvent : INPUT_PROCESS_FRONT
03-08 14:58:23.559  4398  4969 I ConferenceScene: event.eventId: 21
03-08 14:58:23.559  4398  4969 I ConferenceScene: uidGroups_contains_uid : false
03-08 14:58:23.559  4398  4969 I GamingScene: checkSceneStatus inScene : false  reason : scene_process_front  gameScene : 0
03-08 14:58:23.559  4398  4969 I GamingScene: screenOn : true
03-08 14:58:23.559  4398  4969 I GamingScene: topPackage is equal to mInScenePackage : false  topPackage : com.wlav.stlauncher mInScenePackage : 
03-08 14:58:23.559  4398  4969 I GamingScene: mGamingPkgSet contains topPackage : false  mGamingPkgSet : {}
03-08 14:58:23.559  4398  5013 D OplusLinkBoostSceneManager: onAppEnter:com.wlav.stlauncher
03-08 14:58:23.559  4398  5013 D OplusLinkBoostSceneManager: sceneStateUpdate: 5002,com.wlav.stlauncher,switch:[false, true, true]
03-08 14:58:23.559  4398  5013 D OplusLinkBoostGame: onSceneUpdated: 5002,com.wlav.stlauncher,switchOn: false
03-08 14:58:23.559  4398  5013 D OplusLinkBoostCommon: onSceneUpdated: 5002,com.wlav.stlauncher
03-08 14:58:23.559  3191  3526 D VRR [OPlusSAManager]: updateAutoMinfps with nits: 88.34272, mHistOK true, mAmbientOK true, mCctOK true, mIrOK false, mBrightnessOK true, isPkgOK true, SA min fps: 0
03-08 14:58:23.560  6949  7672 W Battery : ThermalControllerCenter: mSafetyState=10000,  mSafetyTestConfigList=01111,10111,11011,11101,11110,00111,01011,01101,01110,10011,10101,10110,11001,11010,11100,11111
03-08 14:58:23.560  6949  7672 W Battery : ThermalControllHandler: tempLevel=[0],userMode=2,gameUserMode=-1,appType=-1,envTempType=0,appStates=[],appSwitchSafetyMode=true,split=[],float=[],full=[com.wlav.stlauncher], tempGear=[0],configItemName=common_config
03-08 14:58:23.561  6949  7659 W Battery : ThermalControllHandler: MSG_THERMAL_CONTROL_CATEGORY_CHANGED
03-08 14:58:23.561  6949  7509 W Battery : AppSceneCenter: PerfPolicy not enable!
03-08 14:58:23.562 25922 25922 D CompatChangeReporter: Compat change id reported: 291868760; UID 10013; state: ENABLED
03-08 14:58:23.562  4398  4969 D RunningProcessManager: dispatch process change end, cost(ms) = 0
03-08 14:58:23.562  4398  4969 I RunningProcessManager: onProcessAdded: pid = 25922
03-08 14:58:23.565 25922 25922 W libc    : Access denied finding property "ro.odm.prev.product.name"
03-08 14:58:23.567 25922 25922 W ziparchive: Unable to open '/data/app/~~Pdf0XM54WdQ0DAi9OINbsw==/com.wlav.stlauncher-f5nxKK5sMSDNj86hXaynMQ==/base.dm': No such file or directory
03-08 14:58:23.567 25922 25922 W ziparchive: Unable to open '/data/app/~~Pdf0XM54WdQ0DAi9OINbsw==/com.wlav.stlauncher-f5nxKK5sMSDNj86hXaynMQ==/base.dm': No such file or directory
03-08 14:58:23.584  4541  4678 I SystemUiProxy: SystemUiProxy#getRecentTasks isInGoRecentsAnim: false
03-08 14:58:23.585  3191  3624 D ActivityTaskManager: Skipping, invisible task: Task{f5aba88 #2 type=home I=com.android.launcher/.Launcher}
03-08 14:58:23.585  3191  3624 D ActivityTaskManager: pre-Filtered:com.wlav.stlauncher # 
03-08 14:58:23.585  3191  3624 D ActivityTaskManager: after skip size 1
03-08 14:58:23.617  1666 24590 I sensors-hal: handle_oplus_wise_rgb_event:216, wise_rgb:algo_type = 3
03-08 14:58:23.617  1666 24590 I sensors-hal: handle_oplus_wise_rgb_event:271, wise_rgb: raw_lux 80.398567, raw_cct 5249.284180, r/g/b/c: 12176.683594/7561.823730/5173.757812/20537.402344, R/G/B: 0.000000/0.000000/0.000000, brl 1529.000000, lux: 80.398567, cct: 5249.284180, ts 7521192361156, cnt 37392
03-08 14:58:23.623 25922 25922 D nativeloader: Configuring clns-7 for other apk /data/app/~~Pdf0XM54WdQ0DAi9OINbsw==/com.wlav.stlauncher-f5nxKK5sMSDNj86hXaynMQ==/base.apk. target_sdk_version=35, uses_libraries=, library_path=/data/app/~~Pdf0XM54WdQ0DAi9OINbsw==/com.wlav.stlauncher-f5nxKK5sMSDNj86hXaynMQ==/lib/arm64, permitted_path=/data:/mnt/expand:/data/user/0/com.wlav.stlauncher
03-08 14:58:23.624 25922 25922 D CompatChangeReporter: Compat change id reported: 202956589; UID 10013; state: ENABLED
03-08 14:58:23.635 25922 25922 V GraphicsEnvironment: Currently set values for:
03-08 14:58:23.635 25922 25922 V GraphicsEnvironment:   angle_gl_driver_selection_pkgs=[]
03-08 14:58:23.635 25922 25922 V GraphicsEnvironment:   angle_gl_driver_selection_values=[]
03-08 14:58:23.635 25922 25922 V GraphicsEnvironment: Global.Settings values are invalid: number of packages: 0, number of values: 0
03-08 14:58:23.635 25922 25922 V GraphicsEnvironment: Updatable production driver is not supported on the device.
03-08 14:58:23.637 25922 25922 D ResourcesManagerExtImpl: applyConfigurationToAppResourcesLocked app.getDisplayId() return callback.displayId:-1
03-08 14:58:23.645 25922 25922 D CompatChangeReporter: Compat change id reported: 279646685; UID 10013; state: ENABLED
03-08 14:58:23.648 25922 25922 D nativeloader: Load libSchedAssistJni.so using system ns (caller=/system/framework/oplus-framework.jar): ok
03-08 14:58:23.648 25922 25922 D ExtensionsLoader: createInstance(64bit) : createExtendedFactory
03-08 14:58:23.648 25922 25922 D ExtensionsLoader: Opened libSchedAssistExtImpl.so
03-08 14:58:23.648 25922 25922 E SchedAssist: sysOpen failed with error=Permission denied
03-08 14:58:23.649 25922 25922 E SchedAssist: open sharedFd failed with error=Permission denied
03-08 14:58:23.649 25922 25922 E SchedAssist: open sharedFd failed with error=Permission denied
03-08 14:58:23.649 25922 25922 E SchedAssist: open sharedFd failed with error=Permission denied
03-08 14:58:23.649 25922 25922 E SchedAssist: open sharedFd failed with error=No such file or directory
03-08 14:58:23.651 25922 25922 D OplusGraphicsEvent: OplusGraphicsEventListener create now!
03-08 14:58:23.651 25922 25922 D OplusGraphicsEvent: addEventListener success!
03-08 14:58:23.652  3191  3624 E ScrollOptim [OplusPerfService]: isScrollOptimEnable: mSoptBean = ScrollOptimBean, mOptEnable=true, mCommonOnly=false, mPreAnimStrategy=1, mPreAnimBlacklist=[com.kyk.world, com.shopify.arrive], mPreAnimWhitelist=[], mInsertNum=1, mFrameInsertList={com.shopify.arrive={}, com.sina.weibo={com.sina.weibo.VisitorMainTabActivity=3}, com.tencent.mm={com.tencent.mm.ui.AlbumUI=3, com.tencent.mm.plugin.sns.ui.SnsTimeLineUI=3, com.tencent.mm.plugin.sns.ui.improve.ImproveSnsTimelineUI=3}, com.taobao.idlefish={}, com.kyk.world={}}, mSCEnableList={com.ss.android.ugc.aweme=[com.ss.android.ugc.aweme.splash.SplashActivity], com.sankuai.meituan=[com.meituan.android.pt.homepage.activity.MainActivity], com.dragon.read=[com.dragon.read.pages.main.MainFragmentActivity], com.sina.weibo=[com.sina.weibo.VisitorMainTabActivity], com.xunmeng.pinduoduo=[com.xunmeng.pinduoduo.activity.NewPageActivity], com.tencent.qqmusic=[com.tencent.qqmusic.activity.AppStarterActivity], com.tencent.mobileqq=[com.qzone.feed.ui.activity.QZoneFriendFeedActivity], com.tencent.qqlive=[com.tencent.qqlive.ona.activity.SplashHomeActivity], com.ct.client=[com.ct.client.activity.MainActivity]}
03-08 14:58:23.652  3191  3624 E ScrollOptim [OplusPerfService]: isScrollOptimEnable: pkgName = com.wlav.stlauncher, output = Bundle[{pre_anim_enable=true, frame_insert_list=null, frame_insert_default_num=1, scroll_changed_enable_list=null}]
03-08 14:58:23.653 25922 25922 D ScrollOptim [ConfigManager]: initOptConfig: pkg= com.wlav.stlauncher, mOptEnable= true, mAnimAheadEnable= true, mInsertDefaultNum= 1, mFrameInsertEnableList= {}, mSCEnableList= []
03-08 14:58:23.655  3191  3624 I ActivityManager: Flag disabled. Ignoring finishAttachApplication from uid: 10013. pid: 25922
03-08 14:58:23.656  3191  4238 I [UAH_CLIENT]: UahEventAcquire, cmdid:2, pkg:none, identity:OplusActivityManagerServiceEnhance
03-08 14:58:23.656  1997 29349 D GpuServiceExtImpl: getRUSWhiteList  size 0
03-08 14:58:23.656 25922 25922 I HWUI    : SupportApps size 0
03-08 14:58:23.658 25922 25943 D ExtensionsLoader: createInstance(64bit) : createExtendedFactory
03-08 14:58:23.658 25922 25943 D ExtensionsLoader: Opened libSchedAssistExtImpl.so
03-08 14:58:23.663 25922 25922 D ResourcesManagerExtImpl: applyConfigurationToAppResourcesLocked app.getDisplayId() return callback.displayId:0
03-08 14:58:23.681 25922 25922 D AppCompatDelegate: Checking for metadata for AppLocalesMetadataHolderService : Service not found
03-08 14:58:23.700 25922 25922 I oplus.android.OplusFrameworkFactoryImpl: Unknow feature:IOplusTextViewRTLUtilForUG
03-08 14:58:23.701 25922 25922 D nativeloader: Load liboplushwui_jni.so using system ns (caller=/system/framework/oplus-framework.jar): ok
03-08 14:58:23.705 25922 25922 D CompatChangeReporter: Compat change id reported: 309578419; UID 10013; state: ENABLED
03-08 14:58:23.705 25922 25922 D OplusWindowManager: get WMS extension: android.os.BinderProxy@b16d8be
03-08 14:58:23.706  3191  4238 W OplusNavigationBarUtil: color navigation bar util isn't init.
03-08 14:58:23.718 25922 25922 W wlav.stlauncher: Accessing hidden method Landroid/view/ViewGroup;->makeOptionalFitsSystemWindows()V (unsupported, reflection, allowed)
03-08 14:58:23.726 25922 25922 I WebViewFactory: Loading com.google.android.webview version 143.0.7499.192 (code 749919233)
03-08 14:58:23.730 25922 25922 W ziparchive: Unable to open '/data/app/~~nUpwanGzO6O32-0cfnZZRA==/com.google.android.trichromelibrary_749919233-Ak1MsJC-6QUXhHwNezImFg==/base.dm': No such file or directory
03-08 14:58:23.730 25922 25922 W ziparchive: Unable to open '/data/app/~~nUpwanGzO6O32-0cfnZZRA==/com.google.android.trichromelibrary_749919233-Ak1MsJC-6QUXhHwNezImFg==/base.dm': No such file or directory
03-08 14:58:23.730 25922 25922 W wlav.stlauncher: Entry not found
03-08 14:58:23.731 25922 25922 D nativeloader: Configuring clns-8 for other apk /data/app/~~nUpwanGzO6O32-0cfnZZRA==/com.google.android.trichromelibrary_749919233-Ak1MsJC-6QUXhHwNezImFg==/base.apk. target_sdk_version=36, uses_libraries=ALL, library_path=/data/app/~~qvSJ9RDqGJhQkhRXxxOEIg==/com.google.android.webview-UifxlFzc2BbwU4a0fg7oWA==/lib/arm64:/data/app/~~qvSJ9RDqGJhQkhRXxxOEIg==/com.google.android.webview-UifxlFzc2BbwU4a0fg7oWA==/base.apk!/lib/arm64-v8a:/data/app/~~nUpwanGzO6O32-0cfnZZRA==/com.google.android.trichromelibrary_749919233-Ak1MsJC-6QUXhHwNezImFg==/base.apk!/lib/arm64-v8a, permitted_path=/data:/mnt/expand
03-08 14:58:23.731 25922 25922 D nativeloader: Extending system_exposed_libraries: libbinauralrenderer_wrapper.qti.so:libhoaeffects.qti.so:libSloganJni.oplus.so:libsuperNight.oplus.so:libAPSClient-cmd-jni-extension.oplus.so:libsatellite_audio_jni.oplus.so:libortc_so.oplus.so:libsoundtouch.oplus.so:libsoundtouch_jni.oplus.so:libOplusStringJNI-extension.oplus.so:libapssuspend-jni.oplus.so:libupdateprof.qti.so:libthermalclient.qti.so:libqape.qti.so:libqesdk_ndk_platform.qti.so:liblistenjni.qti.so
03-08 14:58:23.731 25922 25922 D ApplicationLoaders: Returning zygote-cached class loader: /system_ext/framework/androidx.window.extensions.jar
03-08 14:58:23.732 25922 25922 W wlav.stlauncher: Loading /data/app/~~qvSJ9RDqGJhQkhRXxxOEIg==/com.google.android.webview-UifxlFzc2BbwU4a0fg7oWA==/oat/arm64/base.odex non-executable as it requires an image which we failed to load
03-08 14:58:23.733 25922 25922 D nativeloader: Configuring clns-9 for other apk /data/app/~~qvSJ9RDqGJhQkhRXxxOEIg==/com.google.android.webview-UifxlFzc2BbwU4a0fg7oWA==/base.apk. target_sdk_version=36, uses_libraries=, library_path=/data/app/~~qvSJ9RDqGJhQkhRXxxOEIg==/com.google.android.webview-UifxlFzc2BbwU4a0fg7oWA==/lib/arm64:/data/app/~~qvSJ9RDqGJhQkhRXxxOEIg==/com.google.android.webview-UifxlFzc2BbwU4a0fg7oWA==/base.apk!/lib/arm64-v8a:/data/app/~~nUpwanGzO6O32-0cfnZZRA==/com.google.android.trichromelibrary_749919233-Ak1MsJC-6QUXhHwNezImFg==/base.apk!/lib/arm64-v8a, permitted_path=/data:/mnt/expand
03-08 14:58:23.733  3191  4951 I AppsFilter: interaction: PackageSetting{a61b50f com.wlav.stlauncher/10013} -> PackageSetting{931a0bb com.coloros.backuprestore/10260} BLOCKED
03-08 14:58:23.733  3191  4951 I AppsFilter: interaction: PackageSetting{a61b50f com.wlav.stlauncher/10013} -> PackageSetting{4bc99d8 com.whatsapp.w4b/10492} BLOCKED
03-08 14:58:23.733  3191  4951 I AppsFilter: interaction: PackageSetting{a61b50f com.wlav.stlauncher/10013} -> PackageSetting{3d8131 com.android.cts.priv.ctsshim/10245} BLOCKED
03-08 14:58:23.733  3191  4951 I AppsFilter: interaction: PackageSetting{a61b50f com.wlav.stlauncher/10013} -> PackageSetting{4732016 com.quark.browser/10289} BLOCKED
03-08 14:58:23.733  3191  4951 I AppsFilter: interaction: PackageSetting{a61b50f com.wlav.stlauncher/10013} -> PackageSetting{fcf8d97 com.google.android.youtube/10385} BLOCKED
03-08 14:58:23.733  3191  4951 I AppsFilter: interaction: PackageSetting{a61b50f com.wlav.stlauncher/10013} -> PackageSetting{24d7b84 com.trainnote.rn/10024} BLOCKED
03-08 14:58:23.733  3191  4951 I AppsFilter: interaction: PackageSetting{a61b50f com.wlav.stlauncher/10013} -> PackageSetting{2b7ff6d com.oneplus.member/10374} BLOCKED
03-08 14:58:23.733  3191  4951 I AppsFilter: interaction: PackageSetting{a61b50f com.wlav.stlauncher/10013} -> PackageSetting{37927a2 com.oppo.ctautoregist/10222} BLOCKED
03-08 14:58:23.733  3191  4951 I AppsFilter: interaction: PackageSetting{a61b50f com.wlav.stlauncher/10013} -> PackageSetting{df56c33 com.android.uwb.resources/10253} BLOCKED
03-08 14:58:23.733  3191  4951 I AppsFilter: interaction: PackageSetting{a61b50f com.wlav.stlauncher/10013} -> PackageSetting{b24c530 com.android.internal.display.cutout.emulation.corner/10028} BLOCKED
03-08 14:58:23.734  3191  4951 I AppsFilter: interaction: PackageSetting{a61b50f com.wlav.stlauncher/10013} -> PackageSetting{ae8cbf0 com.oplus.smartengine/10162} BLOCKED
03-08 14:58:23.734  3191  4951 I AppsFilter: interaction: PackageSetting{a61b50f com.wlav.stlauncher/10013} -> PackageSetting{cefd72e com.android.internal.display.cutout.emulation.double/10021} BLOCKED
03-08 14:58:23.734  3191  4951 I AppsFilter: interaction: PackageSetting{a61b50f com.wlav.stlauncher/10013} -> PackageSetting{ee22569 com.microsoft.appmanager/10413} BLOCKED
03-08 14:58:23.734  3191  4951 I AppsFilter: interaction: PackageSetting{a61b50f com.wlav.stlauncher/10013} -> PackageSetting{5e61bee com.agoda.mobile.consumer/10232} BLOCKED
03-08 14:58:23.734  3191  4951 I AppsFilter: interaction: PackageSetting{a61b50f com.wlav.stlauncher/10013} -> PackageSetting{790988f com.wepie.weplay/10446} BLOCKED
03-08 14:58:23.734  3191  4951 I AppsFilter: interaction: PackageSetting{a61b50f com.wlav.stlauncher/10013} -> PackageSetting{4a6b71c com.oplus.securitykeyboard/10152} BLOCKED
03-08 14:58:23.734  3191  4951 I AppsFilter: interaction: PackageSetting{a61b50f com.wlav.stlauncher/10013} -> PackageSetting{26eaf25 com.unionpay.tsmservice/10256} BLOCKED
03-08 14:58:23.734  3191  4951 I AppsFilter: interaction: PackageSetting{a61b50f com.wlav.stlauncher/10013} -> PackageSetting{e1c08fa com.android.healthconnect.controller/10423} BLOCKED
03-08 14:58:23.734  3191  4951 I AppsFilter: interaction: PackageSetting{a61b50f com.wlav.stlauncher/10013} -> PackageSetting{8082eab com.google.android.googlequicksearchbox/10438} BLOCKED
03-08 14:58:23.734  3191  4951 I AppsFilter: interaction: PackageSetting{a61b50f com.wlav.stlauncher/10013} -> PackageSetting{cf62908 com.heytap.pictorial/10160} BLOCKED
03-08 14:58:23.734  3191  4951 I AppsFilter: interaction: PackageSetting{a61b50f com.wlav.stlauncher/10013} -> PackageSetting{98018a1 com.readunion.ireader/10440} BLOCKED
03-08 14:58:23.734  3191  4951 I AppsFilter: interaction: PackageSetting{a61b50f com.wlav.stlauncher/10013} -> PackageSetting{91bac6 com.inspur.sdaic.app/10038} BLOCKED
03-08 14:58:23.734  3191  4951 I AppsFilter: interaction: PackageSetting{a61b50f com.wlav.stlauncher/10013} -> PackageSetting{190a87 com.coloros.smartsidebar/10161} BLOCKED
03-08 14:58:23.734  3191  4951 I AppsFilter: interaction: PackageSetting{a61b50f com.wlav.stlauncher/10013} -> PackageSetting{748cdb4 com.coloros.karaoke/10149} BLOCKED
03-08 14:58:23.734  3191  4951 I AppsFilter: interaction: PackageSetting{a61b50f com.wlav.stlauncher/10013} -> PackageSetting{5e49ddd com.google.android.apps.docs.editors.docs/10484} BLOCKED
03-08 14:58:23.734  3191  4951 I AppsFilter: interaction: PackageSetting{a61b50f com.wlav.stlauncher/10013} -> PackageSetting{5ebd52 com.google.android.onetimeinitializer/10220} BLOCKED
03-08 14:58:23.734  3191  4951 I AppsFilter: interaction: PackageSetting{a61b50f com.wlav.stlauncher/10013} -> PackageSetting{571c823 com.shaoniandream/10456} BLOCKED
03-08 14:58:23.734  3191  4951 I AppsFilter: interaction: PackageSetting{a61b50f com.wlav.stlauncher/10013} -> PackageSetting{a7f1120 com.android.health.connect.backuprestore/10424} BLOCKED
03-08 14:58:23.734  3191  4951 I AppsFilter: interaction: PackageSetting{a61b50f com.wlav.stlauncher/10013} -> PackageSetting{e123ad9 com.google.android.ext.shared/10218} BLOCKED
03-08 14:58:23.734  3191  4951 I AppsFilter: interaction: PackageSetting{a61b50f com.wlav.stlauncher/10013} -> PackageSetting{8875c9e com.alicloud.databox/10084} BLOCKED
03-08 14:58:23.734  3191  4951 I AppsFilter: interaction: PackageSetting{a61b50f com.wlav.stlauncher/10013} -> PackageSetting{ec37f com.heytap.cloud/10137} BLOCKED
03-08 14:58:23.734  3191  4951 I AppsFilter: interaction: PackageSetting{a61b50f com.wlav.stlauncher/10013} -> PackageSetting{9141f4c com.android.virtualmachine.res/10426} BLOCKED
03-08 14:58:23.734  3191  4951 I AppsFilter: interaction: PackageSetting{a61b50f com.wlav.stlauncher/10013} -> PackageSetting{fe2ab95 com.mxtech.videoplayer.pro/10398} BLOCKED
03-08 14:58:23.734  3191  4951 I AppsFilter: interaction: PackageSetting{a61b50f com.wlav.stlauncher/10013} -> PackageSetting{e08a4aa com.sohu.inputmethod.sogou/10292} BLOCKED
03-08 14:58:23.734  3191  4951 I AppsFilter: interaction: PackageSetting{a61b50f com.wlav.stlauncher/10013} -> PackageSetting{1439124 com.android.wifi.resources.overlay.oplus/10003} BLOCKED
03-08 14:58:23.734  3191  4951 I AppsFilter: interaction: PackageSetting{a61b50f com.wlav.stlauncher/10013} -> PackageSetting{156189b com.openrice.android/10351} BLOCKED
03-08 14:58:23.734  3191  4951 I AppsFilter: interaction: PackageSetting{a61b50f com.wlav.stlauncher/10013} -> PackageSetting{9e438 com.finshell.wallet/10369} BLOCKED
03-08 14:58:23.734  3191  4951 I AppsFilter: interaction: PackageSetting{a61b50f com.wlav.stlauncher/10013} -> PackageSetting{30f6c11 com.android.bankabc/10306} BLOCKED
03-08 14:58:23.734  3191  4951 I AppsFilter: interaction: PackageSetting{a61b50f com.wlav.stlauncher/10013} -> PackageSetting{6a46176 com.tmri.app.main/10319} BLOCKED
03-08 14:58:23.734  3191  4951 I AppsFilter: interaction: PackageSetting{a61b50f com.wlav.stlauncher/10013} -> PackageSetting{f3a377 com.douban.frodo/10318} BLOCKED
03-08 14:58:23.734  3191  4951 I AppsFilter: interaction: PackageSetting{a61b50f com.wlav.stlauncher/10013} -> PackageSetting{8950be4 com.coloros.translate/10271} BLOCKED
03-08 14:58:23.734  3191  4951 I AppsFilter: interaction: PackageSetting{a61b50f com.wlav.stlauncher/10013} -> PackageSetting{76db84d com.pikcloud.pikpak/10214} BLOCKED
03-08 14:58:23.734  3191  4951 I AppsFilter: interaction: PackageSetting{a61b50f com.wlav.stlauncher/10013} -> PackageSetting{6d1f02 com.sinovatech.unicom.ui/10468} BLOCKED
03-08 14:58:23.734  3191  4951 I AppsFilter: interaction: PackageSetting{a61b50f com.wlav.stlauncher/10013} -> PackageSetting{b750013 com.oplus.screenrecorder/10099} BLOCKED
03-08 14:58:23.734  3191  4951 I AppsFilter: interaction: PackageSetting{a61b50f com.wlav.stlauncher/10013} -> PackageSetting{8890250 com.EmpromGame.FareoShadowlands/10384} BLOCKED
03-08 14:58:23.734  3191  4951 I AppsFilter: interaction: PackageSetting{a61b50f com.wlav.stlauncher/10013} -> PackageSetting{aea8c49 com.seetong.app.seetong/10381} BLOCKED
03-08 14:58:23.734  3191  4951 I AppsFilter: interaction: PackageSetting{a61b50f com.wlav.stlauncher/10013} -> PackageSetting{612294e com.sohu.inputmethod.sogouoem/10286} BLOCKED
03-08 14:58:23.734  3191  4951 I AppsFilter: interaction: PackageSetting{a61b50f com.wlav.stlauncher/10013} -> PackageSetting{ea58a6f com.quora.android/10396} BLOCKED
03-08 14:58:23.734  3191  4951 I AppsFilter: interaction: PackageSetting{a61b50f com.wlav.stlauncher/10013} -> PackageSetting{d83f37c com.phoenix.read/10506} BLOCKED
03-08 14:58:23.734  3191  4951 I AppsFilter: interaction: PackageSetting{a61b50f com.wlav.stlauncher/10013} -> PackageSetting{346a405 com.android.htmlviewer/10194} BLOCKED
03-08 14:58:23.734  3191  4951 I AppsFilter: interaction: PackageSetting{a61b50f com.wlav.stlauncher/10013} -> PackageSetting{beb8c5a com.coloros.healthcheck/10145} BLOCKED
03-08 14:58:23.734  3191  4951 I AppsFilter: interaction: PackageSetting{a61b50f com.wlav.stlauncher/10013} -> PackageSetting{faa5e8b com.chucklefish.stardewvalley/10452} BLOCKED
03-08 14:58:23.734  3191  4951 I AppsFilter: interaction: PackageSetting{a61b50f com.wlav.stlauncher/10013} -> PackageSetting{edacb68 com.dealmoon.android/10008} BLOCKED
03-08 14:58:23.734  3191  4951 I AppsFilter: interaction: PackageSetting{a61b50f com.wlav.stlauncher/10013} -> PackageSetting{7927b81 jp.naver.line.android/10474} BLOCKED
03-08 14:58:23.734  3191  4951 I AppsFilter: interaction: PackageSetting{a61b50f com.wlav.stlauncher/10013} -> PackageSetting{1c61426 com.tencent.androidqqmail/10329} BLOCKED
03-08 14:58:23.734  3191  4951 I AppsFilter: interaction: PackageSetting{a61b50f com.wlav.stlauncher/10013} -> PackageSetting{6de5867 com.coloros.weather.service/10154} BLOCKED
03-08 14:58:23.734  3191  4951 I AppsFilter: interaction: PackageSetting{a61b50f com.wlav.stlauncher/10013} -> PackageSetting{2453614 com.smzdm.client.android/10282} BLOCKED
03-08 14:58:23.734  3191  4951 I AppsFilter: interaction: PackageSetting{a61b50f com.wlav.stlauncher/10013} -> PackageSetting{56a4ebd com.google.android.apps.docs.editors.sheets/10486} BLOCKED
03-08 14:58:23.734  3191  4951 I AppsFilter: interaction: PackageSetting{a61b50f com.wlav.stlauncher/10013} -> PackageSetting{56f4cb2 com.kugou.android.lite/10378} BLOCKED
03-08 14:58:23.734  3191  4951 I AppsFilter: interaction: PackageSetting{a61b50f com.wlav.stlauncher/10013} -> PackageSetting{d6e1403 com.mt.mtxx.mtxx/10207} BLOCKED
03-08 14:58:23.734  3191  4951 I AppsFilter: interaction: PackageSetting{a61b50f com.wlav.stlauncher/10013} -> PackageSetting{f499f80 com.oneplus.brickmode/10274} BLOCKED
03-08 14:58:23.734  3191  4951 I AppsFilter: interaction: PackageSetting{a61b50f com.wlav.stlauncher/10013} -> PackageSetting{df219b9 com.paypal.android.p2pmobile/10134} BLOCKED
03-08 14:58:23.734  3191  4951 I AppsFilter: interaction: PackageSetting{a61b50f com.wlav.stlauncher/10013} -> PackageSetting{20181fe com.discord/10379} BLOCKED
03-08 14:58:23.734  3191  4951 I AppsFilter: interaction: PackageSetting{a61b50f com.wlav.stlauncher/10013} -> PackageSetting{8b3ed5f com.openai.chatgpt/10464} BLOCKED
03-08 14:58:23.735  3191  4951 I AppsFilter: interaction: PackageSetting{a61b50f com.wlav.stlauncher/10013} -> PackageSetting{d6933ac com.heytap.health/10272} BLOCKED
03-08 14:58:23.735  3191  4951 I AppsFilter: interaction: PackageSetting{a61b50f com.wlav.stlauncher/10013} -> PackageSetting{6919875 cn.gov.tax.its/10458} BLOCKED
03-08 14:58:23.735  3191  4951 I AppsFilter: interaction: PackageSetting{a61b50f com.wlav.stlauncher/10013} -> PackageSetting{7efc00a com.oplus.apprecover/10092} BLOCKED
03-08 14:58:23.735  3191  4951 I AppsFilter: interaction: PackageSetting{a61b50f com.wlav.stlauncher/10013} -> PackageSetting{f54007b com.oplus.themestore/10356} BLOCKED
03-08 14:58:23.735  3191  4951 I AppsFilter: interaction: PackageSetting{a61b50f com.wlav.stlauncher/10013} -> PackageSetting{90bde98 com.MobileTicket/10212} BLOCKED
03-08 14:58:23.735  3191  4951 I AppsFilter: interaction: PackageSetting{a61b50f com.wlav.stlauncher/10013} -> PackageSetting{97046f1 cn.cyberIdentity.certification/10444} BLOCKED
03-08 14:58:23.735  3191  4951 I AppsFilter: interaction: PackageSetting{a61b50f com.wlav.stlauncher/10013} -> PackageSetting{9d1d2d6 com.cimoc.haleydu/10508} BLOCKED
03-08 14:58:23.735  3191  4951 I AppsFilter: interaction: PackageSetting{a61b50f com.wlav.stlauncher/10013} -> PackageSetting{4182957 com.oplus.aod/10130} BLOCKED
03-08 14:58:23.735  3191  4951 I AppsFilter: interaction: PackageSetting{a61b50f com.wlav.stlauncher/10013} -> PackageSetting{b2c4c44 com.oplus.dfs/10324} BLOCKED
03-08 14:58:23.735  3191  4951 I AppsFilter: interaction: PackageSetting{a61b50f com.wlav.stlauncher/10013} -> PackageSetting{1b1612d com.oplus.dmp/10103} BLOCKED
03-08 14:58:23.735  3191  4951 I AppsFilter: interaction: PackageSetting{a61b50f com.wlav.stlauncher/10013} -> PackageSetting{9f04662 com.oplus.pay/10124} BLOCKED
03-08 14:58:23.735  3191  4951 I AppsFilter: interaction: PackageSetting{a61b50f com.wlav.stlauncher/10013} -> PackageSetting{28c03f3 com.oplus.sos/10101} BLOCKED
03-08 14:58:23.735  3191  4951 I AppsFilter: interaction: PackageSetting{a61b50f com.wlav.stlauncher/10013} -> PackageSetting{fc3e8b0 com.heytap.market/10080} BLOCKED
03-08 14:58:23.735  3191  4951 I AppsFilter: interaction: PackageSetting{a61b50f com.wlav.stlauncher/10013} -> PackageSetting{f6fe329 com.google.android.configupdater/10221} BLOCKED
03-08 14:58:23.735  3191  4951 I AppsFilter: interaction: PackageSetting{a61b50f com.wlav.stlauncher/10013} -> PackageSetting{49066ae com.coloros.systemclone/10076} BLOCKED
03-08 14:58:23.735  3191  4951 I AppsFilter: interaction: PackageSetting{a61b50f com.wlav.stlauncher/10013} -> PackageSetting{958ec4f com.wmystudio.will/10341} BLOCKED
03-08 14:58:23.735  3191  4951 I AppsFilter: interaction: PackageSetting{a61b50f com.wlav.stlauncher/10013} -> PackageSetting{6f6dfdc com.oplus.romupdate/10155} BLOCKED
03-08 14:58:23.735  3191  4951 I AppsFilter: interaction: PackageSetting{a61b50f com.wlav.stlauncher/10013} -> PackageSetting{f7a88e5 moe.shizuku.privileged.api/10453} BLOCKED
03-08 14:58:23.735  3191  4951 I AppsFilter: interaction: PackageSetting{a61b50f com.wlav.stlauncher/10013} -> PackageSetting{3003fba com.baidu.input_oppo/10118} BLOCKED
03-08 14:58:23.735  3191  4951 I AppsFilter: interaction: PackageSetting{a61b50f com.wlav.stlauncher/10013} -> PackageSetting{e61fe6b com.openmedia.om4kVideoDownloader/10346} BLOCKED
03-08 14:58:23.735  3191  4951 I AppsFilter: interaction: PackageSetting{a61b50f com.wlav.stlauncher/10013} -> PackageSetting{15dc4ab com.google.ar.core/10114} BLOCKED
03-08 14:58:23.735  3191  4951 I AppsFilter: interaction: PackageSetting{a61b50f com.wlav.stlauncher/10013} -> PackageSetting{d001dc8 com.android.safetycenter.resources/10254} BLOCKED
03-08 14:58:23.735  3191  4951 I AppsFilter: interaction: PackageSetting{a61b50f com.wlav.stlauncher/10013} -> PackageSetting{2cfce61 in.zhaoj.shadowsocksr/10305} BLOCKED
03-08 14:58:23.735  3191  4951 I AppsFilter: interaction: PackageSetting{a61b50f com.wlav.stlauncher/10013} -> PackageSetting{3629d86 com.android.simappdialog/10069} BLOCKED
03-08 14:58:23.735  3191  4951 I AppsFilter: interaction: PackageSetting{a61b50f com.wlav.stlauncher/10013} -> PackageSetting{8a01647 com.coloros.oshare/10096} BLOCKED
03-08 14:58:23.735  3191  4951 I AppsFilter: interaction: PackageSetting{a61b50f com.wlav.stlauncher/10013} -> PackageSetting{4dd4e74 com.xingin.xhs/10293} BLOCKED
03-08 14:58:23.735  3191  4951 I AppsFilter: interaction: PackageSetting{a61b50f com.wlav.stlauncher/10013} -> PackageSetting{1d9ef9d com.fuwaihospital.fwapp/10500} BLOCKED
03-08 14:58:23.735  3191  4951 I AppsFilter: interaction: PackageSetting{a61b50f com.wlav.stlauncher/10013} -> PackageSetting{13b0c12 com.android.connectivity.resources/10247} BLOCKED
03-08 14:58:23.735  3191  4951 I AppsFilter: interaction: PackageSetting{a61b50f com.wlav.stlauncher/10013} -> PackageSetting{bbdcfe3 com.coloros.scenemode/10156} BLOCKED
03-08 14:58:23.735  3191  4951 I AppsFilter: interaction: PackageSetting{a61b50f com.wlav.stlauncher/10013} -> PackageSetting{1badde0 com.tencent.mm/10303} BLOCKED
03-08 14:58:23.735  3191  4951 I AppsFilter: interaction: PackageSetting{a61b50f com.wlav.stlauncher/10013} -> PackageSetting{76ae899 com.alibaba.cloudmail/10405} BLOCKED
03-08 14:58:23.735  3191  4951 I AppsFilter: interaction: PackageSetting{a61b50f com.wlav.stlauncher/10013} -> PackageSetting{a97f1f3 com.android.internal.display.cutout.emulation.hole/10020} BLOCKED
03-08 14:58:23.735  3191  4951 I AppsFilter: interaction: PackageSetting{a61b50f com.wlav.stlauncher/10013} -> PackageSetting{35c3eb0 com.android.internal.display.cutout.emulation.tall/10012} BLOCKED
03-08 14:58:23.735  3191  4951 I AppsFilter: interaction: PackageSetting{a61b50f com.wlav.stlauncher/10013} -> PackageSetting{ab9d75e com.slothwerks.krumit/10437} BLOCKED
03-08 14:58:23.735  3191  4951 I AppsFilter: interaction: PackageSetting{a61b50f com.wlav.stlauncher/10013} -> PackageSetting{173873f com.android.modulemetadata/10109} BLOCKED
03-08 14:58:23.735  3191  4951 I AppsFilter: interaction: PackageSetting{a61b50f com.wlav.stlauncher/10013} -> PackageSetting{b1ff80c com.qidian.QDReader/10310} BLOCKED
03-08 14:58:23.735  3191  4951 I AppsFilter: interaction: PackageSetting{a61b50f com.wlav.stlauncher/10013} -> PackageSetting{f787555 com.sdu.didi.psnger/10431} BLOCKED
03-08 14:58:23.735  3191  4951 I AppsFilter: interaction: PackageSetting{a61b50f com.wlav.stlauncher/10013} -> PackageSetting{ec80b6a com.hundsun.qy.hospitalcloud.bj.xhhosp.hsyy/10173} BLOCKED
03-08 14:58:23.735  3191  4951 I AppsFilter: interaction: PackageSetting{a61b50f com.wlav.stlauncher/10013} -> PackageSetting{ca3585b com.chinamworld.bocmbci/10326} BLOCKED
03-08 14:58:23.735  3191  4951 I AppsFilter: interaction: PackageSetting{a61b50f com.wlav.stlauncher/10013} -> PackageSetting{7da88f8 com.reddit.frontpage/10328} BLOCKED
03-08 14:58:23.735  3191  4951 I AppsFilter: interaction: PackageSetting{a61b50f com.wlav.stlauncher/10013} -> PackageSetting{48d33c8 com.android.internal.systemui.navbar.threebutton/10022} BLOCKED
03-08 14:58:23.735  3191  4951 I AppsFilter: interaction: PackageSetting{a61b50f com.wlav.stlauncher/10013} -> PackageSetting{59811d1 com.android.wifi.dialog/10252} BLOCKED
03-08 14:58:23.735  3191  4951 I AppsFilter: interaction: PackageSetting{a61b50f com.wlav.stlauncher/10013} -> PackageSetting{fd37436 com.coloros.bootreg/10095} BLOCKED
03-08 14:58:23.735  3191  4951 I AppsFilter: interaction: PackageSetting{a61b50f com.wlav.stlauncher/10013} -> PackageSetting{2351f37 com.oplus.appdetail/10077} BLOCKED
03-08 14:58:23.735  3191  4951 I AppsFilter: interaction: PackageSetting{a61b50f com.wlav.stlauncher/10013} -> PackageSetting{bab3ca4 com.android.contacts/10226} BLOCKED
03-08 14:58:23.735  3191  4951 I AppsFilter: interaction: PackageSetting{a61b50f com.wlav.stlauncher/10013} -> PackageSetting{f3afa0d com.lion.market/10340} BLOCKED
03-08 14:58:23.735  3191  4951 I AppsFilter: interaction: PackageSetting{a61b50f com.wlav.stlauncher/10013} -> PackageSetting{75a9dc2 xyz.chatboxapp.chatbox/10367} BLOCKED
03-08 14:58:23.735  3191  4951 I AppsFilter: interaction: PackageSetting{a61b50f com.wlav.stlauncher/10013} -> PackageSetting{3b277d3 com.shizhuang.duapp/10085} BLOCKED
03-08 14:58:23.735  3191  4951 I AppsFilter: interaction: PackageSetting{a61b50f com.wlav.stlauncher/10013} -> PackageSetting{3b17f10 com.ted.number/10225} BLOCKED
03-08 14:58:23.735  3191  4951 I AppsFilter: interaction: PackageSetting{a61b50f com.wlav.stlauncher/10013} -> PackageSetting{daa2a09 com.oplus.upgradeguide/10180} BLOCKED
03-08 14:58:23.735  3191  4951 I AppsFilter: interaction: PackageSetting{a61b50f com.wlav.stlauncher/10013} -> PackageSetting{638d40e org.telegram.messenger.web/10459} BLOCKED
03-08 14:58:23.735  3191  4951 I AppsFilter: interaction: PackageSetting{a61b50f com.wlav.stlauncher/10013} -> PackageSetting{7a2be2f com.oplus.travelengine/10359} BLOCKED
03-08 14:58:23.735  3191  4951 I AppsFilter: interaction: PackageSetting{a61b50f com.wlav.stlauncher/10013} -> PackageSetting{d977c3c com.oplus.pantanal.ums/10363} BLOCKED
03-08 14:58:23.736  3191  4951 I AppsFilter: interaction: PackageSetting{a61b50f com.wlav.stlauncher/10013} -> PackageSetting{3c25dc5 com.android.mms/10228} BLOCKED
03-08 14:58:23.736  3191  4951 I AppsFilter: interaction: PackageSetting{a61b50f com.wlav.stlauncher/10013} -> PackageSetting{4264a82 com.oplus.locationproxy/10465} BLOCKED
03-08 14:58:23.736  3191  4951 I AppsFilter: interaction: PackageSetting{a61b50f com.wlav.stlauncher/10013} -> PackageSetting{db2231a com.yike.applesnake.bytedance.gamecenter/10117} BLOCKED
03-08 14:58:23.736  3191  4951 I AppsFilter: interaction: PackageSetting{a61b50f com.wlav.stlauncher/10013} -> PackageSetting{ba70e4b com.tencent.zebra/10342} BLOCKED
03-08 14:58:23.736  3191  4951 I AppsFilter: interaction: PackageSetting{a61b50f com.wlav.stlauncher/10013} -> PackageSetting{57e2028 com.instagram.android/10210} BLOCKED
03-08 14:58:23.736  3191  4951 I AppsFilter: interaction: PackageSetting{a61b50f com.wlav.stlauncher/10013} -> PackageSetting{b701141 com.wuba/10283} BLOCKED
03-08 14:58:23.736  3191  4951 I AppsFilter: interaction: PackageSetting{a61b50f com.wlav.stlauncher/10013} -> PackageSetting{d3f56e6 com.coloros.familyguard/10268} BLOCKED
03-08 14:58:23.736  3191  4951 I AppsFilter: interaction: PackageSetting{a61b50f com.wlav.stlauncher/10013} -> PackageSetting{c564427 com.deepl.mobiletranslator/10353} BLOCKED
03-08 14:58:23.736  3191  4951 I AppsFilter: interaction: PackageSetting{a61b50f com.wlav.stlauncher/10013} -> PackageSetting{6a916d4 com.rs.explorer.filemanager/10487} BLOCKED
03-08 14:58:23.736  3191  4951 I AppsFilter: interaction: PackageSetting{a61b50f com.wlav.stlauncher/10013} -> PackageSetting{6eb807d org.coursera.android/10397} BLOCKED
03-08 14:58:23.736  3191  4951 I AppsFilter: interaction: PackageSetting{a61b50f com.wlav.stlauncher/10013} -> PackageSetting{119fb72 com.coloros.activation/10233} BLOCKED
03-08 14:58:23.736  3191  4951 I AppsFilter: interaction: PackageSetting{a61b50f com.wlav.stlauncher/10013} -> PackageSetting{ed8fbc3 com.navitime.inbound.walk/10491} BLOCKED
03-08 14:58:23.736  3191  4951 I AppsFilter: interaction: PackageSetting{a61b50f com.wlav.stlauncher/10013} -> PackageSetting{aeacc40 com.google.android.gm/10330} BLOCKED
03-08 14:58:23.736  3191  4951 I AppsFilter: interaction: PackageSetting{a61b50f com.wlav.stlauncher/10013} -> PackageSetting{9b4a779 com.faloo.BookReader4Android/10335} BLOCKED
03-08 14:58:23.736  3191  4951 I AppsFilter: interaction: PackageSetting{a61b50f com.wlav.stlauncher/10013} -> PackageSetting{d885cbe com.android.compos.payload/10501} BLOCKED
03-08 14:58:23.736  3191  4951 I AppsFilter: interaction: PackageSetting{a61b50f com.wlav.stlauncher/10013} -> PackageSetting{1fe8c2f com.google.android.overlay.gmsconfig.common/10000} BLOCKED
03-08 14:58:23.736  3191  4951 I AppsFilter: interaction: PackageSetting{a61b50f com.wlav.stlauncher/10013} -> PackageSetting{372323c com.android.carrierconfig.overlay.product.platform/10392} BLOCKED
03-08 14:58:23.736  3191  4951 I AppsFilter: interaction: PackageSetting{a61b50f com.wlav.stlauncher/10013} -> PackageSetting{845911f com.android.printspooler/10205} BLOCKED
03-08 14:58:23.736  3191  4951 I AppsFilter: interaction: PackageSetting{a61b50f com.wlav.stlauncher/10013} -> PackageSetting{4d06c6c com.pingan.lifeinsurance/10450} BLOCKED
03-08 14:58:23.736  3191  4951 I AppsFilter: interaction: PackageSetting{a61b50f com.wlav.stlauncher/10013} -> PackageSetting{54f4235 com.coloros.accessibilityassistant/10135} BLOCKED
03-08 14:58:23.736  3191  4951 I AppsFilter: interaction: PackageSetting{a61b50f com.wlav.stlauncher/10013} -> PackageSetting{2e986ca com.android.dreams.basic/10059} BLOCKED
03-08 14:58:23.736  3191  4951 I AppsFilter: interaction: PackageSetting{a61b50f com.wlav.stlauncher/10013} -> PackageSetting{ebc203b com.copymanga.app/10332} BLOCKED
03-08 14:58:23.736  3191  4951 I AppsFilter: interaction: PackageSetting{a61b50f com.wlav.stlauncher/10013} -> PackageSetting{8de358 com.coloros.ocs.opencapabilityservice/10466} BLOCKED
03-08 14:58:23.736  3191  4951 I AppsFilter: interaction: PackageSetting{a61b50f com.wlav.stlauncher/10013} -> PackageSetting{5beccb1 com.oppo.instant.local.service/10122} BLOCKED
03-08 14:58:23.736  3191  4951 I AppsFilter: interaction: PackageSetting{a61b50f com.wlav.stlauncher/10013} -> PackageSetting{6814596 com.kevinzhow.pengdu/10331} BLOCKED
03-08 14:58:23.736  3191  4951 I AppsFilter: interaction: PackageSetting{a61b50f com.wlav.stlauncher/10013} -> PackageSetting{428517 com.coloros.securityguard/10159} BLOCKED
03-08 14:58:23.736  3191  4951 I AppsFilter: interaction: PackageSetting{a61b50f com.wlav.stlauncher/10013} -> PackageSetting{7a9dd04 com.android.rkpdapp/10428} BLOCKED
03-08 14:58:23.736  3191  4951 I AppsFilter: interaction: PackageSetting{a61b50f com.wlav.stlauncher/10013} -> PackageSetting{9c282ed cn.wps.moffice.lite/10265} BLOCKED
