03-08 14:58:26.013  1666 24590 I sensors-hal: handle_oplus_wise_rgb_event:271, wise_rgb: raw_lux 82.675995, raw_cct 5396.161133, r/g/b/c: 11813.937500/7683.457031/5234.466797/20314.730469, R/G/B: 0.000000/0.000000/0.000000, brl 1529.000000, lux: 82.675995, cct: 5396.161133, ts 7523586882719, cnt 37408
03-08 14:58:26.035  1839  1890 D BatteryChargeControl: bcc get no support from charging protocol
03-08 14:58:26.095  3191  4238 D OplusProxyWakeLock: prevent gms/gsf hold partial wakelock
03-08 14:58:26.096  3191  4951 D OplusProxyWakeLock: prevent gms/gsf hold partial wakelock
03-08 14:58:26.097  3191  3624 D OplusProxyWakeLock: prevent gms/gsf hold partial wakelock
03-08 14:58:26.102  6816 24169 I AlarmManager: setExactAndAllowWhileIdle [name: GCM_HB_ALARM type: 2 triggerAtMillis: 8433685]
03-08 14:58:26.108  6816 24169 I AlarmManager: setExactAndAllowWhileIdle [name: GCM_HB_ALARM type: 2 triggerAtMillis: 8433691]
03-08 14:58:26.109  6816 24169 I AlarmManager: setExactAndAllowWhileIdle [name: GCM_HB_ALARM type: 2 triggerAtMillis: 8433692]
03-08 14:58:26.162  1666 24590 I sensors-hal: handle_oplus_wise_rgb_event:216, wise_rgb:algo_type = 3
03-08 14:58:26.163  1666 24590 I sensors-hal: handle_oplus_wise_rgb_event:271, wise_rgb: raw_lux 82.169617, raw_cct 5326.117188, r/g/b/c: 11943.969727/7664.737305/5263.988281/20365.675781, R/G/B: 0.000000/0.000000/0.000000, brl 1529.000000, lux: 82.169617, cct: 5326.117188, ts 7523736552771, cnt 37409
03-08 14:58:26.218  4317  4317 I SystemUi--Notification: OplusNotificationLogger-->TOAST-->hideToast , pkg = com.wlav.stlauncher, uid = no_need_print , token = android.os.BinderProxy@4d8b092 , content = no_need_print
03-08 14:58:26.259  4398  5013 D CommonApp-104-10077: transport layer data is invalid
03-08 14:58:26.263  4398  5013 D CommonApp-104-10013: transport layer data is invalid
03-08 14:58:26.285  3191  4238 D OplusProxyWakeLock: prevent gms/gsf hold partial wakelock
03-08 14:58:26.286  3191  4238 D OplusProxyWakeLock: prevent gms/gsf hold partial wakelock
03-08 14:58:26.296  6816 26051 I AlarmManager: setExactAndAllowWhileIdle [name: GCM_HB_ALARM type: 2 triggerAtMillis: 8433879]
03-08 14:58:26.302  3191  4238 D OplusProxyWakeLock: prevent gms/gsf hold partial wakelock
03-08 14:58:26.304  6816 24169 I AlarmManager: setExactAndAllowWhileIdle [name: GCM_HB_ALARM type: 2 triggerAtMillis: 8433887]
03-08 14:58:26.312  1666 24590 I sensors-hal: handle_oplus_wise_rgb_event:216, wise_rgb:algo_type = 3
03-08 14:58:26.312  1666 24619 I sensors-hal: get_brightness:1643, light_iface: get_brightness, brl 1529, pwm_turbo_on 0/0, hbm_dc 0
03-08 14:58:26.312  1666 24590 I sensors-hal: handle_oplus_wise_rgb_event:271, wise_rgb: raw_lux 82.767677, raw_cct 5317.045898, r/g/b/c: 11974.756836/7750.654297/5303.498535/20386.996094, R/G/B: 0.000000/0.000000/0.000000, brl 1529.000000, lux: 82.767677, cct: 5317.045898, ts 7523886226208, cnt 37410
03-08 14:58:26.395  2456  3348 D QmiClient: qmiServiceEventCallback recv msg id 1099
03-08 14:58:26.395  2456  3348 D QmiVsClient: enter - onQmiServiceEventCallback msgId 1099
03-08 14:58:26.395  2456  3348 D QmiVsClientEvent: QosPeriodReportInd MSG IND data_len 2052
03-08 14:58:26.395  2456  3348 D QmiVsClientEvent: qmiVsClientNotifyQosPeriodReportIndEvent - RADIO_EVENT_QOS_PERIOD_REPORT_NOTIFY_IND
03-08 14:58:26.395  2456  2505 D VsProxy : handleMessage msg is 2420
03-08 14:58:26.396  2456  2505 D VsProxy : handleQosPeriodReportInd for instance 1 data_len 167
03-08 14:58:26.396  4490  5973 D SubsysRadioIndication: [PHONE1]radioQosPeriodReportInd
03-08 14:58:26.399  4398  5013 D UlPriorityPred: rsrp -81 ,ulbsr: 54 ,ulpdcptput: 4748 nextLimit: 305.0 flag: false mTimes: 0 inLimit: false
03-08 14:58:26.435  3191  3627 I resRelease: policy type is 1
03-08 14:58:26.462  1666 24590 I sensors-hal: handle_oplus_wise_rgb_event:216, wise_rgb:algo_type = 3
03-08 14:58:26.462  1666 24590 I sensors-hal: handle_oplus_wise_rgb_event:271, wise_rgb: raw_lux 84.182663, raw_cct 5317.444824, r/g/b/c: 11885.127930/7788.472656/5274.646973/20386.878906, R/G/B: 0.000000/0.000000/0.000000, brl 1529.000000, lux: 84.182663, cct: 5317.444824, ts 7524035919802, cnt 37411
03-08 14:58:26.476  4317  4317 D OplusScrollToTopManager: Toast,window dying
03-08 14:58:26.476  4317  4317 D OplusScrollToTopManager: Toast,unregisterGuidePopupDismissReceiverInSystemUI
03-08 14:58:26.477  4317  4317 D OplusScrollToTopManager: Toast,Receiver not registered: android.view.OplusScrollToTopManager$1@a9d9409
03-08 14:58:26.478  4317  4317 D HWUI    : RenderProxy::destroy: this=0xb4000076893abe00, mContext=0xb4000073fc74e000
03-08 14:58:26.478  4317  4463 D HWUI    : SkiaOpenGLPipeline::setSurface: this=0xb4000074283f1140, surface=NULL
03-08 14:58:26.480  4317  4463 D BufferQueueProducer: [VRI[Toast]#133(BLAST Consumer)133](id:10dd00000086,api:1,p:4317,c:4317) disconnect: api 1
03-08 14:58:26.481  4317  4317 D BLASTBufferQueue: [VRI[Toast]#133](f:0,a:1) destructor()
03-08 14:58:26.481  4317  4317 D BufferQueueConsumer: [VRI[Toast]#133(BLAST Consumer)133](id:10dd00000086,api:0,p:-1,c:4317) disconnect
03-08 14:58:26.485  3191  4238 I InputDispatcher: channel '1f41dd Toast (server)'~ abortBrokenDispatchCycleLocked - notify=false
03-08 14:58:26.485  3191  4238 W InputManager-JNI: Input channel object '1f41dd Toast (client)' was disposed without first being removed with the input manager!
03-08 14:58:26.487  3191  4238 I WindowManager: Window{1f41dd u0 Toast} state from HAS_DRAWN to NO_SURFACE; reason: destroySurface
03-08 14:58:26.492  3191  4238 D OplusAONSmartDim: onWakeLockReleaseLocked: lock=135840752, flags=0x2000000a, packageName=android, tag="WindowManager/displayId:0", ws=WorkSource{10185 com.android.systemui}, uid=1000, pid=3191
03-08 14:58:26.493  3191  4238 D PowerManagerService: userActivityNoUpdateLocked: groupId=0, eventTime=6909446, event=other, flags=0x1, uid=1000
03-08 14:58:26.495  3191  4238 D WindowManager: NFW_findFocusedWindowIfNeeded:Window{2efdc9b u0 com.wlav.stlauncher/com.wlav.stlauncher.MainActivity} mCurrentFocus:Window{2efdc9b u0 com.wlav.stlauncher/com.wlav.stlauncher.MainActivity}
03-08 14:58:26.498  3191  4238 W NotificationService: Toast already killed. pkg=com.wlav.stlauncher token=android.os.BinderProxy@e13af0a
03-08 14:58:26.591  1621  1701 E minksocket: MinkIPC_QRTR_Service: client with node 1 port 7a18 went down
03-08 14:58:26.592  3604  3608 E Diag_Lib: [IMS_AP]"ims-rtp-daemon ims_rtp_qmi_handler_thread_func waiting on select thread>"
03-08 14:58:26.594  1621  1701 E minksocket: MinkIPC_QRTR_Service: client with node 1 port 7a19 went down
03-08 14:58:26.595  3604  3608 E Diag_Lib: [IMS_AP]"ims-rtp-daemon ims_rtp_qmi_handler_thread_func waiting on select thread>"
03-08 14:58:26.596  1621  1701 E minksocket: MinkIPC_QRTR_Service: client with node 1 port 7a1a went down
03-08 14:58:26.598  3604  3608 E Diag_Lib: [IMS_AP]"ims-rtp-daemon ims_rtp_qmi_handler_thread_func waiting on select thread>"
03-08 14:58:26.598  1621  1701 E minksocket: MinkIPC_QRTR_Service: client with node 1 port 7a1b went down
03-08 14:58:26.600  3604  3608 E Diag_Lib: [IMS_AP]"ims-rtp-daemon ims_rtp_qmi_handler_thread_func waiting on select thread>"
03-08 14:58:26.611  1666 24590 I sensors-hal: handle_oplus_wise_rgb_event:216, wise_rgb:algo_type = 3
03-08 14:58:26.612  1666 24590 I sensors-hal: handle_oplus_wise_rgb_event:271, wise_rgb: raw_lux 80.378372, raw_cct 5520.675781, r/g/b/c: 11795.784180/7570.270996/5323.811523/20316.390625, R/G/B: 0.000000/0.000000/0.000000, brl 1529.000000, lux: 80.378372, cct: 5520.675781, ts 7524185555688, cnt 37412
03-08 14:58:26.761  1666 24619 I sensors-hal: handle_oplus_wise_rgb_event:294, oplus wise_rgb sample: (37413)(cct, lux, ir_ratio, r, g, b, c)[5790, 77, 110, 11765, 7533, 5383, 20215]
03-08 14:58:26.762  1666 24590 I sensors-hal: handle_oplus_wise_rgb_event:216, wise_rgb:algo_type = 3
03-08 14:58:26.762  1666 24590 I sensors-hal: handle_oplus_wise_rgb_event:271, wise_rgb: raw_lux 77.551514, raw_cct 5790.832031, r/g/b/c: 11765.851562/7533.101562/5383.021484/20215.816406, R/G/B: 0.000000/0.000000/0.000000, brl 1529.000000, lux: 77.551514, cct: 5790.832031, ts 7524335241313, cnt 37413
03-08 14:58:26.846  3191  4405 I OplusHansManager : uid=10217, pkg=com.google.android.gsf F enter(), M stay=3
03-08 14:58:26.865  3191  4405 I OplusHansManager : freeze uid: 10217 com.google.android.gsf pids: [7044, 21174, 13500, 6816] scene: LcdOn
03-08 14:58:26.866  3191  4411 I OplusHansManager : p_BC uid=10217 pkg=com.google.android.gsf
03-08 14:58:26.866  3191  4411 V SensorManager: call sensorServiceCommonInterface name: setSensorAccessState
03-08 14:58:26.866  3191  4411 D SensorServiceExtImpl: sensorServiceCommonInterface funcName = setSensorAccessState, flag = 10217, status = 0
03-08 14:58:26.866  3191  4411 D SensorServiceExtImpl: setSensorAccessState uid = 10217, state = 0
03-08 14:58:26.867  1551  1597 E netd    : destroyAllSocketForUid:10217
03-08 14:58:26.868  3191  4411 D SensorService: 	>>> actuating h/w BATCH 0x0100000b 200000000 2000000000
03-08 14:58:26.869  1666  1666 I sensors-hal: batch:223, android.sensor.accelerometer/11, period=200000000, max_latency=2000000000
03-08 14:58:26.869  1666  1666 I sensors-hal: send_sensor_config_request:403, resampler is used, set resampler config
03-08 14:58:26.869  1666  1666 I sensors-hal: send_sync_sensor_request:349, send sync request
03-08 14:58:26.869  1666  1666 I sensors-hal: send_sync_sensor_request:375, wait for notification of response
03-08 14:58:26.872  1666 24595 I sensors-hal: ssc_conn_resp_cb:668, resp_value = 0
03-08 14:58:26.872  1666  1666 I sensors-hal: send_sync_sensor_request:381, takes 3 ms to receive the response with 0
03-08 14:58:26.872  1666  1666 I sensors-hal: batch:243, android.sensor.accelerometer/11, period=200000000, max_latency=2000000000 request completed
03-08 14:58:26.872  1551  1597 E OplusNetd: DestroyAllSocket 9 sockets for uids{ 10217 } skip={0} in 5450us
03-08 14:58:26.873  3191  4411 I OplusHansManager : p_sensor: 10217
03-08 14:58:26.873  3191  4004 D OAppNetControlService: Close socket:[10217] cause:App bg(IMMEDIATELY) success!
03-08 14:58:26.873  3191  4004 D OAppNetControlService: Hans update:[10217=true][0|0] blackList:[10025, 10191, 10210, 10237, 10430, 10224, 10492, 10217]
03-08 14:58:26.873  3191  4411 I OplusBinderProxy: proxyBinder uid: 10217 pkg: com.google.android.gsf proxy: true calling: OFreezer
03-08 14:58:26.873  3191  4411 I OplusHansManager : p_alarm 10217
03-08 14:58:26.873  3191  4411 D OplusAlarmAdjustment: proxyAlarmsByUid(), uid=10217, pkgName=com.google.android.gsf, requester=1
03-08 14:58:26.873  3191  3341 D OplusAlarmAdjustMap: addProxyUid, uid=10217, pkgName=com.google.android.gsf, requester=1
03-08 14:58:26.887  9780 11036 D IHansComunication: HANS sendMessageToKernel: threadId = 534848642160, netLinkSetup = 1, type = FROZEN_TRANS, targetUid = 10217, pkgCmd = PKG_CMD_MAX
03-08 14:58:26.911  1666 24590 I sensors-hal: handle_oplus_wise_rgb_event:216, wise_rgb:algo_type = 3
03-08 14:58:26.911  1666 24590 I sensors-hal: handle_oplus_wise_rgb_event:271, wise_rgb: raw_lux 79.790466, raw_cct 5703.690430, r/g/b/c: 11646.858398/7628.107910/5304.502441/20306.933594, R/G/B: 0.000000/0.000000/0.000000, brl 1529.000000, lux: 79.790466, cct: 5703.690430, ts 7524484923292, cnt 37414
03-08 14:58:27.038  1839  1890 D BatteryChargeControl: bcc get no support from charging protocol
03-08 14:58:27.060  1666 24619 I sensors-hal: get_brightness:1643, light_iface: get_brightness, brl 1529, pwm_turbo_on 0/0, hbm_dc 0
03-08 14:58:27.061  1666 24590 I sensors-hal: handle_oplus_wise_rgb_event:216, wise_rgb:algo_type = 3
03-08 14:58:27.061  1666 24590 I sensors-hal: handle_oplus_wise_rgb_event:271, wise_rgb: raw_lux 83.244003, raw_cct 5471.807129, r/g/b/c: 11746.387695/7732.205078/5294.346680/20287.505859, R/G/B: 0.000000/0.000000/0.000000, brl 1529.000000, lux: 83.244003, cct: 5471.807129, ts 7524634600271, cnt 37415
03-08 14:58:27.183  7803 26059 D TrafficStats: tagSocket(188) with statsTag=0xffffffff, statsUid=-1
03-08 14:58:27.185  7803 26064 D TrafficStats: tagSocket(237) with statsTag=0xffffffff, statsUid=-1
03-08 14:58:27.210  1666 24590 I sensors-hal: handle_oplus_wise_rgb_event:216, wise_rgb:algo_type = 3
03-08 14:58:27.210  1666 24590 I sensors-hal: handle_oplus_wise_rgb_event:271, wise_rgb: raw_lux 81.579819, raw_cct 5505.325195, r/g/b/c: 11766.249023/7674.962891/5363.155273/20247.675781, R/G/B: 0.000000/0.000000/0.000000, brl 1529.000000, lux: 81.579819, cct: 5505.325195, ts 7524784260740, cnt 37416
03-08 14:58:27.283  4398  5013 D CommonApp-104-10077: transport layer data is invalid
03-08 14:58:27.287  4398  5013 D CommonApp-104-10013: transport layer data is invalid
03-08 14:58:27.290  1621  1701 E minksocket: MinkIPC_QRTR_Service: client with node 1 port 7a0f went down
03-08 14:58:27.290  3604  3608 E Diag_Lib: [IMS_AP]"ims-rtp-daemon ims_rtp_qmi_handler_thread_func waiting on select thread>"
03-08 14:58:27.291  1621  1701 E minksocket: MinkIPC_QRTR_Service: client with node 1 port 7a13 went down
03-08 14:58:27.292  3604  3608 E Diag_Lib: [IMS_AP]"ims-rtp-daemon ims_rtp_qmi_handler_thread_func waiting on select thread>"
03-08 14:58:27.358  1666 24590 I sensors-hal: handle_oplus_wise_rgb_event:216, wise_rgb:algo_type = 3
03-08 14:58:27.359  1666 24590 I sensors-hal: handle_oplus_wise_rgb_event:271, wise_rgb: raw_lux 79.765839, raw_cct 5542.850586, r/g/b/c: 11805.856445/7618.045898/5285.026855/20166.816406, R/G/B: 0.000000/0.000000/0.000000, brl 1529.000000, lux: 79.765839, cct: 5542.850586, ts 7524933922667, cnt 37417
03-08 14:58:27.388  1621  1701 E minksocket: MinkIPC_QRTR_Service: client with node 1 port 7a1c went down
03-08 14:58:27.388  3604  3608 E Diag_Lib: [IMS_AP]"ims-rtp-daemon ims_rtp_qmi_handler_thread_func waiting on select thread>"
03-08 14:58:27.389  1621  1701 E minksocket: MinkIPC_QRTR_Service: client with node 1 port 7a1d went down
03-08 14:58:27.390  3604  3608 E Diag_Lib: [IMS_AP]"ims-rtp-daemon ims_rtp_qmi_handler_thread_func waiting on select thread>"
03-08 14:58:27.392  1621  1701 E minksocket: MinkIPC_QRTR_Service: client with node 1 port 7a1e went down
03-08 14:58:27.393  3604  3608 E Diag_Lib: [IMS_AP]"ims-rtp-daemon ims_rtp_qmi_handler_thread_func waiting on select thread>"
03-08 14:58:27.395  1621  1701 E minksocket: MinkIPC_QRTR_Service: client with node 1 port 7a20 went down
03-08 14:58:27.395  2456  3348 D QmiClient: qmiServiceEventCallback recv msg id 1099
03-08 14:58:27.395  2456  3348 D QmiVsClient: enter - onQmiServiceEventCallback msgId 1099
03-08 14:58:27.395  2456  3348 D QmiVsClientEvent: QosPeriodReportInd MSG IND data_len 2052
03-08 14:58:27.395  2456  3348 D QmiVsClientEvent: qmiVsClientNotifyQosPeriodReportIndEvent - RADIO_EVENT_QOS_PERIOD_REPORT_NOTIFY_IND
03-08 14:58:27.395  2456  2505 D VsProxy : handleMessage msg is 2420
03-08 14:58:27.395  2456  2505 D VsProxy : handleQosPeriodReportInd for instance 1 data_len 158
03-08 14:58:27.396  3604  3608 E Diag_Lib: [IMS_AP]"ims-rtp-daemon ims_rtp_qmi_handler_thread_func waiting on select thread>"
03-08 14:58:27.397  4490  5973 D SubsysRadioIndication: [PHONE1]radioQosPeriodReportInd
03-08 14:58:27.398  1621  1701 E minksocket: MinkIPC_QRTR_Service: client with node 1 port 7a21 went down
03-08 14:58:27.399  4398  5013 D UlPriorityPred: rsrp -81 ,ulbsr: 0 ,ulpdcptput: 746 nextLimit: 305.0 flag: false mTimes: 0 inLimit: false
03-08 14:58:27.399  3604  3608 E Diag_Lib: [IMS_AP]"ims-rtp-daemon ims_rtp_qmi_handler_thread_func waiting on select thread>"
03-08 14:58:27.401  1621  1701 E minksocket: MinkIPC_QRTR_Service: client with node 1 port 7a22 went down
03-08 14:58:27.402  3604  3608 E Diag_Lib: [IMS_AP]"ims-rtp-daemon ims_rtp_qmi_handler_thread_func waiting on select thread>"
03-08 14:58:27.409  1551  1597 E TetherController: property_get sys.radio.data.modem_share_flag return 0, 1!
03-08 14:58:27.509  1666 24590 I sensors-hal: handle_oplus_wise_rgb_event:216, wise_rgb:algo_type = 3
03-08 14:58:27.509  1666 24590 I sensors-hal: handle_oplus_wise_rgb_event:271, wise_rgb: raw_lux 81.192802, raw_cct 5421.728516, r/g/b/c: 11726.642578/7551.876953/5167.499512/20206.816406, R/G/B: 0.000000/0.000000/0.000000, brl 1529.000000, lux: 81.192802, cct: 5421.728516, ts 7525083586313, cnt 37418
03-08 14:58:27.659  1666 24590 I sensors-hal: handle_oplus_wise_rgb_event:216, wise_rgb:algo_type = 3
03-08 14:58:27.659  1666 24590 I sensors-hal: handle_oplus_wise_rgb_event:271, wise_rgb: raw_lux 83.100388, raw_cct 5314.480469, r/g/b/c: 11806.027344/7675.017578/5206.061523/20236.791016, R/G/B: 0.000000/0.000000/0.000000, brl 1529.000000, lux: 83.100388, cct: 5314.480469, ts 7525233276938, cnt 37419
03-08 14:58:27.691  1621  1701 E minksocket: MinkIPC_QRTR_Service: client with node 1 port 7a24 went down
03-08 14:58:27.692  3604  3608 E Diag_Lib: [IMS_AP]"ims-rtp-daemon ims_rtp_qmi_handler_thread_func waiting on select thread>"
03-08 14:58:27.693  1621  1701 E minksocket: MinkIPC_QRTR_Service: client with node 1 port 7a25 went down
03-08 14:58:27.696  3604  3608 E Diag_Lib: [IMS_AP]"ims-rtp-daemon ims_rtp_qmi_handler_thread_func waiting on select thread>"
03-08 14:58:27.697  1621  1701 E minksocket: MinkIPC_QRTR_Service: client with node 1 port 7a26 went down
03-08 14:58:27.699  3604  3608 E Diag_Lib: [IMS_AP]"ims-rtp-daemon ims_rtp_qmi_handler_thread_func waiting on select thread>"
03-08 14:58:27.700  1621  1701 E minksocket: MinkIPC_QRTR_Service: client with node 1 port 7a27 went down
03-08 14:58:27.701  3604  3608 E Diag_Lib: [IMS_AP]"ims-rtp-daemon ims_rtp_qmi_handler_thread_func waiting on select thread>"
03-08 14:58:27.808  1666 24619 I sensors-hal: get_brightness:1643, light_iface: get_brightness, brl 1529, pwm_turbo_on 0/0, hbm_dc 0
03-08 14:58:27.809  1666 24590 I sensors-hal: handle_oplus_wise_rgb_event:216, wise_rgb:algo_type = 3
03-08 14:58:27.809  1666 24590 I sensors-hal: handle_oplus_wise_rgb_event:271, wise_rgb: raw_lux 83.780640, raw_cct 5513.270508, r/g/b/c: 11656.645508/7769.862305/5314.046387/20388.197266, R/G/B: 0.000000/0.000000/0.000000, brl 1529.000000, lux: 83.780640, cct: 5513.270508, ts 7525382951000, cnt 37420
03-08 14:58:27.958  1666 24590 I sensors-hal: handle_oplus_wise_rgb_event:216, wise_rgb:algo_type = 3
03-08 14:58:27.959  1666 24590 I sensors-hal: handle_oplus_wise_rgb_event:271, wise_rgb: raw_lux 84.245544, raw_cct 5621.729492, r/g/b/c: 11617.208984/7684.919434/5274.480469/20519.718750, R/G/B: 0.000000/0.000000/0.000000, brl 1529.000000, lux: 84.245544, cct: 5621.729492, ts 7525532631469, cnt 37421
03-08 14:58:28.040  1839  1890 D BatteryChargeControl: bcc get no support from charging protocol
03-08 14:58:28.081  4398  6020 D TelephonyImpl: getRealNrState start:1
03-08 14:58:28.091  1839  1839 D vendor.oplus.hardware.charger-V6-service: get_ui_charge_icon_type 0 0 0 0 0
03-08 14:58:28.092  1839  1839 D vendor.oplus.hardware.charger-V6-service: oplus_chg_get_cpa_power 7500 charge_online 1 retention_topic 0
03-08 14:58:28.093  1839  1839 D vendor.oplus.hardware.charger-V6-service: oplus_chg_get_cpa_power 7500 charge_online 1 retention_topic 0
03-08 14:58:28.093  1839  1839 D vendor.oplus.hardware.charger-V6-service: getIsSingleHyperSupport=2, cpa_power=7
03-08 14:58:28.093  1839  1839 E vendor.oplus.hardware.charger-V6-service: Failed to open the file: /sys/class/oplus_chg/common/plc. Error 2: No such file or directory
03-08 14:58:28.108  1666 24590 I sensors-hal: handle_oplus_wise_rgb_event:216, wise_rgb:algo_type = 3
03-08 14:58:28.108  1666 24590 I sensors-hal: handle_oplus_wise_rgb_event:271, wise_rgb: raw_lux 83.382507, raw_cct 5529.233398, r/g/b/c: 11707.520508/7618.479492/5255.394531/20399.943359, R/G/B: 0.000000/0.000000/0.000000, brl 1529.000000, lux: 83.382507, cct: 5529.233398, ts 7525682354802, cnt 37422
03-08 14:58:28.258  1666 24590 I sensors-hal: handle_oplus_wise_rgb_event:216, wise_rgb:algo_type = 3
03-08 14:58:28.258  1666 24590 I sensors-hal: handle_oplus_wise_rgb_event:271, wise_rgb: raw_lux 81.149292, raw_cct 5537.088867, r/g/b/c: 11718.502930/7609.119141/5255.617676/20239.828125, R/G/B: 0.000000/0.000000/0.000000, brl 1529.000000, lux: 81.149292, cct: 5537.088867, ts 7525832068292, cnt 37423
03-08 14:58:28.258  1666 24619 I sensors-hal: handle_oplus_wise_rgb_event:294, oplus wise_rgb sample: (37423)(cct, lux, ir_ratio, r, g, b, c)[5537, 81, 107, 11718, 7609, 5255, 20239]
03-08 14:58:28.307  4398  5013 D CommonApp-104-10077: transport layer data is invalid
03-08 14:58:28.311  4398  5013 D CommonApp-104-10013: transport layer data is invalid
03-08 14:58:28.395  2456  3348 D QmiClient: qmiServiceEventCallback recv msg id 1099
03-08 14:58:28.396  2456  3348 D QmiVsClient: enter - onQmiServiceEventCallback msgId 1099
03-08 14:58:28.396  2456  3348 D QmiVsClientEvent: QosPeriodReportInd MSG IND data_len 2052
03-08 14:58:28.396  2456  3348 D QmiVsClientEvent: qmiVsClientNotifyQosPeriodReportIndEvent - RADIO_EVENT_QOS_PERIOD_REPORT_NOTIFY_IND
03-08 14:58:28.396  2456  2505 D VsProxy : handleMessage msg is 2420
03-08 14:58:28.396  2456  2505 D VsProxy : handleQosPeriodReportInd for instance 1 data_len 166
03-08 14:58:28.397  4490  5973 D SubsysRadioIndication: [PHONE1]radioQosPeriodReportInd
03-08 14:58:28.399  4398  5013 D UlPriorityPred: rsrp -81 ,ulbsr: 78 ,ulpdcptput: 4346 nextLimit: 305.0 flag: false mTimes: 0 inLimit: false
03-08 14:58:28.408  1666 24590 I sensors-hal: handle_oplus_wise_rgb_event:216, wise_rgb:algo_type = 3
03-08 14:58:28.408  1666 24590 I sensors-hal: handle_oplus_wise_rgb_event:271, wise_rgb: raw_lux 83.585220, raw_cct 5437.820312, r/g/b/c: 11698.985352/7637.740234/5187.479004/20420.630859, R/G/B: 0.000000/0.000000/0.000000, brl 1529.000000, lux: 83.585220, cct: 5437.820312, ts 7525981807198, cnt 37424
03-08 14:58:28.491  1621  1701 E minksocket: MinkIPC_QRTR_Service: client with node 1 port 7a1f went down
03-08 14:58:28.495  3604  3608 E Diag_Lib: [IMS_AP]"ims-rtp-daemon ims_rtp_qmi_handler_thread_func waiting on select thread>"
03-08 14:58:28.496  1621  1701 E minksocket: MinkIPC_QRTR_Service: client with node 1 port 7a23 went down
03-08 14:58:28.497  3604  3608 E Diag_Lib: [IMS_AP]"ims-rtp-daemon ims_rtp_qmi_handler_thread_func waiting on select thread>"
03-08 14:58:28.557  1666 24619 I sensors-hal: get_brightness:1643, light_iface: get_brightness, brl 1529, pwm_turbo_on 0/0, hbm_dc 0
03-08 14:58:28.557  1666 24590 I sensors-hal: handle_oplus_wise_rgb_event:216, wise_rgb:algo_type = 3
03-08 14:58:28.557  1666 24590 I sensors-hal: handle_oplus_wise_rgb_event:271, wise_rgb: raw_lux 87.971024, raw_cct 5186.724609, r/g/b/c: 11719.072266/7638.173340/4941.337891/20370.832031, R/G/B: 0.000000/0.000000/0.000000, brl 1529.000000, lux: 87.971024, cct: 5186.724609, ts 7526131542927, cnt 37425
03-08 14:58:28.567  6949  7475 D AppSwitchObserverHelper: packageName: com.wlav.stlauncher,com.android.launcher
03-08 14:58:28.571  4466  6768 W ziparchive: Unable to open '/data/app/~~Pdf0XM54WdQ0DAi9OINbsw==/com.wlav.stlauncher-f5nxKK5sMSDNj86hXaynMQ==/base.dm': No such file or directory
03-08 14:58:28.572  4466  6768 W ziparchive: Unable to open '/data/app/~~Pdf0XM54WdQ0DAi9OINbsw==/com.wlav.stlauncher-f5nxKK5sMSDNj86hXaynMQ==/base.dm': No such file or directory
03-08 14:58:28.707  1666 24590 I sensors-hal: handle_oplus_wise_rgb_event:216, wise_rgb:algo_type = 3
03-08 14:58:28.708  1666 24590 I sensors-hal: handle_oplus_wise_rgb_event:271, wise_rgb: raw_lux 89.313393, raw_cct 5092.115723, r/g/b/c: 11749.345703/7610.416992/4828.388184/20371.750000, R/G/B: 0.000000/0.000000/0.000000, brl 1529.000000, lux: 89.313393, cct: 5092.115723, ts 7526281259333, cnt 37426
03-08 14:58:28.807  2456  3389 D QmiClient: qmiServiceEventCallback recv msg id 47
03-08 14:58:28.808  2456  3389 D QmiOttClient: enter : onQmiServiceEventCallback msgId 47
03-08 14:58:28.808  2456  2528 D OttProxy: handleMessage msg is 3001
03-08 14:58:28.809  4490  5973 D SubsysRadioIndication: [PHONE1]radioLinkLatencyInfoInd
03-08 14:58:28.809  4490  5973 D SubsysRadioIndication: [PHONE1]notify enter
03-08 14:58:28.833  4317  4575 I SystemUi--Statusbar: MobileConnectionRepositoryImpl-->subId:2 isSoftSimCard:false slotId:1
03-08 14:58:28.856  1666 24590 I sensors-hal: handle_oplus_wise_rgb_event:216, wise_rgb:algo_type = 3
03-08 14:58:28.856  1666 24590 I sensors-hal: handle_oplus_wise_rgb_event:271, wise_rgb: raw_lux 86.524231, raw_cct 5113.163086, r/g/b/c: 11859.006836/7515.680664/4940.780762/20402.177734, R/G/B: 0.000000/0.000000/0.000000, brl 1529.000000, lux: 86.524231, cct: 5113.163086, ts 7526430955844, cnt 37427
03-08 14:58:28.993 25922 26083 D ProfileInstaller: Installing profile for com.wlav.stlauncher
03-08 14:58:29.006  1666 24590 I sensors-hal: handle_oplus_wise_rgb_event:216, wise_rgb:algo_type = 3
03-08 14:58:29.006  1666 24590 I sensors-hal: handle_oplus_wise_rgb_event:271, wise_rgb: raw_lux 85.134590, raw_cct 5213.479492, r/g/b/c: 11868.454102/7562.912598/5028.060547/20422.525391, R/G/B: 0.000000/0.000000/0.000000, brl 1529.000000, lux: 85.134590, cct: 5213.479492, ts 7526580674698, cnt 37428
03-08 14:58:29.008  2456  3348 D QmiClient: qmiServiceEventCallback recv msg id 1100
03-08 14:58:29.008  2456  3348 D QmiVsClient: enter - onQmiServiceEventCallback msgId 1100
03-08 14:58:29.008  2456  3348 D QmiVsClientEvent: QosEventReportInd MSG IND
03-08 14:58:29.008  2456  3348 D QmiVsClientEvent: qmiVsClientNotifyQosEventReportIndEvent - RADIO_EVENT_QOS_EVENT_REPORT_NOTIFY_IND
03-08 14:58:29.009  2456  2505 D VsProxy : handleMessage msg is 2421
03-08 14:58:29.009  2456  2505 D VsProxy : handleQosEventReportInd for instance 1
03-08 14:58:29.009  4490  5973 D SubsysRadioIndication: [PHONE1]radioQosEventReportInd
03-08 14:58:29.042  1839  1890 D BatteryChargeControl: bcc get no support from charging protocol
03-08 14:58:29.156  1666 24590 I sensors-hal: handle_oplus_wise_rgb_event:216, wise_rgb:algo_type = 3
03-08 14:58:29.156  1666 24590 I sensors-hal: handle_oplus_wise_rgb_event:271, wise_rgb: raw_lux 80.026764, raw_cct 5517.060547, r/g/b/c: 11888.484375/7553.444824/5237.647461/20442.810547, R/G/B: 0.000000/0.000000/0.000000, brl 1529.000000, lux: 80.026764, cct: 5517.060547, ts 7526730375740, cnt 37429
03-08 14:58:29.306  1666 24619 I sensors-hal: get_brightness:1643, light_iface: get_brightness, brl 1529, pwm_turbo_on 0/0, hbm_dc 0
03-08 14:58:29.307  1666 24590 I sensors-hal: handle_oplus_wise_rgb_event:216, wise_rgb:algo_type = 3
03-08 14:58:29.307  1666 24590 I sensors-hal: handle_oplus_wise_rgb_event:271, wise_rgb: raw_lux 79.305885, raw_cct 5574.039551, r/g/b/c: 11848.934570/7506.645508/5295.964844/20393.183594, R/G/B: 0.000000/0.000000/0.000000, brl 1529.000000, lux: 79.305885, cct: 5574.039551, ts 7526880072667, cnt 37430
03-08 14:58:29.331  4398  5013 D CommonApp-104-10077: transport layer data is invalid
03-08 14:58:29.335  4398  5013 D CommonApp-104-10013: transport layer data is invalid
03-08 14:58:29.414  2456  3348 D QmiClient: qmiServiceEventCallback recv msg id 1099
03-08 14:58:29.414  2456  3348 D QmiVsClient: enter - onQmiServiceEventCallback msgId 1099
03-08 14:58:29.415  2456  3348 D QmiVsClientEvent: QosPeriodReportInd MSG IND data_len 2052
03-08 14:58:29.415  2456  3348 D QmiVsClientEvent: qmiVsClientNotifyQosPeriodReportIndEvent - RADIO_EVENT_QOS_PERIOD_REPORT_NOTIFY_IND
03-08 14:58:29.415  2456  2505 D VsProxy : handleMessage msg is 2420
03-08 14:58:29.415  2456  2505 D VsProxy : handleQosPeriodReportInd for instance 1 data_len 138
03-08 14:58:29.416  4490  5973 D SubsysRadioIndication: [PHONE1]radioQosPeriodReportInd
03-08 14:58:29.438 12006 12006 D ClockTag_ClockWidget.ClockWidgetWeatherService: stop refresh service self
03-08 14:58:29.444 12006 12006 D ClockTag_ClockWidget.ClockWidgetWeatherService: ClockWidgetWeatherService onDestroy
03-08 14:58:29.444 12006 12006 D ClockTag_ClockWidget.ClockWidgetWeatherService: ClockWidgetWeatherService unRegisterAll
03-08 14:58:29.455 12006 12006 D ClockTag_AlarmClockApplication: onTrimMemory: 40
03-08 14:58:29.455  1666 24590 I sensors-hal: handle_oplus_wise_rgb_event:216, wise_rgb:algo_type = 3
03-08 14:58:29.455  1666 24590 I sensors-hal: handle_oplus_wise_rgb_event:271, wise_rgb: raw_lux 79.485672, raw_cct 5536.480957, r/g/b/c: 11869.023438/7582.336914/5266.610352/20343.208984, R/G/B: 0.000000/0.000000/0.000000, brl 1529.000000, lux: 79.485672, cct: 5536.480957, ts 7527029729125, cnt 37431
03-08 14:58:29.460  1551  1597 E TetherController: property_get sys.radio.data.modem_share_flag return 0, 1!
03-08 14:58:29.536  3191  3275 D SensorServiceExtImpl: notifyApplicationLaunchStage processName=com.wlav.stlauncher, uid=10013, pid=25922, stage=0
03-08 14:58:29.605  1666 24590 I sensors-hal: handle_oplus_wise_rgb_event:216, wise_rgb:algo_type = 3
03-08 14:58:29.605  1666 24590 I sensors-hal: handle_oplus_wise_rgb_event:271, wise_rgb: raw_lux 79.495522, raw_cct 5522.082520, r/g/b/c: 11829.642578/7592.453613/5325.374512/20272.609375, R/G/B: 0.000000/0.000000/0.000000, brl 1529.000000, lux: 79.495522, cct: 5522.082520, ts 7527179402511, cnt 37432
03-08 14:58:29.755  1666 24619 I sensors-hal: handle_oplus_wise_rgb_event:294, oplus wise_rgb sample: (37433)(cct, lux, ir_ratio, r, g, b, c)[5528, 79, 108, 11819, 7554, 5315, 20292]
03-08 14:58:29.756  1666 24590 I sensors-hal: handle_oplus_wise_rgb_event:216, wise_rgb:algo_type = 3
03-08 14:58:29.756  1666 24590 I sensors-hal: handle_oplus_wise_rgb_event:271, wise_rgb: raw_lux 79.144302, raw_cct 5528.764648, r/g/b/c: 11819.457031/7554.526367/5315.496582/20292.494141, R/G/B: 0.000000/0.000000/0.000000, brl 1529.000000, lux: 79.144302, cct: 5528.764648, ts 7527329067146, cnt 37433
03-08 14:58:29.904  1666 24590 I sensors-hal: handle_oplus_wise_rgb_event:216, wise_rgb:algo_type = 3
03-08 14:58:29.904  1666 24590 I sensors-hal: handle_oplus_wise_rgb_event:271, wise_rgb: raw_lux 81.073624, raw_cct 5536.945312, r/g/b/c: 11749.859375/7506.968750/5178.660156/20373.183594, R/G/B: 0.000000/0.000000/0.000000, brl 1529.000000, lux: 81.073624, cct: 5536.945312, ts 7527478729542, cnt 37434
03-08 14:58:29.926  3191  3309 D Theia.TransparentWindow: handleMessage CHECK_TRANS_WINDOW_ERROR_MSG
03-08 14:58:30.045  1839  1890 D BatteryChargeControl: bcc get no support from charging protocol
03-08 14:58:30.054  1666 24590 I sensors-hal: handle_oplus_wise_rgb_event:216, wise_rgb:algo_type = 3
03-08 14:58:30.054  1666 24590 I sensors-hal: get_brightness:1643, light_iface: get_brightness, brl 1529, pwm_turbo_on 0/0, hbm_dc 0
03-08 14:58:30.054  1666 24590 I sensors-hal: handle_oplus_wise_rgb_event:271, wise_rgb: raw_lux 80.751030, raw_cct 5615.047852, r/g/b/c: 11750.313477/7592.399902/5286.142578/20403.615234, R/G/B: 0.000000/0.000000/0.000000, brl 1529.000000, lux: 80.751030, cct: 5615.047852, ts 7527628389802, cnt 37435
03-08 14:58:30.207  1666 24590 I sensors-hal: handle_oplus_wise_rgb_event:216, wise_rgb:algo_type = 3
03-08 14:58:30.207  1666 24590 I sensors-hal: handle_oplus_wise_rgb_event:271, wise_rgb: raw_lux 80.684601, raw_cct 5588.539551, r/g/b/c: 11770.004883/7592.128418/5354.448730/20293.298828, R/G/B: 0.000000/0.000000/0.000000, brl 1529.000000, lux: 80.684601, cct: 5588.539551, ts 7527777835427, cnt 37436
03-08 14:58:30.353  1666 24590 I sensors-hal: handle_oplus_wise_rgb_event:216, wise_rgb:algo_type = 3
03-08 14:58:30.354  1666 24590 I sensors-hal: handle_oplus_wise_rgb_event:271, wise_rgb: raw_lux 79.500748, raw_cct 5541.387207, r/g/b/c: 11879.321289/7592.074219/5286.198242/20303.613281, R/G/B: 0.000000/0.000000/0.000000, brl 1529.000000, lux: 79.500748, cct: 5541.387207, ts 7527927770479, cnt 37437
03-08 14:58:30.355  4398  5013 D CommonApp-104-10077: transport layer data is invalid
03-08 14:58:30.359  4398  5013 D CommonApp-104-10013: transport layer data is invalid
03-08 14:58:30.503  1666 24590 I sensors-hal: handle_oplus_wise_rgb_event:216, wise_rgb:algo_type = 3
03-08 14:58:30.503  1666 24590 I sensors-hal: handle_oplus_wise_rgb_event:271, wise_rgb: raw_lux 78.516876, raw_cct 5557.109375, r/g/b/c: 11879.093750/7525.904297/5325.038574/20243.843750, R/G/B: 0.000000/0.000000/0.000000, brl 1529.000000, lux: 78.516876, cct: 5557.109375, ts 7528077452875, cnt 37438
03-08 14:58:30.518  2456  3348 D QmiClient: qmiServiceEventCallback recv msg id 1099
03-08 14:58:30.518  2456  3348 D QmiVsClient: enter - onQmiServiceEventCallback msgId 1099
03-08 14:58:30.518  2456  3348 D QmiVsClientEvent: QosPeriodReportInd MSG IND data_len 2052
03-08 14:58:30.518  2456  3348 D QmiVsClientEvent: qmiVsClientNotifyQosPeriodReportIndEvent - RADIO_EVENT_QOS_PERIOD_REPORT_NOTIFY_IND
03-08 14:58:30.519  2456  2505 D VsProxy : handleMessage msg is 2420
03-08 14:58:30.519  2456  2505 D VsProxy : handleQosPeriodReportInd for instance 1 data_len 105
03-08 14:58:30.519  4490  5973 D SubsysRadioIndication: [PHONE1]radioQosPeriodReportInd
03-08 14:58:30.653  1666 24590 I sensors-hal: handle_oplus_wise_rgb_event:216, wise_rgb:algo_type = 3
03-08 14:58:30.654  1666 24590 I sensors-hal: handle_oplus_wise_rgb_event:271, wise_rgb: raw_lux 76.359894, raw_cct 5771.827148, r/g/b/c: 11848.990234/7535.156738/5432.242676/20353.529297, R/G/B: 0.000000/0.000000/0.000000, brl 1529.000000, lux: 76.359894, cct: 5771.827148, ts 7528226944906, cnt 37439
03-08 14:58:30.802  1666 24619 I sensors-hal: get_brightness:1643, light_iface: get_brightness, brl 1529, pwm_turbo_on 0/0, hbm_dc 0
03-08 14:58:30.802  1666 24590 I sensors-hal: handle_oplus_wise_rgb_event:216, wise_rgb:algo_type = 3
03-08 14:58:30.803  1666 24590 I sensors-hal: handle_oplus_wise_rgb_event:271, wise_rgb: raw_lux 76.771103, raw_cct 5803.256836, r/g/b/c: 11879.094727/7563.398926/5392.675781/20333.871094, R/G/B: 0.000000/0.000000/0.000000, brl 1529.000000, lux: 76.771103, cct: 5803.256836, ts 7528376668500, cnt 37440
03-08 14:58:30.952  1666 24590 I sensors-hal: handle_oplus_wise_rgb_event:216, wise_rgb:algo_type = 3
03-08 14:58:30.952  1666 24590 I sensors-hal: handle_oplus_wise_rgb_event:271, wise_rgb: raw_lux 79.259903, raw_cct 5566.013672, r/g/b/c: 11809.725586/7563.993652/5256.342285/20293.871094, R/G/B: 0.000000/0.000000/0.000000, brl 1529.000000, lux: 79.259903, cct: 5566.013672, ts 7528526327458, cnt 37441
03-08 14:58:31.048  1839  1890 D BatteryChargeControl: bcc get no support from charging protocol
03-08 14:58:31.070  4398  5013 D CommonApp-104-10077: DefaultState EVENT_SCENARIOS_CHANGE
03-08 14:58:31.070  4398  5013 D CommonApp-104-10077: scene=COMMON pn=com.oplus.appdetail
03-08 14:58:31.070  4398  5013 D CommonApp-104-10013: DefaultState EVENT_SCENARIOS_CHANGE
03-08 14:58:31.071  4398  5013 D CommonApp-104-10013: scene=COMMON pn=com.wlav.stlauncher
03-08 14:58:31.101  4398  6020 D TelephonyImpl: getRealNrState start:1
03-08 14:58:31.101  1666 24590 I sensors-hal: handle_oplus_wise_rgb_event:216, wise_rgb:algo_type = 3
03-08 14:58:31.102  1666 24590 I sensors-hal: handle_oplus_wise_rgb_event:271, wise_rgb: raw_lux 80.612289, raw_cct 5396.345703, r/g/b/c: 11879.606445/7583.524902/5237.703125/20213.582031, R/G/B: 0.000000/0.000000/0.000000, brl 1529.000000, lux: 80.612289, cct: 5396.345703, ts 7528676027511, cnt 37442
03-08 14:58:31.251  1666 24619 I sensors-hal: handle_oplus_wise_rgb_event:294, oplus wise_rgb sample: (37443)(cct, lux, ir_ratio, r, g, b, c)[5558, 80, 99, 11749, 7516, 5198, 20394]
03-08 14:58:31.252  1666 24590 I sensors-hal: handle_oplus_wise_rgb_event:216, wise_rgb:algo_type = 3
03-08 14:58:31.252  1666 24590 I sensors-hal: handle_oplus_wise_rgb_event:271, wise_rgb: raw_lux 80.403931, raw_cct 5558.347168, r/g/b/c: 11749.345703/7516.706543/5198.750488/20394.101562, R/G/B: 0.000000/0.000000/0.000000, brl 1529.000000, lux: 80.403931, cct: 5558.347168, ts 7528825943604, cnt 37443
03-08 14:58:31.378  4398  5013 D CommonApp-104-10077: transport layer data is invalid
03-08 14:58:31.381  4398  5013 D CommonApp-104-10013: transport layer data is invalid
03-08 14:58:31.401  1666 24590 I sensors-hal: handle_oplus_wise_rgb_event:216, wise_rgb:algo_type = 3
03-08 14:58:31.402  1666 24590 I sensors-hal: handle_oplus_wise_rgb_event:271, wise_rgb: raw_lux 80.929176, raw_cct 5492.340820, r/g/b/c: 11878.468750/7516.490723/5165.790039/20493.931641, R/G/B: 0.000000/0.000000/0.000000, brl 1529.000000, lux: 80.929176, cct: 5492.340820, ts 7528975618604, cnt 37444
03-08 14:58:31.550  1666 24619 I sensors-hal: get_brightness:1643, light_iface: get_brightness, brl 1529, pwm_turbo_on 0/0, hbm_dc 0
03-08 14:58:31.551  1666 24590 I sensors-hal: handle_oplus_wise_rgb_event:216, wise_rgb:algo_type = 3
03-08 14:58:31.551  1666 24590 I sensors-hal: handle_oplus_wise_rgb_event:271, wise_rgb: raw_lux 80.896240, raw_cct 5565.292969, r/g/b/c: 11878.354492/7582.389648/5286.756836/20473.646484, R/G/B: 0.000000/0.000000/0.000000, brl 1529.000000, lux: 80.896240, cct: 5565.292969, ts 7529125323604, cnt 37445
03-08 14:58:31.570  4398  5013 D UlPriorityPolicyForeground: match: config has not com.oplus.appdetail
03-08 14:58:31.701  1666 24590 I sensors-hal: handle_oplus_wise_rgb_event:216, wise_rgb:algo_type = 3
03-08 14:58:31.701  1666 24590 I sensors-hal: handle_oplus_wise_rgb_event:271, wise_rgb: raw_lux 78.832169, raw_cct 5632.490234, r/g/b/c: 11818.830078/7553.984375/5316.054199/20383.730469, R/G/B: 0.000000/0.000000/0.000000, brl 1529.000000, lux: 78.832169, cct: 5632.490234, ts 7529275018448, cnt 37446
03-08 14:58:31.797  2456  3348 D QmiClient: qmiServiceEventCallback recv msg id 1099
03-08 14:58:31.798  2456  3348 D QmiVsClient: enter - onQmiServiceEventCallback msgId 1099
03-08 14:58:31.798  2456  3348 D QmiVsClientEvent: QosPeriodReportInd MSG IND data_len 2052
03-08 14:58:31.798  2456  3348 D QmiVsClientEvent: qmiVsClientNotifyQosPeriodReportIndEvent - RADIO_EVENT_QOS_PERIOD_REPORT_NOTIFY_IND
03-08 14:58:31.798  2456  2505 D VsProxy : handleMessage msg is 2420
03-08 14:58:31.798  2456  2505 D VsProxy : handleQosPeriodReportInd for instance 1 data_len 134
03-08 14:58:31.799  4490  5973 D SubsysRadioIndication: [PHONE1]radioQosPeriodReportInd
03-08 14:58:31.851  1666 24590 I sensors-hal: handle_oplus_wise_rgb_event:216, wise_rgb:algo_type = 3
03-08 14:58:31.851  1666 24590 I sensors-hal: handle_oplus_wise_rgb_event:271, wise_rgb: raw_lux 78.415947, raw_cct 5639.846680, r/g/b/c: 11839.088867/7475.557129/5247.302246/20344.189453, R/G/B: 0.000000/0.000000/0.000000, brl 1529.000000, lux: 78.415947, cct: 5639.846680, ts 7529424750583, cnt 37447
03-08 14:58:32.001  1666 24590 I sensors-hal: handle_oplus_wise_rgb_event:216, wise_rgb:algo_type = 3
03-08 14:58:32.001  1666 24590 I sensors-hal: handle_oplus_wise_rgb_event:271, wise_rgb: raw_lux 80.881821, raw_cct 5505.026367, r/g/b/c: 11779.848633/7498.311035/5153.512695/20415.193359, R/G/B: 0.000000/0.000000/0.000000, brl 1529.000000, lux: 80.881821, cct: 5505.026367, ts 7529574471000, cnt 37448
03-08 14:58:32.051  1839  1890 D BatteryChargeControl: bcc get no support from charging protocol
03-08 14:58:32.151  1666 24590 I sensors-hal: handle_oplus_wise_rgb_event:216, wise_rgb:algo_type = 3
03-08 14:58:32.151  1666 24590 I sensors-hal: handle_oplus_wise_rgb_event:271, wise_rgb: raw_lux 81.208229, raw_cct 5589.059570, r/g/b/c: 11640.711914/7507.562988/5166.125000/20445.335938, R/G/B: 0.000000/0.000000/0.000000, brl 1529.000000, lux: 81.208229, cct: 5589.059570, ts 7529724203500, cnt 37449
03-08 14:58:32.299  1666 24590 I sensors-hal: handle_oplus_wise_rgb_event:216, wise_rgb:algo_type = 3
03-08 14:58:32.299  1666 24590 I sensors-hal: get_brightness:1643, light_iface: get_brightness, brl 1529, pwm_turbo_on 0/0, hbm_dc 0
03-08 14:58:32.299  1666 24590 I sensors-hal: handle_oplus_wise_rgb_event:271, wise_rgb: raw_lux 80.297760, raw_cct 5732.634766, r/g/b/c: 11680.545898/7487.134766/5237.424316/20374.791016, R/G/B: 0.000000/0.000000/0.000000, brl 1529.000000, lux: 80.297760, cct: 5732.634766, ts 7529873929750, cnt 37450
03-08 14:58:32.351  3191  3654 E JobScheduler.Background: Couldn't determine stopped state for unknown package: com.oplus.onet
03-08 14:58:32.364  3191  3313 W UserAwareMgr: process owner is not matched: 10, threadName: GLThread, pid: 25956,tid=26085,owner=tp
03-08 14:58:32.364  3191  3313 W UserAwareMgr: process owner is not matched: 10, threadName: GLThread, pid: 25956,tid=26085,owner=fg1
03-08 14:58:32.403  4398  5013 D CommonApp-104-10077: transport layer data is invalid
03-08 14:58:32.407  4398  5013 D CommonApp-104-10013: transport layer data is invalid
03-08 14:58:32.449  1666 24590 I sensors-hal: handle_oplus_wise_rgb_event:216, wise_rgb:algo_type = 3
03-08 14:58:32.450  1666 24590 I sensors-hal: handle_oplus_wise_rgb_event:271, wise_rgb: raw_lux 77.415878, raw_cct 5789.555176, r/g/b/c: 11760.273438/7516.815430/5345.631836/20274.732422, R/G/B: 0.000000/0.000000/0.000000, brl 1529.000000, lux: 77.415878, cct: 5789.555176, ts 7530023661313, cnt 37451
03-08 14:58:32.599  1666 24590 I sensors-hal: handle_oplus_wise_rgb_event:216, wise_rgb:algo_type = 3
03-08 14:58:32.600  1666 24590 I sensors-hal: handle_oplus_wise_rgb_event:271, wise_rgb: raw_lux 77.647972, raw_cct 5584.945312, r/g/b/c: 11870.672852/7414.148926/5199.364258/20326.365234, R/G/B: 0.000000/0.000000/0.000000, brl 1529.000000, lux: 77.647972, cct: 5584.945312, ts 7530173404854, cnt 37452
03-08 14:58:32.627  3191  4241 I Osense-BaseDecisionMaker: notifySceneToAthenaPolicy: SCENE_IDLE_RECOVER, bundle: Bundle[{scene=SCENE_IDLE_RECOVER}]
03-08 14:58:32.630  3191  4241 I Osense-BaseDecisionMaker: scene: SCENE_IDLE_RECOVER, excutingPolicy: respreload
03-08 14:58:32.630  3191  4241 D Osense-BaseDecisionMaker: invoke process preload policy
03-08 14:58:32.631  3191  4241 I Osense-BaseDecisionMaker: scene: SCENE_IDLE_RECOVER, excutingPolicy: clear
03-08 14:58:32.631  3191  4241 D Osense-BaseDecisionMaker: invoke clear policy,type: unforbid
03-08 14:58:32.631  3191  4241 I OsenseKillAction: KillAction: unhandled request: id=593, enable=true, scene=SCENE_IDLE_RECOVER, type=unforbid, cchOnly=false, appcare=0
03-08 14:58:32.749  1666 24619 I sensors-hal: handle_oplus_wise_rgb_event:294, oplus wise_rgb sample: (37453)(cct, lux, ir_ratio, r, g, b, c)[5537, 78, 105, 11841, 7486, 5218, 20266]
03-08 14:58:32.749  1666 24590 I sensors-hal: handle_oplus_wise_rgb_event:216, wise_rgb:algo_type = 3
03-08 14:58:32.749  1666 24590 I sensors-hal: handle_oplus_wise_rgb_event:271, wise_rgb: raw_lux 78.369179, raw_cct 5537.045898, r/g/b/c: 11841.195312/7486.919922/5218.952637/20266.880859, R/G/B: 0.000000/0.000000/0.000000, brl 1529.000000, lux: 78.369179, cct: 5537.045898, ts 7530323101886, cnt 37453
03-08 14:58:32.899  1666 24590 I sensors-hal: handle_oplus_wise_rgb_event:216, wise_rgb:algo_type = 3
03-08 14:58:32.899  1666 24590 I sensors-hal: handle_oplus_wise_rgb_event:271, wise_rgb: raw_lux 78.690384, raw_cct 5500.630859, r/g/b/c: 11860.770508/7486.865723/5258.128418/20225.619141, R/G/B: 0.000000/0.000000/0.000000, brl 1529.000000, lux: 78.690384, cct: 5500.630859, ts 7530472784542, cnt 37454
03-08 14:58:32.958  1839  1839 D vendor.oplus.hardware.charger-V6-service: get_ui_charge_icon_type 0 0 0 0 0
03-08 14:58:32.959  1839  1839 D vendor.oplus.hardware.charger-V6-service: oplus_chg_get_cpa_power 7500 charge_online 1 retention_topic 0
03-08 14:58:32.960  1839  1839 D vendor.oplus.hardware.charger-V6-service: oplus_chg_get_cpa_power 7500 charge_online 1 retention_topic 0
03-08 14:58:32.960  1839  1839 D vendor.oplus.hardware.charger-V6-service: getIsSingleHyperSupport=2, cpa_power=7
03-08 14:58:32.960  1839  1839 E vendor.oplus.hardware.charger-V6-service: Failed to open the file: /sys/class/oplus_chg/common/plc. Error 2: No such file or directory
03-08 14:58:33.048  1666 24590 I sensors-hal: handle_oplus_wise_rgb_event:216, wise_rgb:algo_type = 3
03-08 14:58:33.048  1666 24590 I sensors-hal: get_brightness:1643, light_iface: get_brightness, brl 1529, pwm_turbo_on 0/0, hbm_dc 0
03-08 14:58:33.048  1666 24590 I sensors-hal: handle_oplus_wise_rgb_event:271, wise_rgb: raw_lux 78.355453, raw_cct 5536.196289, r/g/b/c: 11810.293945/7554.795898/5306.567871/20205.046875, R/G/B: 0.000000/0.000000/0.000000, brl 1529.000000, lux: 78.355453, cct: 5536.196289, ts 7530622513500, cnt 37455
03-08 14:58:33.053  1839  1890 D BatteryChargeControl: bcc get no support from charging protocol
03-08 14:58:33.078  2456  3348 D QmiClient: qmiServiceEventCallback recv msg id 1099
03-08 14:58:33.078  2456  3348 D QmiVsClient: enter - onQmiServiceEventCallback msgId 1099
03-08 14:58:33.078  2456  3348 D QmiVsClientEvent: QosPeriodReportInd MSG IND data_len 2052
03-08 14:58:33.078  2456  3348 D QmiVsClientEvent: qmiVsClientNotifyQosPeriodReportIndEvent - RADIO_EVENT_QOS_PERIOD_REPORT_NOTIFY_IND
03-08 14:58:33.079  2456  2505 D VsProxy : handleMessage msg is 2420
03-08 14:58:33.079  2456  2505 D VsProxy : handleQosPeriodReportInd for instance 1 data_len 71
03-08 14:58:33.079  4490  5973 D SubsysRadioIndication: [PHONE1]radioQosPeriodReportInd
03-08 14:58:33.199  1666 24590 I sensors-hal: handle_oplus_wise_rgb_event:216, wise_rgb:algo_type = 3
03-08 14:58:33.199  1666 24590 I sensors-hal: handle_oplus_wise_rgb_event:271, wise_rgb: raw_lux 79.361847, raw_cct 5546.498047, r/g/b/c: 11860.428711/7573.354004/5365.108398/20326.136719, R/G/B: 0.000000/0.000000/0.000000, brl 1529.000000, lux: 79.361847, cct: 5546.498047, ts 7530772210167, cnt 37456
03-08 14:58:33.348  1666 24590 I sensors-hal: handle_oplus_wise_rgb_event:216, wise_rgb:algo_type = 3
03-08 14:58:33.348  1666 24590 I sensors-hal: handle_oplus_wise_rgb_event:271, wise_rgb: raw_lux 75.955879, raw_cct 5800.261719, r/g/b/c: 11930.651367/7506.751465/5403.894043/20416.685547, R/G/B: 0.000000/0.000000/0.000000, brl 1529.000000, lux: 75.955879, cct: 5800.261719, ts 7530921933969, cnt 37457
03-08 14:58:33.427  4398  5013 D CommonApp-104-10077: transport layer data is invalid
03-08 14:58:33.434  4398  5013 D CommonApp-104-10013: transport layer data is invalid
03-08 14:58:33.498  1666 24590 I sensors-hal: handle_oplus_wise_rgb_event:216, wise_rgb:algo_type = 3
03-08 14:58:33.498  1666 24590 I sensors-hal: handle_oplus_wise_rgb_event:271, wise_rgb: raw_lux 76.365356, raw_cct 5768.628906, r/g/b/c: 11950.396484/7554.309082/5414.050293/20396.339844, R/G/B: 0.000000/0.000000/0.000000, brl 1529.000000, lux: 76.365356, cct: 5768.628906, ts 7531071645740, cnt 37458
03-08 14:58:33.530  3191  3624 W Settings: Setting notification_bubbles has moved from android.provider.Settings.Global to android.provider.Settings.Secure, returning read-only value.
03-08 14:58:33.531  3191  3624 W Settings: Setting apply_ramping_ringer has moved from android.provider.Settings.Global to android.provider.Settings.System, returning read-only value.
03-08 14:58:33.537  3191  3624 W SettingsStatsUtil: Can not parse value to float: +network
03-08 14:58:33.647  1666 24590 I sensors-hal: handle_oplus_wise_rgb_event:216, wise_rgb:algo_type = 3
03-08 14:58:33.647  1666 24590 I sensors-hal: handle_oplus_wise_rgb_event:271, wise_rgb: raw_lux 81.048782, raw_cct 5453.800781, r/g/b/c: 11830.549805/7762.934082/5315.888184/20245.736328, R/G/B: 0.000000/0.000000/0.000000, brl 1529.000000, lux: 81.048782, cct: 5453.800781, ts 7531221376573, cnt 37459
03-08 14:58:33.687  1839  1893 D [ANTI_EXPANSION]: mKeyAntiExpansionData :1772951749,1772937520,0,0,0,33,32,32,45,49,34,49,57,50,39,36,59,34,29,32,32,36,31,32,43,37,0,10612,0.C=½.L=115!!!
03-08 14:58:33.688  1839  1893 D [ANTI_EXPANSION]: chg_update_anti_expansion_check_thread In progress: [71,false] [1772953113,6916] [4,3],[0,0,39] 116
03-08 14:58:33.797  1666 24619 I sensors-hal: get_brightness:1643, light_iface: get_brightness, brl 1529, pwm_turbo_on 0/0, hbm_dc 0
03-08 14:58:33.798  1666 24590 I sensors-hal: handle_oplus_wise_rgb_event:216, wise_rgb:algo_type = 3
03-08 14:58:33.798  1666 24590 I sensors-hal: handle_oplus_wise_rgb_event:271, wise_rgb: raw_lux 82.060425, raw_cct 5433.719727, r/g/b/c: 11760.669922/7734.962402/5355.397949/20125.103516, R/G/B: 0.000000/0.000000/0.000000, brl 1529.000000, lux: 82.060425, cct: 5433.719727, ts 7531371080375, cnt 37460
03-08 14:58:33.947  1666 24590 I sensors-hal: handle_oplus_wise_rgb_event:216, wise_rgb:algo_type = 3
03-08 14:58:33.947  1666 24590 I sensors-hal: handle_oplus_wise_rgb_event:271, wise_rgb: raw_lux 80.369446, raw_cct 5527.148926, r/g/b/c: 11730.737305/7611.875977/5306.846680/20164.931641, R/G/B: 0.000000/0.000000/0.000000, brl 1529.000000, lux: 80.369446, cct: 5527.148926, ts 7531520770531, cnt 37461
03-08 14:58:34.056  1839  1890 D BatteryChargeControl: bcc get no support from charging protocol
03-08 14:58:34.096  1666 24590 I sensors-hal: handle_oplus_wise_rgb_event:216, wise_rgb:algo_type = 3
03-08 14:58:34.096  1666 24590 I sensors-hal: handle_oplus_wise_rgb_event:271, wise_rgb: raw_lux 78.919495, raw_cct 5570.019531, r/g/b/c: 11750.826172/7498.202637/5257.570801/20165.277344, R/G/B: 0.000000/0.000000/0.000000, brl 1529.000000, lux: 78.919495, cct: 5570.019531, ts 7531670470115, cnt 37462
03-08 14:58:34.120  4398  6020 D TelephonyImpl: getRealNrState start:1
03-08 14:58:34.246  1666 24619 I sensors-hal: handle_oplus_wise_rgb_event:294, oplus wise_rgb sample: (37463)(cct, lux, ir_ratio, r, g, b, c)[5459, 80, 105, 11771, 7526, 5188, 20235]
03-08 14:58:34.246  1666 24590 I sensors-hal: handle_oplus_wise_rgb_event:216, wise_rgb:algo_type = 3
03-08 14:58:34.246  1666 24590 I sensors-hal: handle_oplus_wise_rgb_event:271, wise_rgb: raw_lux 80.720444, raw_cct 5459.135254, r/g/b/c: 11771.311523/7526.769043/5188.817383/20235.992188, R/G/B: 0.000000/0.000000/0.000000, brl 1529.000000, lux: 80.720444, cct: 5459.135254, ts 7531820125479, cnt 37463
03-08 14:58:34.358  2456  3348 D QmiClient: qmiServiceEventCallback recv msg id 1099
03-08 14:58:34.358  2456  3348 D QmiVsClient: enter - onQmiServiceEventCallback msgId 1099
03-08 14:58:34.358  2456  3348 D QmiVsClientEvent: QosPeriodReportInd MSG IND data_len 2052
